Component: Arm Compiler for Embedded 6.22 Tool: armlink [5ee90200]

==============================================================================

Section Cross References

    main.o(.text.main) refers to systick_time.o(.text.systick_init) for systick_init
    main.o(.text.main) refers to spi_drive.o(.text.spi_init) for spi_init
    main.o(.text.main) refers to systick_time.o(.text.DelayMs) for DelayMs
    main.o(.text.main) refers to spi_drive.o(.text.spi_tx) for spi_tx
    main.o(.text.main) refers to main.o(.rodata.str1.1) for .L.str
    main.o(.text.main) refers to spi_drive.o(.text.spi_msg) for spi_msg
    main.o(.ARM.exidx.text.main) refers to main.o(.text.main) for [Anonymous Symbol]
    gp_drive.o(.ARM.exidx.text.init_GP) refers to gp_drive.o(.text.init_GP) for [Anonymous Symbol]
    gp_drive.o(.ARM.exidx.text.R_GP) refers to gp_drive.o(.text.R_GP) for [Anonymous Symbol]
    gp_drive.o(.ARM.exidx.text.W_GP) refers to gp_drive.o(.text.W_GP) for [Anonymous Symbol]
    gp_drive.o(.text.toggle_GP) refers to gp_drive.o(.text.R_GP) for R_GP
    gp_drive.o(.text.toggle_GP) refers to gp_drive.o(.text.W_GP) for W_GP
    gp_drive.o(.ARM.exidx.text.toggle_GP) refers to gp_drive.o(.text.toggle_GP) for [Anonymous Symbol]
    gp_drive.o(.ARM.exidx.text.PINc) refers to gp_drive.o(.text.PINc) for [Anonymous Symbol]
    gp_drive.o(.text.B_init) refers to gp_drive.o(.text.init_GP) for init_GP
    gp_drive.o(.ARM.exidx.text.B_init) refers to gp_drive.o(.text.B_init) for [Anonymous Symbol]
    gp_drive.o(.text.BLED) refers to gp_drive.o(.text.W_GP) for W_GP
    gp_drive.o(.ARM.exidx.text.BLED) refers to gp_drive.o(.text.BLED) for [Anonymous Symbol]
    gp_drive.o(.text.Digital_Input) refers to gp_drive.o(.text.init_GP) for init_GP
    gp_drive.o(.ARM.exidx.text.Digital_Input) refers to gp_drive.o(.text.Digital_Input) for [Anonymous Symbol]
    gp_drive.o(.text.Digital_Output) refers to gp_drive.o(.text.init_GP) for init_GP
    gp_drive.o(.ARM.exidx.text.Digital_Output) refers to gp_drive.o(.text.Digital_Output) for [Anonymous Symbol]
    uart_drive.o(.text.UART_init) refers to uart_drive.o(.text.USART_BRR) for USART_BRR
    uart_drive.o(.text.UART_init) refers to gp_drive.o(.text.init_GP) for init_GP
    uart_drive.o(.text.UART_init) refers to uart_drive.o(.text.__NVIC_EnableIRQ) for __NVIC_EnableIRQ
    uart_drive.o(.ARM.exidx.text.UART_init) refers to uart_drive.o(.text.UART_init) for [Anonymous Symbol]
    uart_drive.o(.text.USART_BRR) refers to dflt_clz.o(x$fpl$dfltu) for __aeabi_ui2d
    uart_drive.o(.text.USART_BRR) refers to ddiv.o(x$fpl$ddiv) for __aeabi_ddiv
    uart_drive.o(.text.USART_BRR) refers to daddsub_clz.o(x$fpl$dsub) for __aeabi_dsub
    uart_drive.o(.text.USART_BRR) refers to dmul.o(x$fpl$dmul) for __aeabi_dmul
    uart_drive.o(.text.USART_BRR) refers to dfixu.o(x$fpl$dfixu) for __aeabi_d2uiz
    uart_drive.o(.text.USART_BRR) refers to dcmp.o(x$fpl$fcmp) for __aeabi_dcmple
    uart_drive.o(.ARM.exidx.text.USART_BRR) refers to uart_drive.o(.text.USART_BRR) for [Anonymous Symbol]
    uart_drive.o(.ARM.exidx.text.__NVIC_EnableIRQ) refers to uart_drive.o(.text.__NVIC_EnableIRQ) for [Anonymous Symbol]
    uart_drive.o(.ARM.exidx.text.UART_RX) refers to uart_drive.o(.text.UART_RX) for [Anonymous Symbol]
    uart_drive.o(.ARM.exidx.text.UART_TX) refers to uart_drive.o(.text.UART_TX) for [Anonymous Symbol]
    uart_drive.o(.text.UART_ISR) refers to uart_drive.o(.text.UART_RX) for UART_RX
    uart_drive.o(.text.UART_ISR) refers to systick_time.o(.text.systick_int_start) for systick_int_start
    uart_drive.o(.text.UART_ISR) refers to uart_drive.o(.text.UART_TX) for UART_TX
    uart_drive.o(.ARM.exidx.text.UART_ISR) refers to uart_drive.o(.text.UART_ISR) for [Anonymous Symbol]
    uart_drive.o(.text.UART_SEND) refers to uart_drive.o(.text.UART_TX) for UART_TX
    uart_drive.o(.ARM.exidx.text.UART_SEND) refers to uart_drive.o(.text.UART_SEND) for [Anonymous Symbol]
    uart_drive.o(.text.UART_msg) refers to uart_drive.o(.text.UART_SEND) for UART_SEND
    uart_drive.o(.ARM.exidx.text.UART_msg) refers to uart_drive.o(.text.UART_msg) for [Anonymous Symbol]
    spi_drive.o(.text.spi_init) refers to gp_drive.o(.text.init_GP) for init_GP
    spi_drive.o(.text.spi_init) refers to gp_drive.o(.text.W_GP) for W_GP
    spi_drive.o(.ARM.exidx.text.spi_init) refers to spi_drive.o(.text.spi_init) for [Anonymous Symbol]
    spi_drive.o(.text.spi_tx) refers to gp_drive.o(.text.W_GP) for W_GP
    spi_drive.o(.ARM.exidx.text.spi_tx) refers to spi_drive.o(.text.spi_tx) for [Anonymous Symbol]
    spi_drive.o(.text.spi_msg) refers to gp_drive.o(.text.W_GP) for W_GP
    spi_drive.o(.ARM.exidx.text.spi_msg) refers to spi_drive.o(.text.spi_msg) for [Anonymous Symbol]
    spi_drive.o(.ARM.exidx.text.spi_rx) refers to spi_drive.o(.text.spi_rx) for [Anonymous Symbol]
    spi_drive.o(.text.spi_cs) refers to gp_drive.o(.text.W_GP) for W_GP
    spi_drive.o(.ARM.exidx.text.spi_cs) refers to spi_drive.o(.text.spi_cs) for [Anonymous Symbol]
    i2c_drive.o(.text.i2c_init) refers to gp_drive.o(.text.init_GP) for init_GP
    i2c_drive.o(.ARM.exidx.text.i2c_init) refers to i2c_drive.o(.text.i2c_init) for [Anonymous Symbol]
    i2c_drive.o(.ARM.exidx.text.i2c_start) refers to i2c_drive.o(.text.i2c_start) for [Anonymous Symbol]
    i2c_drive.o(.ARM.exidx.text.i2c_add) refers to i2c_drive.o(.text.i2c_add) for [Anonymous Symbol]
    i2c_drive.o(.ARM.exidx.text.i2c_data) refers to i2c_drive.o(.text.i2c_data) for [Anonymous Symbol]
    i2c_drive.o(.ARM.exidx.text.i2c_stop) refers to i2c_drive.o(.text.i2c_stop) for [Anonymous Symbol]
    i2c_drive.o(.text.i2c_write) refers to i2c_drive.o(.text.i2c_start) for i2c_start
    i2c_drive.o(.text.i2c_write) refers to i2c_drive.o(.text.i2c_add) for i2c_add
    i2c_drive.o(.text.i2c_write) refers to i2c_drive.o(.text.i2c_data) for i2c_data
    i2c_drive.o(.text.i2c_write) refers to i2c_drive.o(.text.i2c_stop) for i2c_stop
    i2c_drive.o(.ARM.exidx.text.i2c_write) refers to i2c_drive.o(.text.i2c_write) for [Anonymous Symbol]
    i2c_drive.o(.ARM.exidx.text.i2c_rx) refers to i2c_drive.o(.text.i2c_rx) for [Anonymous Symbol]
    adc_drive.o(.text.adc_init) refers to gp_drive.o(.text.init_GP) for init_GP
    adc_drive.o(.text.adc_init) refers to systick_time.o(.text.DelayMs) for DelayMs
    adc_drive.o(.ARM.exidx.text.adc_init) refers to adc_drive.o(.text.adc_init) for [Anonymous Symbol]
    adc_drive.o(.ARM.exidx.text.adc_check) refers to adc_drive.o(.text.adc_check) for [Anonymous Symbol]
    adc_drive.o(.ARM.exidx.text.adc_rx) refers to adc_drive.o(.text.adc_rx) for [Anonymous Symbol]
    adc_drive.o(.text.adc_irq) refers to adc_drive.o(.text.adc_init) for adc_init
    adc_drive.o(.text.adc_irq) refers to adc_drive.o(.text.__NVIC_EnableIRQ) for __NVIC_EnableIRQ
    adc_drive.o(.ARM.exidx.text.adc_irq) refers to adc_drive.o(.text.adc_irq) for [Anonymous Symbol]
    adc_drive.o(.ARM.exidx.text.__NVIC_EnableIRQ) refers to adc_drive.o(.text.__NVIC_EnableIRQ) for [Anonymous Symbol]
    adc_drive.o(.text.adc_wd) refers to adc_drive.o(.text.adc_init) for adc_init
    adc_drive.o(.text.adc_wd) refers to adc_drive.o(.text.__NVIC_EnableIRQ) for __NVIC_EnableIRQ
    adc_drive.o(.ARM.exidx.text.adc_wd) refers to adc_drive.o(.text.adc_wd) for [Anonymous Symbol]
    adc_drive.o(.text.adc_multi_ch_init) refers to gp_drive.o(.text.init_GP) for init_GP
    adc_drive.o(.text.adc_multi_ch_init) refers to systick_time.o(.text.DelayMs) for DelayMs
    adc_drive.o(.ARM.exidx.text.adc_multi_ch_init) refers to adc_drive.o(.text.adc_multi_ch_init) for [Anonymous Symbol]
    adc_drive.o(.text.adc_multi_ch_rx) refers to adc_drive.o(.text.adc_check) for adc_check
    adc_drive.o(.ARM.exidx.text.adc_multi_ch_rx) refers to adc_drive.o(.text.adc_multi_ch_rx) for [Anonymous Symbol]
    timer_drive.o(.ARM.exidx.text.get_timer) refers to timer_drive.o(.text.get_timer) for [Anonymous Symbol]
    timer_drive.o(.text.timer_start_micros) refers to timer_drive.o(.text.get_timer) for get_timer
    timer_drive.o(.ARM.exidx.text.timer_start_micros) refers to timer_drive.o(.text.timer_start_micros) for [Anonymous Symbol]
    timer_drive.o(.text.timer_start_millis) refers to timer_drive.o(.text.get_timer) for get_timer
    timer_drive.o(.ARM.exidx.text.timer_start_millis) refers to timer_drive.o(.text.timer_start_millis) for [Anonymous Symbol]
    timer_drive.o(.text.get_time_micros) refers to timer_drive.o(.text.get_timer) for get_timer
    timer_drive.o(.ARM.exidx.text.get_time_micros) refers to timer_drive.o(.text.get_time_micros) for [Anonymous Symbol]
    timer_drive.o(.text.get_time_millis) refers to timer_drive.o(.text.get_time_micros) for get_time_micros
    timer_drive.o(.ARM.exidx.text.get_time_millis) refers to timer_drive.o(.text.get_time_millis) for [Anonymous Symbol]
    timer_drive.o(.text.TDelay_Micros) refers to timer_drive.o(.text.timer_start_micros) for timer_start_micros
    timer_drive.o(.ARM.exidx.text.TDelay_Micros) refers to timer_drive.o(.text.TDelay_Micros) for [Anonymous Symbol]
    timer_drive.o(.text.TDelay_Millis) refers to timer_drive.o(.text.TDelay_Micros) for TDelay_Micros
    timer_drive.o(.ARM.exidx.text.TDelay_Millis) refers to timer_drive.o(.text.TDelay_Millis) for [Anonymous Symbol]
    timer_drive.o(.text.TDelay_Micro) refers to timer_drive.o(.text.TDelay_Micros) for TDelay_Micros
    timer_drive.o(.ARM.exidx.text.TDelay_Micro) refers to timer_drive.o(.text.TDelay_Micro) for [Anonymous Symbol]
    timer_drive.o(.text.TDelay_Milli) refers to timer_drive.o(.text.TDelay_Millis) for TDelay_Millis
    timer_drive.o(.ARM.exidx.text.TDelay_Milli) refers to timer_drive.o(.text.TDelay_Milli) for [Anonymous Symbol]
    timer_drive.o(.text.timer_irq_micro_start) refers to timer_drive.o(.text.timer_start_micros) for timer_start_micros
    timer_drive.o(.text.timer_irq_micro_start) refers to timer_drive.o(.text.__NVIC_EnableIRQ) for __NVIC_EnableIRQ
    timer_drive.o(.ARM.exidx.text.timer_irq_micro_start) refers to timer_drive.o(.text.timer_irq_micro_start) for [Anonymous Symbol]
    timer_drive.o(.ARM.exidx.text.__NVIC_EnableIRQ) refers to timer_drive.o(.text.__NVIC_EnableIRQ) for [Anonymous Symbol]
    timer_drive.o(.text.timer_irq_millis_start) refers to timer_drive.o(.text.timer_start_millis) for timer_start_millis
    timer_drive.o(.text.timer_irq_millis_start) refers to timer_drive.o(.text.__NVIC_EnableIRQ) for __NVIC_EnableIRQ
    timer_drive.o(.ARM.exidx.text.timer_irq_millis_start) refers to timer_drive.o(.text.timer_irq_millis_start) for [Anonymous Symbol]
    timer_drive.o(.text.timer_irq_Rflag) refers to timer_drive.o(.text.get_timer) for get_timer
    timer_drive.o(.ARM.exidx.text.timer_irq_Rflag) refers to timer_drive.o(.text.timer_irq_Rflag) for [Anonymous Symbol]
    timer_drive.o(.text.timer_irq_stop) refers to timer_drive.o(.text.get_timer) for get_timer
    timer_drive.o(.text.timer_irq_stop) refers to timer_drive.o(.text.__NVIC_DisableIRQ) for __NVIC_DisableIRQ
    timer_drive.o(.ARM.exidx.text.timer_irq_stop) refers to timer_drive.o(.text.timer_irq_stop) for [Anonymous Symbol]
    timer_drive.o(.ARM.exidx.text.__NVIC_DisableIRQ) refers to timer_drive.o(.text.__NVIC_DisableIRQ) for [Anonymous Symbol]
    timer_drive.o(.text.timer_stop) refers to timer_drive.o(.text.get_timer) for get_timer
    timer_drive.o(.text.timer_stop) refers to timer_drive.o(.text.timer_irq_stop) for timer_irq_stop
    timer_drive.o(.ARM.exidx.text.timer_stop) refers to timer_drive.o(.text.timer_stop) for [Anonymous Symbol]
    timer_drive.o(.ARM.exidx.text.get_channel) refers to timer_drive.o(.text.get_channel) for [Anonymous Symbol]
    timer_drive.o(.ARM.exidx.text.get_timer_pin) refers to timer_drive.o(.text.get_timer_pin) for [Anonymous Symbol]
    timer_drive.o(.ARM.exidx.text.get_timer_address) refers to timer_drive.o(.text.get_timer_address) for [Anonymous Symbol]
    timer_drive.o(.text.timer_compare_micro) refers to timer_drive.o(.text.get_timer_address) for get_timer_address
    timer_drive.o(.text.timer_compare_micro) refers to timer_drive.o(.text.get_timer_pin) for get_timer_pin
    timer_drive.o(.text.timer_compare_micro) refers to timer_drive.o(.text.get_channel) for get_channel
    timer_drive.o(.text.timer_compare_micro) refers to gp_drive.o(.text.init_GP) for init_GP
    timer_drive.o(.ARM.exidx.text.timer_compare_micro) refers to timer_drive.o(.text.timer_compare_micro) for [Anonymous Symbol]
    timer_drive.o(.text.timer_compare_milli) refers to timer_drive.o(.text.get_timer_address) for get_timer_address
    timer_drive.o(.text.timer_compare_milli) refers to timer_drive.o(.text.get_timer_pin) for get_timer_pin
    timer_drive.o(.text.timer_compare_milli) refers to timer_drive.o(.text.get_channel) for get_channel
    timer_drive.o(.text.timer_compare_milli) refers to gp_drive.o(.text.init_GP) for init_GP
    timer_drive.o(.ARM.exidx.text.timer_compare_milli) refers to timer_drive.o(.text.timer_compare_milli) for [Anonymous Symbol]
    timer_drive.o(.text.timer_pwm_micro) refers to timer_drive.o(.text.get_timer_address) for get_timer_address
    timer_drive.o(.text.timer_pwm_micro) refers to timer_drive.o(.text.get_timer_pin) for get_timer_pin
    timer_drive.o(.text.timer_pwm_micro) refers to timer_drive.o(.text.get_channel) for get_channel
    timer_drive.o(.text.timer_pwm_micro) refers to gp_drive.o(.text.init_GP) for init_GP
    timer_drive.o(.ARM.exidx.text.timer_pwm_micro) refers to timer_drive.o(.text.timer_pwm_micro) for [Anonymous Symbol]
    timer_drive.o(.text.timer_pwm_milli) refers to timer_drive.o(.text.get_timer_address) for get_timer_address
    timer_drive.o(.text.timer_pwm_milli) refers to timer_drive.o(.text.get_timer_pin) for get_timer_pin
    timer_drive.o(.text.timer_pwm_milli) refers to timer_drive.o(.text.get_channel) for get_channel
    timer_drive.o(.text.timer_pwm_milli) refers to gp_drive.o(.text.init_GP) for init_GP
    timer_drive.o(.ARM.exidx.text.timer_pwm_milli) refers to timer_drive.o(.text.timer_pwm_milli) for [Anonymous Symbol]
    systick_time.o(.ARM.exidx.text.systick_init) refers to systick_time.o(.text.systick_init) for [Anonymous Symbol]
    systick_time.o(.ARM.exidx.text.Delaymicro) refers to systick_time.o(.text.Delaymicro) for [Anonymous Symbol]
    systick_time.o(.text.DelayUs) refers to systick_time.o(.text.Delaymicro) for Delaymicro
    systick_time.o(.ARM.exidx.text.DelayUs) refers to systick_time.o(.text.DelayUs) for [Anonymous Symbol]
    systick_time.o(.ARM.exidx.text.DelayMillis) refers to systick_time.o(.text.DelayMillis) for [Anonymous Symbol]
    systick_time.o(.text.DelayMs) refers to systick_time.o(.text.DelayMillis) for DelayMillis
    systick_time.o(.ARM.exidx.text.DelayMs) refers to systick_time.o(.text.DelayMs) for [Anonymous Symbol]
    systick_time.o(.ARM.exidx.text.systick_int_start) refers to systick_time.o(.text.systick_int_start) for [Anonymous Symbol]
    systick_time.o(.text.systick_int) refers to systick_time.o(.text.systick_init) for systick_init
    systick_time.o(.ARM.exidx.text.systick_int) refers to systick_time.o(.text.systick_int) for [Anonymous Symbol]
    lcd16x2.o(.text.pin_output) refers to gp_drive.o(.text.Digital_Output) for Digital_Output
    lcd16x2.o(.ARM.exidx.text.pin_output) refers to lcd16x2.o(.text.pin_output) for [Anonymous Symbol]
    lcd16x2.o(.text.lcd_rs) refers to gp_drive.o(.text.W_GP) for W_GP
    lcd16x2.o(.ARM.exidx.text.lcd_rs) refers to lcd16x2.o(.text.lcd_rs) for [Anonymous Symbol]
    lcd16x2.o(.text.lcd_rw) refers to gp_drive.o(.text.W_GP) for W_GP
    lcd16x2.o(.ARM.exidx.text.lcd_rw) refers to lcd16x2.o(.text.lcd_rw) for [Anonymous Symbol]
    lcd16x2.o(.text.lcd_e) refers to gp_drive.o(.text.W_GP) for W_GP
    lcd16x2.o(.ARM.exidx.text.lcd_e) refers to lcd16x2.o(.text.lcd_e) for [Anonymous Symbol]
    lcd16x2.o(.text.lcd_data) refers to lcd16x2.o(.text.pin_output) for pin_output
    lcd16x2.o(.text.lcd_data) refers to lcd16x2.o(.text.lcd_rs) for lcd_rs
    lcd16x2.o(.text.lcd_data) refers to lcd16x2.o(.text.lcd_rw) for lcd_rw
    lcd16x2.o(.text.lcd_data) refers to systick_time.o(.text.DelayUs) for DelayUs
    lcd16x2.o(.text.lcd_data) refers to lcd16x2.o(.text.lcd_e) for lcd_e
    lcd16x2.o(.ARM.exidx.text.lcd_data) refers to lcd16x2.o(.text.lcd_data) for [Anonymous Symbol]
    lcd16x2.o(.text.lcd_cmd) refers to lcd16x2.o(.text.pin_output) for pin_output
    lcd16x2.o(.text.lcd_cmd) refers to lcd16x2.o(.text.lcd_rs) for lcd_rs
    lcd16x2.o(.text.lcd_cmd) refers to lcd16x2.o(.text.lcd_rw) for lcd_rw
    lcd16x2.o(.text.lcd_cmd) refers to systick_time.o(.text.DelayUs) for DelayUs
    lcd16x2.o(.text.lcd_cmd) refers to lcd16x2.o(.text.lcd_e) for lcd_e
    lcd16x2.o(.ARM.exidx.text.lcd_cmd) refers to lcd16x2.o(.text.lcd_cmd) for [Anonymous Symbol]
    lcd16x2.o(.text.lcd_init) refers to lcd16x2.o(.text.pin_output) for pin_output
    lcd16x2.o(.text.lcd_init) refers to systick_time.o(.text.DelayMs) for DelayMs
    lcd16x2.o(.text.lcd_init) refers to lcd16x2.o(.text.lcd_rs) for lcd_rs
    lcd16x2.o(.text.lcd_init) refers to lcd16x2.o(.text.lcd_rw) for lcd_rw
    lcd16x2.o(.text.lcd_init) refers to systick_time.o(.text.DelayUs) for DelayUs
    lcd16x2.o(.text.lcd_init) refers to lcd16x2.o(.text.lcd_e) for lcd_e
    lcd16x2.o(.text.lcd_init) refers to lcd16x2.o(.text.lcd_cmd) for lcd_cmd
    lcd16x2.o(.ARM.exidx.text.lcd_init) refers to lcd16x2.o(.text.lcd_init) for [Anonymous Symbol]
    lcd16x2.o(.text.lcd_send) refers to lcd16x2.o(.text.lcd_data) for lcd_data
    lcd16x2.o(.text.lcd_send) refers to systick_time.o(.text.DelayUs) for DelayUs
    lcd16x2.o(.ARM.exidx.text.lcd_send) refers to lcd16x2.o(.text.lcd_send) for [Anonymous Symbol]
    lcd16x2.o(.text.lcd_msg) refers to lcd16x2.o(.text.lcd_cmd) for lcd_cmd
    lcd16x2.o(.text.lcd_msg) refers to systick_time.o(.text.DelayUs) for DelayUs
    lcd16x2.o(.text.lcd_msg) refers to lcd16x2.o(.text.lcd_send) for lcd_send
    lcd16x2.o(.ARM.exidx.text.lcd_msg) refers to lcd16x2.o(.text.lcd_msg) for [Anonymous Symbol]
    lcd16x2.o(.text.lcd_i2c_data) refers to pcf8574.o(.text.PCF8574_tx_byte) for PCF8574_tx_byte
    lcd16x2.o(.text.lcd_i2c_data) refers to systick_time.o(.text.DelayUs) for DelayUs
    lcd16x2.o(.ARM.exidx.text.lcd_i2c_data) refers to lcd16x2.o(.text.lcd_i2c_data) for [Anonymous Symbol]
    lcd16x2.o(.text.lcd_i2c_cmd) refers to pcf8574.o(.text.PCF8574_tx_byte) for PCF8574_tx_byte
    lcd16x2.o(.text.lcd_i2c_cmd) refers to systick_time.o(.text.DelayUs) for DelayUs
    lcd16x2.o(.ARM.exidx.text.lcd_i2c_cmd) refers to lcd16x2.o(.text.lcd_i2c_cmd) for [Anonymous Symbol]
    lcd16x2.o(.text.lcd_i2c_init) refers to i2c_drive.o(.text.i2c_init) for i2c_init
    lcd16x2.o(.text.lcd_i2c_init) refers to systick_time.o(.text.DelayMs) for DelayMs
    lcd16x2.o(.text.lcd_i2c_init) refers to pcf8574.o(.text.PCF8574_tx_byte) for PCF8574_tx_byte
    lcd16x2.o(.text.lcd_i2c_init) refers to systick_time.o(.text.DelayUs) for DelayUs
    lcd16x2.o(.text.lcd_i2c_init) refers to lcd16x2.o(.text.lcd_i2c_cmd) for lcd_i2c_cmd
    lcd16x2.o(.ARM.exidx.text.lcd_i2c_init) refers to lcd16x2.o(.text.lcd_i2c_init) for [Anonymous Symbol]
    lcd16x2.o(.text.lcd_i2c_send) refers to lcd16x2.o(.text.lcd_i2c_data) for lcd_i2c_data
    lcd16x2.o(.text.lcd_i2c_send) refers to systick_time.o(.text.DelayUs) for DelayUs
    lcd16x2.o(.ARM.exidx.text.lcd_i2c_send) refers to lcd16x2.o(.text.lcd_i2c_send) for [Anonymous Symbol]
    lcd16x2.o(.text.lcd_i2c_msg) refers to lcd16x2.o(.text.lcd_i2c_cmd) for lcd_i2c_cmd
    lcd16x2.o(.text.lcd_i2c_msg) refers to systick_time.o(.text.DelayUs) for DelayUs
    lcd16x2.o(.text.lcd_i2c_msg) refers to lcd16x2.o(.text.lcd_i2c_send) for lcd_i2c_send
    lcd16x2.o(.ARM.exidx.text.lcd_i2c_msg) refers to lcd16x2.o(.text.lcd_i2c_msg) for [Anonymous Symbol]
    lcd16x2.o(.text.lcd_blank_1) refers to lcd16x2.o(.rodata.str1.1) for .L.str
    lcd16x2.o(.text.lcd_blank_1) refers to lcd16x2.o(.text.lcd_i2c_msg) for lcd_i2c_msg
    lcd16x2.o(.ARM.exidx.text.lcd_blank_1) refers to lcd16x2.o(.text.lcd_blank_1) for [Anonymous Symbol]
    lcd16x2.o(.text.lcd_blank_2) refers to lcd16x2.o(.rodata.str1.1) for .L.str
    lcd16x2.o(.text.lcd_blank_2) refers to lcd16x2.o(.text.lcd_i2c_msg) for lcd_i2c_msg
    lcd16x2.o(.ARM.exidx.text.lcd_blank_2) refers to lcd16x2.o(.text.lcd_blank_2) for [Anonymous Symbol]
    lcd16x2.o(.text.lcd_blank_12) refers to lcd16x2.o(.text.lcd_blank_1) for lcd_blank_1
    lcd16x2.o(.text.lcd_blank_12) refers to lcd16x2.o(.text.lcd_blank_2) for lcd_blank_2
    lcd16x2.o(.ARM.exidx.text.lcd_blank_12) refers to lcd16x2.o(.text.lcd_blank_12) for [Anonymous Symbol]
    pcf8574.o(.text.PCF8574_add) refers to i2c_drive.o(.text.i2c_add) for i2c_add
    pcf8574.o(.ARM.exidx.text.PCF8574_add) refers to pcf8574.o(.text.PCF8574_add) for [Anonymous Symbol]
    pcf8574.o(.text.PCF8574_tx_byte) refers to i2c_drive.o(.text.i2c_start) for i2c_start
    pcf8574.o(.text.PCF8574_tx_byte) refers to pcf8574.o(.text.PCF8574_add) for PCF8574_add
    pcf8574.o(.text.PCF8574_tx_byte) refers to i2c_drive.o(.text.i2c_data) for i2c_data
    pcf8574.o(.text.PCF8574_tx_byte) refers to i2c_drive.o(.text.i2c_stop) for i2c_stop
    pcf8574.o(.ARM.exidx.text.PCF8574_tx_byte) refers to pcf8574.o(.text.PCF8574_tx_byte) for [Anonymous Symbol]
    startup_stm32f10x_md.o(STACK) refers (Special) to heapauxi.o(.text) for __use_two_region_memory
    startup_stm32f10x_md.o(HEAP) refers (Special) to heapauxi.o(.text) for __use_two_region_memory
    startup_stm32f10x_md.o(RESET) refers (Special) to heapauxi.o(.text) for __use_two_region_memory
    startup_stm32f10x_md.o(RESET) refers to startup_stm32f10x_md.o(STACK) for __initial_sp
    startup_stm32f10x_md.o(RESET) refers to startup_stm32f10x_md.o(.text) for Reset_Handler
    startup_stm32f10x_md.o(.text) refers (Special) to heapauxi.o(.text) for __use_two_region_memory
    startup_stm32f10x_md.o(.text) refers to system_stm32f10x.o(.text.SystemInit) for SystemInit
    startup_stm32f10x_md.o(.text) refers to __main.o(!!!main) for __main
    startup_stm32f10x_md.o(.text) refers to startup_stm32f10x_md.o(HEAP) for Heap_Mem
    startup_stm32f10x_md.o(.text) refers to startup_stm32f10x_md.o(STACK) for Stack_Mem
    system_stm32f10x.o(.text.SystemInit) refers to system_stm32f10x.o(.text.SetSysClock) for SetSysClock
    system_stm32f10x.o(.ARM.exidx.text.SystemInit) refers to system_stm32f10x.o(.text.SystemInit) for [Anonymous Symbol]
    system_stm32f10x.o(.text.SetSysClock) refers to system_stm32f10x.o(.text.SetSysClockTo72) for SetSysClockTo72
    system_stm32f10x.o(.ARM.exidx.text.SetSysClock) refers to system_stm32f10x.o(.text.SetSysClock) for [Anonymous Symbol]
    system_stm32f10x.o(.text.SystemCoreClockUpdate) refers to system_stm32f10x.o(.data.SystemCoreClock) for SystemCoreClock
    system_stm32f10x.o(.text.SystemCoreClockUpdate) refers to system_stm32f10x.o(.rodata.AHBPrescTable) for AHBPrescTable
    system_stm32f10x.o(.ARM.exidx.text.SystemCoreClockUpdate) refers to system_stm32f10x.o(.text.SystemCoreClockUpdate) for [Anonymous Symbol]
    system_stm32f10x.o(.ARM.exidx.text.SetSysClockTo72) refers to system_stm32f10x.o(.text.SetSysClockTo72) for [Anonymous Symbol]
    __main.o(!!!main) refers to __rtentry.o(.ARM.Collect$$rtentry$$00000000) for __rt_entry
    daddsub_clz.o(x$fpl$dadd) refers (Special) to usenofp.o(x$fpl$usenofp) for __I$use$fp
    daddsub_clz.o(x$fpl$dadd) refers to daddsub_clz.o(x$fpl$dsub) for _dsub1
    daddsub_clz.o(x$fpl$dadd) refers to dretinf.o(x$fpl$dretinf) for __fpl_dretinf
    daddsub_clz.o(x$fpl$dadd) refers to dnaninf.o(x$fpl$dnaninf) for __fpl_dnaninf
    daddsub_clz.o(x$fpl$drsb) refers (Special) to usenofp.o(x$fpl$usenofp) for __I$use$fp
    daddsub_clz.o(x$fpl$drsb) refers to daddsub_clz.o(x$fpl$dadd) for _dadd1
    daddsub_clz.o(x$fpl$drsb) refers to daddsub_clz.o(x$fpl$dsub) for _dsub1
    daddsub_clz.o(x$fpl$dsub) refers (Special) to usenofp.o(x$fpl$usenofp) for __I$use$fp
    daddsub_clz.o(x$fpl$dsub) refers to daddsub_clz.o(x$fpl$dadd) for _dadd1
    daddsub_clz.o(x$fpl$dsub) refers to dnaninf.o(x$fpl$dnaninf) for __fpl_dnaninf
    dcmp.o(x$fpl$fcmp) refers (Special) to usenofp.o(x$fpl$usenofp) for __I$use$fp
    dcmp.o(x$fpl$fcmp) refers to deqf.o(x$fpl$deqf) for _dcmpeq
    dcmp.o(x$fpl$fcmp) refers to dgeqf.o(x$fpl$dgeqf) for _dcmpge
    dcmp.o(x$fpl$fcmp) refers to dleqf.o(x$fpl$dleqf) for _dcmple
    ddiv.o(x$fpl$drdiv) refers (Special) to usenofp.o(x$fpl$usenofp) for __I$use$fp
    ddiv.o(x$fpl$drdiv) refers to ddiv.o(x$fpl$ddiv) for ddiv_entry
    ddiv.o(x$fpl$ddiv) refers (Special) to usenofp.o(x$fpl$usenofp) for __I$use$fp
    ddiv.o(x$fpl$ddiv) refers to dretinf.o(x$fpl$dretinf) for __fpl_dretinf
    ddiv.o(x$fpl$ddiv) refers to dnaninf.o(x$fpl$dnaninf) for __fpl_dnaninf
    dfixu.o(x$fpl$dfixu) refers (Special) to usenofp.o(x$fpl$usenofp) for __I$use$fp
    dfixu.o(x$fpl$dfixu) refers to dnaninf.o(x$fpl$dnaninf) for __fpl_dnaninf
    dfixu.o(x$fpl$dfixur) refers (Special) to usenofp.o(x$fpl$usenofp) for __I$use$fp
    dfixu.o(x$fpl$dfixur) refers to dnaninf.o(x$fpl$dnaninf) for __fpl_dnaninf
    dflt_clz.o(x$fpl$dfltu) refers (Special) to usenofp.o(x$fpl$usenofp) for __I$use$fp
    dflt_clz.o(x$fpl$dflt) refers (Special) to usenofp.o(x$fpl$usenofp) for __I$use$fp
    dflt_clz.o(x$fpl$dfltn) refers (Special) to usenofp.o(x$fpl$usenofp) for __I$use$fp
    dmul.o(x$fpl$dmul) refers (Special) to usenofp.o(x$fpl$usenofp) for __I$use$fp
    dmul.o(x$fpl$dmul) refers to dretinf.o(x$fpl$dretinf) for __fpl_dretinf
    dmul.o(x$fpl$dmul) refers to dnaninf.o(x$fpl$dnaninf) for __fpl_dnaninf
    __rtentry.o(.ARM.Collect$$rtentry$$00000000) refers (Special) to __rtentry2.o(.ARM.Collect$$rtentry$$0000000A) for __rt_entry_li
    __rtentry.o(.ARM.Collect$$rtentry$$00000000) refers (Special) to __rtentry2.o(.ARM.Collect$$rtentry$$0000000D) for __rt_entry_main
    __rtentry.o(.ARM.Collect$$rtentry$$00000000) refers (Special) to __rtentry2.o(.ARM.Collect$$rtentry$$0000000C) for __rt_entry_postli_1
    __rtentry.o(.ARM.Collect$$rtentry$$00000000) refers (Special) to __rtentry2.o(.ARM.Collect$$rtentry$$00000009) for __rt_entry_postsh_1
    __rtentry.o(.ARM.Collect$$rtentry$$00000000) refers (Special) to __rtentry2.o(.ARM.Collect$$rtentry$$00000002) for __rt_entry_presh_1
    __rtentry.o(.ARM.Collect$$rtentry$$00000000) refers (Special) to __rtentry4.o(.ARM.Collect$$rtentry$$00000004) for __rt_entry_sh
    deqf.o(x$fpl$deqf) refers (Special) to usenofp.o(x$fpl$usenofp) for __I$use$fp
    deqf.o(x$fpl$deqf) refers to dnaninf.o(x$fpl$dnaninf) for __fpl_dnaninf
    deqf.o(x$fpl$deqf) refers to dcmpi.o(x$fpl$dcmpinf) for __fpl_dcmp_Inf
    dgeqf.o(x$fpl$dgeqf) refers (Special) to usenofp.o(x$fpl$usenofp) for __I$use$fp
    dgeqf.o(x$fpl$dgeqf) refers to dnaninf.o(x$fpl$dnaninf) for __fpl_dnaninf
    dgeqf.o(x$fpl$dgeqf) refers to dcmpi.o(x$fpl$dcmpinf) for __fpl_dcmp_Inf
    dleqf.o(x$fpl$dleqf) refers (Special) to usenofp.o(x$fpl$usenofp) for __I$use$fp
    dleqf.o(x$fpl$dleqf) refers to dnaninf.o(x$fpl$dnaninf) for __fpl_dnaninf
    dleqf.o(x$fpl$dleqf) refers to dcmpi.o(x$fpl$dcmpinf) for __fpl_dcmp_Inf
    dnaninf.o(x$fpl$dnaninf) refers (Special) to usenofp.o(x$fpl$usenofp) for __I$use$fp
    dretinf.o(x$fpl$dretinf) refers (Special) to usenofp.o(x$fpl$usenofp) for __I$use$fp
    __rtentry2.o(.ARM.Collect$$rtentry$$00000008) refers to boardinit2.o(.text) for _platform_post_stackheap_init
    __rtentry2.o(.ARM.Collect$$rtentry$$0000000A) refers to libinit.o(.ARM.Collect$$libinit$$00000000) for __rt_lib_init
    __rtentry2.o(.ARM.Collect$$rtentry$$0000000B) refers to boardinit3.o(.text) for _platform_post_lib_init
    __rtentry2.o(.ARM.Collect$$rtentry$$0000000D) refers to main.o(.text.main) for main
    __rtentry2.o(.ARM.Collect$$rtentry$$0000000D) refers to exit.o(.text) for exit
    __rtentry2.o(.ARM.exidx) refers to __rtentry2.o(.ARM.Collect$$rtentry$$00000001) for .ARM.Collect$$rtentry$$00000001
    __rtentry2.o(.ARM.exidx) refers to __rtentry2.o(.ARM.Collect$$rtentry$$00000008) for .ARM.Collect$$rtentry$$00000008
    __rtentry2.o(.ARM.exidx) refers to __rtentry2.o(.ARM.Collect$$rtentry$$0000000A) for .ARM.Collect$$rtentry$$0000000A
    __rtentry2.o(.ARM.exidx) refers to __rtentry2.o(.ARM.Collect$$rtentry$$0000000B) for .ARM.Collect$$rtentry$$0000000B
    __rtentry2.o(.ARM.exidx) refers to __rtentry2.o(.ARM.Collect$$rtentry$$0000000D) for .ARM.Collect$$rtentry$$0000000D
    __rtentry4.o(.ARM.Collect$$rtentry$$00000004) refers to sys_stackheap_outer.o(.text) for __user_setup_stackheap
    __rtentry4.o(.ARM.exidx) refers to __rtentry4.o(.ARM.Collect$$rtentry$$00000004) for .ARM.Collect$$rtentry$$00000004
    dcmpi.o(x$fpl$dcmpinf) refers (Special) to usenofp.o(x$fpl$usenofp) for __I$use$fp
    sys_stackheap_outer.o(.text) refers to libspace.o(.text) for __user_perproc_libspace
    sys_stackheap_outer.o(.text) refers to startup_stm32f10x_md.o(.text) for __user_initial_stackheap
    exit.o(.text) refers to rtexit.o(.ARM.Collect$$rtexit$$00000000) for __rt_exit
    libinit.o(.ARM.Collect$$libinit$$00000000) refers (Special) to libinit2.o(.ARM.Collect$$libinit$$00000030) for __rt_lib_init_alloca_1
    libinit.o(.ARM.Collect$$libinit$$00000000) refers (Special) to libinit2.o(.ARM.Collect$$libinit$$0000002E) for __rt_lib_init_argv_1
    libinit.o(.ARM.Collect$$libinit$$00000000) refers (Special) to libinit2.o(.ARM.Collect$$libinit$$0000001D) for __rt_lib_init_atexit_1
    libinit.o(.ARM.Collect$$libinit$$00000000) refers (Special) to libinit2.o(.ARM.Collect$$libinit$$00000023) for __rt_lib_init_clock_1
    libinit.o(.ARM.Collect$$libinit$$00000000) refers (Special) to libinit2.o(.ARM.Collect$$libinit$$00000034) for __rt_lib_init_cpp_1
    libinit.o(.ARM.Collect$$libinit$$00000000) refers (Special) to libinit2.o(.ARM.Collect$$libinit$$00000032) for __rt_lib_init_exceptions_1
    libinit.o(.ARM.Collect$$libinit$$00000000) refers (Special) to libinit2.o(.ARM.Collect$$libinit$$00000002) for __rt_lib_init_fp_1
    libinit.o(.ARM.Collect$$libinit$$00000000) refers (Special) to libinit2.o(.ARM.Collect$$libinit$$00000021) for __rt_lib_init_fp_trap_1
    libinit.o(.ARM.Collect$$libinit$$00000000) refers (Special) to libinit2.o(.ARM.Collect$$libinit$$00000025) for __rt_lib_init_getenv_1
    libinit.o(.ARM.Collect$$libinit$$00000000) refers (Special) to libinit2.o(.ARM.Collect$$libinit$$0000000C) for __rt_lib_init_heap_1
    libinit.o(.ARM.Collect$$libinit$$00000000) refers (Special) to libinit2.o(.ARM.Collect$$libinit$$00000013) for __rt_lib_init_lc_collate_1
    libinit.o(.ARM.Collect$$libinit$$00000000) refers (Special) to libinit2.o(.ARM.Collect$$libinit$$00000015) for __rt_lib_init_lc_ctype_1
    libinit.o(.ARM.Collect$$libinit$$00000000) refers (Special) to libinit2.o(.ARM.Collect$$libinit$$00000017) for __rt_lib_init_lc_monetary_1
    libinit.o(.ARM.Collect$$libinit$$00000000) refers (Special) to libinit2.o(.ARM.Collect$$libinit$$00000019) for __rt_lib_init_lc_numeric_1
    libinit.o(.ARM.Collect$$libinit$$00000000) refers (Special) to libinit2.o(.ARM.Collect$$libinit$$0000001B) for __rt_lib_init_lc_time_1
    libinit.o(.ARM.Collect$$libinit$$00000000) refers (Special) to libinit2.o(.ARM.Collect$$libinit$$00000006) for __rt_lib_init_preinit_1
    libinit.o(.ARM.Collect$$libinit$$00000000) refers (Special) to libinit2.o(.ARM.Collect$$libinit$$00000010) for __rt_lib_init_rand_1
    libinit.o(.ARM.Collect$$libinit$$00000000) refers (Special) to libinit2.o(.ARM.Collect$$libinit$$00000004) for __rt_lib_init_relocate_pie_1
    libinit.o(.ARM.Collect$$libinit$$00000000) refers (Special) to libinit2.o(.ARM.Collect$$libinit$$00000035) for __rt_lib_init_return
    libinit.o(.ARM.Collect$$libinit$$00000000) refers (Special) to libinit2.o(.ARM.Collect$$libinit$$0000001F) for __rt_lib_init_signal_1
    libinit.o(.ARM.Collect$$libinit$$00000000) refers (Special) to libinit2.o(.ARM.Collect$$libinit$$00000027) for __rt_lib_init_stdio_1
    libinit.o(.ARM.Collect$$libinit$$00000000) refers (Special) to libinit2.o(.ARM.Collect$$libinit$$0000000E) for __rt_lib_init_user_alloc_1
    libspace.o(.text) refers to libspace.o(.bss) for __libspace_start
    rtexit.o(.ARM.Collect$$rtexit$$00000000) refers (Special) to rtexit2.o(.ARM.Collect$$rtexit$$00000004) for __rt_exit_exit
    rtexit.o(.ARM.Collect$$rtexit$$00000000) refers (Special) to rtexit2.o(.ARM.Collect$$rtexit$$00000003) for __rt_exit_ls
    rtexit.o(.ARM.Collect$$rtexit$$00000000) refers (Special) to rtexit2.o(.ARM.Collect$$rtexit$$00000002) for __rt_exit_prels_1
    rtexit.o(.ARM.exidx) refers (Special) to rtexit2.o(.ARM.Collect$$rtexit$$00000004) for __rt_exit_exit
    rtexit.o(.ARM.exidx) refers (Special) to rtexit2.o(.ARM.Collect$$rtexit$$00000003) for __rt_exit_ls
    rtexit.o(.ARM.exidx) refers (Special) to rtexit2.o(.ARM.Collect$$rtexit$$00000002) for __rt_exit_prels_1
    rtexit.o(.ARM.exidx) refers to rtexit.o(.ARM.Collect$$rtexit$$00000000) for .ARM.Collect$$rtexit$$00000000
    libinit2.o(.ARM.Collect$$libinit$$00000012) refers to libinit2.o(.ARM.Collect$$libinit$$00000011) for .ARM.Collect$$libinit$$00000011
    libinit2.o(.ARM.Collect$$libinit$$00000014) refers to libinit2.o(.ARM.Collect$$libinit$$00000011) for .ARM.Collect$$libinit$$00000011
    libinit2.o(.ARM.Collect$$libinit$$00000016) refers to libinit2.o(.ARM.Collect$$libinit$$00000011) for .ARM.Collect$$libinit$$00000011
    libinit2.o(.ARM.Collect$$libinit$$00000018) refers to libinit2.o(.ARM.Collect$$libinit$$00000011) for .ARM.Collect$$libinit$$00000011
    libinit2.o(.ARM.Collect$$libinit$$0000001A) refers to libinit2.o(.ARM.Collect$$libinit$$00000011) for .ARM.Collect$$libinit$$00000011
    libinit2.o(.ARM.Collect$$libinit$$00000028) refers to argv_veneer.o(.emb_text) for __ARM_argv_veneer
    libinit2.o(.ARM.Collect$$libinit$$00000029) refers to argv_veneer.o(.emb_text) for __ARM_argv_veneer
    rtexit2.o(.ARM.Collect$$rtexit$$00000003) refers to libshutdown.o(.ARM.Collect$$libshutdown$$00000000) for __rt_lib_shutdown
    rtexit2.o(.ARM.Collect$$rtexit$$00000004) refers to sys_exit.o(.text) for _sys_exit
    rtexit2.o(.ARM.exidx) refers to rtexit2.o(.ARM.Collect$$rtexit$$00000001) for .ARM.Collect$$rtexit$$00000001
    rtexit2.o(.ARM.exidx) refers to rtexit2.o(.ARM.Collect$$rtexit$$00000003) for .ARM.Collect$$rtexit$$00000003
    rtexit2.o(.ARM.exidx) refers to rtexit2.o(.ARM.Collect$$rtexit$$00000004) for .ARM.Collect$$rtexit$$00000004
    argv_veneer.o(.emb_text) refers to no_argv.o(.text) for __ARM_get_argv
    sys_exit.o(.text) refers (Special) to use_no_semi.o(.text) for __I$use$semihosting
    sys_exit.o(.text) refers (Special) to indicate_semi.o(.text) for __semihosting_library_function
    sys_exit_hlt.o(.text) refers (Special) to use_no_semi.o(.text) for __I$use$semihosting
    sys_exit_hlt.o(.text) refers (Special) to indicate_semi.o(.text) for __semihosting_library_function
    _get_argv_nomalloc.o(.text) refers (Special) to hrguard.o(.text) for __heap_region$guard
    _get_argv_nomalloc.o(.text) refers to defsig_rtmem_outer.o(.text) for __rt_SIGRTMEM
    _get_argv_nomalloc.o(.text) refers to sys_command.o(.text) for _sys_command_string
    libshutdown.o(.ARM.Collect$$libshutdown$$00000000) refers (Special) to libshutdown2.o(.ARM.Collect$$libshutdown$$00000002) for __rt_lib_shutdown_cpp_1
    libshutdown.o(.ARM.Collect$$libshutdown$$00000000) refers (Special) to libshutdown2.o(.ARM.Collect$$libshutdown$$00000007) for __rt_lib_shutdown_fp_trap_1
    libshutdown.o(.ARM.Collect$$libshutdown$$00000000) refers (Special) to libshutdown2.o(.ARM.Collect$$libshutdown$$0000000F) for __rt_lib_shutdown_heap_1
    libshutdown.o(.ARM.Collect$$libshutdown$$00000000) refers (Special) to libshutdown2.o(.ARM.Collect$$libshutdown$$00000010) for __rt_lib_shutdown_return
    libshutdown.o(.ARM.Collect$$libshutdown$$00000000) refers (Special) to libshutdown2.o(.ARM.Collect$$libshutdown$$0000000A) for __rt_lib_shutdown_signal_1
    libshutdown.o(.ARM.Collect$$libshutdown$$00000000) refers (Special) to libshutdown2.o(.ARM.Collect$$libshutdown$$00000004) for __rt_lib_shutdown_stdio_1
    libshutdown.o(.ARM.Collect$$libshutdown$$00000000) refers (Special) to libshutdown2.o(.ARM.Collect$$libshutdown$$0000000C) for __rt_lib_shutdown_user_alloc_1
    sys_command.o(.text) refers (Special) to use_no_semi.o(.text) for __I$use$semihosting
    sys_command.o(.text) refers (Special) to indicate_semi.o(.text) for __semihosting_library_function
    sys_command_hlt.o(.text) refers (Special) to use_no_semi.o(.text) for __I$use$semihosting
    sys_command_hlt.o(.text) refers (Special) to indicate_semi.o(.text) for __semihosting_library_function
    defsig_rtmem_outer.o(.text) refers to defsig_rtmem_inner.o(.text) for __rt_SIGRTMEM_inner
    defsig_rtmem_outer.o(.text) refers to defsig_exit.o(.text) for __sig_exit
    defsig_rtmem_formal.o(.text) refers to rt_raise.o(.text) for __rt_raise
    rt_raise.o(.text) refers to __raise.o(.text) for __raise
    rt_raise.o(.text) refers to sys_exit.o(.text) for _sys_exit
    defsig_exit.o(.text) refers to sys_exit.o(.text) for _sys_exit
    defsig_rtmem_inner.o(.text) refers to defsig_general.o(.text) for __default_signal_display
    __raise.o(.text) refers to defsig.o(CL$$defsig) for __default_signal_handler
    defsig_general.o(.text) refers to sys_wrch.o(.text) for _ttywrch
    sys_wrch.o(.text) refers (Special) to use_no_semi.o(.text) for __I$use$semihosting
    sys_wrch.o(.text) refers (Special) to indicate_semi.o(.text) for __semihosting_library_function
    sys_wrch_hlt.o(.text) refers (Special) to use_no_semi.o(.text) for __I$use$semihosting
    sys_wrch_hlt.o(.text) refers (Special) to indicate_semi.o(.text) for __semihosting_library_function
    defsig.o(CL$$defsig) refers to defsig_rtmem_inner.o(.text) for __rt_SIGRTMEM_inner
    defsig_abrt_inner.o(.text) refers to defsig_general.o(.text) for __default_signal_display
    defsig_fpe_inner.o(.text) refers to defsig_general.o(.text) for __default_signal_display
    defsig_rtred_inner.o(.text) refers to defsig_general.o(.text) for __default_signal_display
    defsig_stak_inner.o(.text) refers to defsig_general.o(.text) for __default_signal_display
    defsig_pvfn_inner.o(.text) refers to defsig_general.o(.text) for __default_signal_display
    defsig_cppl_inner.o(.text) refers to defsig_general.o(.text) for __default_signal_display
    defsig_segv_inner.o(.text) refers to defsig_general.o(.text) for __default_signal_display
    defsig_other.o(.text) refers to defsig_general.o(.text) for __default_signal_display


==============================================================================

Removing Unused input sections from the image.

    Removing main.o(.text), (0 bytes).
    Removing main.o(.ARM.exidx.text.main), (8 bytes).
    Removing main.o(.ARM.use_no_argv), (4 bytes).
    Removing gp_drive.o(.text), (0 bytes).
    Removing gp_drive.o(.ARM.exidx.text.init_GP), (8 bytes).
    Removing gp_drive.o(.text.R_GP), (126 bytes).
    Removing gp_drive.o(.ARM.exidx.text.R_GP), (8 bytes).
    Removing gp_drive.o(.ARM.exidx.text.W_GP), (8 bytes).
    Removing gp_drive.o(.text.toggle_GP), (64 bytes).
    Removing gp_drive.o(.ARM.exidx.text.toggle_GP), (8 bytes).
    Removing gp_drive.o(.text.PINc), (76 bytes).
    Removing gp_drive.o(.ARM.exidx.text.PINc), (8 bytes).
    Removing gp_drive.o(.text.B_init), (16 bytes).
    Removing gp_drive.o(.ARM.exidx.text.B_init), (8 bytes).
    Removing gp_drive.o(.text.BLED), (24 bytes).
    Removing gp_drive.o(.ARM.exidx.text.BLED), (8 bytes).
    Removing gp_drive.o(.text.Digital_Input), (32 bytes).
    Removing gp_drive.o(.ARM.exidx.text.Digital_Input), (8 bytes).
    Removing gp_drive.o(.text.Digital_Output), (32 bytes).
    Removing gp_drive.o(.ARM.exidx.text.Digital_Output), (8 bytes).
    Removing uart_drive.o(.text), (0 bytes).
    Removing uart_drive.o(.text.UART_init), (406 bytes).
    Removing uart_drive.o(.ARM.exidx.text.UART_init), (8 bytes).
    Removing uart_drive.o(.text.USART_BRR), (280 bytes).
    Removing uart_drive.o(.ARM.exidx.text.USART_BRR), (8 bytes).
    Removing uart_drive.o(.text.__NVIC_EnableIRQ), (48 bytes).
    Removing uart_drive.o(.ARM.exidx.text.__NVIC_EnableIRQ), (8 bytes).
    Removing uart_drive.o(.text.UART_RX), (160 bytes).
    Removing uart_drive.o(.ARM.exidx.text.UART_RX), (8 bytes).
    Removing uart_drive.o(.text.UART_TX), (160 bytes).
    Removing uart_drive.o(.ARM.exidx.text.UART_TX), (8 bytes).
    Removing uart_drive.o(.text.UART_ISR), (136 bytes).
    Removing uart_drive.o(.ARM.exidx.text.UART_ISR), (8 bytes).
    Removing uart_drive.o(.text.UART_SEND), (52 bytes).
    Removing uart_drive.o(.ARM.exidx.text.UART_SEND), (8 bytes).
    Removing uart_drive.o(.text.UART_msg), (76 bytes).
    Removing uart_drive.o(.ARM.exidx.text.UART_msg), (8 bytes).
    Removing spi_drive.o(.text), (0 bytes).
    Removing spi_drive.o(.ARM.exidx.text.spi_init), (8 bytes).
    Removing spi_drive.o(.ARM.exidx.text.spi_tx), (8 bytes).
    Removing spi_drive.o(.ARM.exidx.text.spi_msg), (8 bytes).
    Removing spi_drive.o(.text.spi_rx), (184 bytes).
    Removing spi_drive.o(.ARM.exidx.text.spi_rx), (8 bytes).
    Removing spi_drive.o(.text.spi_cs), (66 bytes).
    Removing spi_drive.o(.ARM.exidx.text.spi_cs), (8 bytes).
    Removing i2c_drive.o(.text), (0 bytes).
    Removing i2c_drive.o(.text.i2c_init), (286 bytes).
    Removing i2c_drive.o(.ARM.exidx.text.i2c_init), (8 bytes).
    Removing i2c_drive.o(.text.i2c_start), (108 bytes).
    Removing i2c_drive.o(.ARM.exidx.text.i2c_start), (8 bytes).
    Removing i2c_drive.o(.text.i2c_add), (244 bytes).
    Removing i2c_drive.o(.ARM.exidx.text.i2c_add), (8 bytes).
    Removing i2c_drive.o(.text.i2c_data), (156 bytes).
    Removing i2c_drive.o(.ARM.exidx.text.i2c_data), (8 bytes).
    Removing i2c_drive.o(.text.i2c_stop), (226 bytes).
    Removing i2c_drive.o(.ARM.exidx.text.i2c_stop), (8 bytes).
    Removing i2c_drive.o(.text.i2c_write), (88 bytes).
    Removing i2c_drive.o(.ARM.exidx.text.i2c_write), (8 bytes).
    Removing i2c_drive.o(.text.i2c_rx), (200 bytes).
    Removing i2c_drive.o(.ARM.exidx.text.i2c_rx), (8 bytes).
    Removing adc_drive.o(.text), (0 bytes).
    Removing adc_drive.o(.text.adc_init), (362 bytes).
    Removing adc_drive.o(.ARM.exidx.text.adc_init), (8 bytes).
    Removing adc_drive.o(.text.adc_check), (98 bytes).
    Removing adc_drive.o(.ARM.exidx.text.adc_check), (8 bytes).
    Removing adc_drive.o(.text.adc_rx), (108 bytes).
    Removing adc_drive.o(.ARM.exidx.text.adc_rx), (8 bytes).
    Removing adc_drive.o(.text.adc_irq), (120 bytes).
    Removing adc_drive.o(.ARM.exidx.text.adc_irq), (8 bytes).
    Removing adc_drive.o(.text.__NVIC_EnableIRQ), (48 bytes).
    Removing adc_drive.o(.ARM.exidx.text.__NVIC_EnableIRQ), (8 bytes).
    Removing adc_drive.o(.text.adc_wd), (188 bytes).
    Removing adc_drive.o(.ARM.exidx.text.adc_wd), (8 bytes).
    Removing adc_drive.o(.text.adc_multi_ch_init), (354 bytes).
    Removing adc_drive.o(.ARM.exidx.text.adc_multi_ch_init), (8 bytes).
    Removing adc_drive.o(.text.adc_multi_ch_rx), (274 bytes).
    Removing adc_drive.o(.ARM.exidx.text.adc_multi_ch_rx), (8 bytes).
    Removing timer_drive.o(.text), (0 bytes).
    Removing timer_drive.o(.text.get_timer), (80 bytes).
    Removing timer_drive.o(.ARM.exidx.text.get_timer), (8 bytes).
    Removing timer_drive.o(.text.timer_start_micros), (116 bytes).
    Removing timer_drive.o(.ARM.exidx.text.timer_start_micros), (8 bytes).
    Removing timer_drive.o(.text.timer_start_millis), (118 bytes).
    Removing timer_drive.o(.ARM.exidx.text.timer_start_millis), (8 bytes).
    Removing timer_drive.o(.text.get_time_micros), (64 bytes).
    Removing timer_drive.o(.ARM.exidx.text.get_time_micros), (8 bytes).
    Removing timer_drive.o(.text.get_time_millis), (42 bytes).
    Removing timer_drive.o(.ARM.exidx.text.get_time_millis), (8 bytes).
    Removing timer_drive.o(.text.TDelay_Micros), (50 bytes).
    Removing timer_drive.o(.ARM.exidx.text.TDelay_Micros), (8 bytes).
    Removing timer_drive.o(.text.TDelay_Millis), (54 bytes).
    Removing timer_drive.o(.ARM.exidx.text.TDelay_Millis), (8 bytes).
    Removing timer_drive.o(.text.TDelay_Micro), (18 bytes).
    Removing timer_drive.o(.ARM.exidx.text.TDelay_Micro), (8 bytes).
    Removing timer_drive.o(.text.TDelay_Milli), (18 bytes).
    Removing timer_drive.o(.ARM.exidx.text.TDelay_Milli), (8 bytes).
    Removing timer_drive.o(.text.timer_irq_micro_start), (96 bytes).
    Removing timer_drive.o(.ARM.exidx.text.timer_irq_micro_start), (8 bytes).
    Removing timer_drive.o(.text.__NVIC_EnableIRQ), (48 bytes).
    Removing timer_drive.o(.ARM.exidx.text.__NVIC_EnableIRQ), (8 bytes).
    Removing timer_drive.o(.text.timer_irq_millis_start), (96 bytes).
    Removing timer_drive.o(.ARM.exidx.text.timer_irq_millis_start), (8 bytes).
    Removing timer_drive.o(.text.timer_irq_Rflag), (32 bytes).
    Removing timer_drive.o(.ARM.exidx.text.timer_irq_Rflag), (8 bytes).
    Removing timer_drive.o(.text.timer_irq_stop), (92 bytes).
    Removing timer_drive.o(.ARM.exidx.text.timer_irq_stop), (8 bytes).
    Removing timer_drive.o(.text.__NVIC_DisableIRQ), (56 bytes).
    Removing timer_drive.o(.ARM.exidx.text.__NVIC_DisableIRQ), (8 bytes).
    Removing timer_drive.o(.text.timer_stop), (92 bytes).
    Removing timer_drive.o(.ARM.exidx.text.timer_stop), (8 bytes).
    Removing timer_drive.o(.text.get_channel), (210 bytes).
    Removing timer_drive.o(.ARM.exidx.text.get_channel), (8 bytes).
    Removing timer_drive.o(.text.get_timer_pin), (160 bytes).
    Removing timer_drive.o(.ARM.exidx.text.get_timer_pin), (8 bytes).
    Removing timer_drive.o(.text.get_timer_address), (164 bytes).
    Removing timer_drive.o(.ARM.exidx.text.get_timer_address), (8 bytes).
    Removing timer_drive.o(.text.timer_compare_micro), (360 bytes).
    Removing timer_drive.o(.ARM.exidx.text.timer_compare_micro), (8 bytes).
    Removing timer_drive.o(.text.timer_compare_milli), (374 bytes).
    Removing timer_drive.o(.ARM.exidx.text.timer_compare_milli), (8 bytes).
    Removing timer_drive.o(.text.timer_pwm_micro), (360 bytes).
    Removing timer_drive.o(.ARM.exidx.text.timer_pwm_micro), (8 bytes).
    Removing timer_drive.o(.text.timer_pwm_milli), (374 bytes).
    Removing timer_drive.o(.ARM.exidx.text.timer_pwm_milli), (8 bytes).
    Removing systick_time.o(.text), (0 bytes).
    Removing systick_time.o(.ARM.exidx.text.systick_init), (8 bytes).
    Removing systick_time.o(.text.Delaymicro), (48 bytes).
    Removing systick_time.o(.ARM.exidx.text.Delaymicro), (8 bytes).
    Removing systick_time.o(.text.DelayUs), (32 bytes).
    Removing systick_time.o(.ARM.exidx.text.DelayUs), (8 bytes).
    Removing systick_time.o(.ARM.exidx.text.DelayMillis), (8 bytes).
    Removing systick_time.o(.ARM.exidx.text.DelayMs), (8 bytes).
    Removing systick_time.o(.text.systick_int_start), (54 bytes).
    Removing systick_time.o(.ARM.exidx.text.systick_int_start), (8 bytes).
    Removing systick_time.o(.text.systick_int), (168 bytes).
    Removing systick_time.o(.ARM.exidx.text.systick_int), (8 bytes).
    Removing lcd16x2.o(.text), (0 bytes).
    Removing lcd16x2.o(.text.pin_output), (64 bytes).
    Removing lcd16x2.o(.ARM.exidx.text.pin_output), (8 bytes).
    Removing lcd16x2.o(.text.lcd_rs), (24 bytes).
    Removing lcd16x2.o(.ARM.exidx.text.lcd_rs), (8 bytes).
    Removing lcd16x2.o(.text.lcd_rw), (24 bytes).
    Removing lcd16x2.o(.ARM.exidx.text.lcd_rw), (8 bytes).
    Removing lcd16x2.o(.text.lcd_e), (24 bytes).
    Removing lcd16x2.o(.ARM.exidx.text.lcd_e), (8 bytes).
    Removing lcd16x2.o(.text.lcd_data), (160 bytes).
    Removing lcd16x2.o(.ARM.exidx.text.lcd_data), (8 bytes).
    Removing lcd16x2.o(.text.lcd_cmd), (160 bytes).
    Removing lcd16x2.o(.ARM.exidx.text.lcd_cmd), (8 bytes).
    Removing lcd16x2.o(.text.lcd_init), (348 bytes).
    Removing lcd16x2.o(.ARM.exidx.text.lcd_init), (8 bytes).
    Removing lcd16x2.o(.text.lcd_send), (50 bytes).
    Removing lcd16x2.o(.ARM.exidx.text.lcd_send), (8 bytes).
    Removing lcd16x2.o(.text.lcd_msg), (92 bytes).
    Removing lcd16x2.o(.ARM.exidx.text.lcd_msg), (8 bytes).
    Removing lcd16x2.o(.text.lcd_i2c_data), (162 bytes).
    Removing lcd16x2.o(.ARM.exidx.text.lcd_i2c_data), (8 bytes).
    Removing lcd16x2.o(.text.lcd_i2c_cmd), (162 bytes).
    Removing lcd16x2.o(.ARM.exidx.text.lcd_i2c_cmd), (8 bytes).
    Removing lcd16x2.o(.text.lcd_i2c_init), (358 bytes).
    Removing lcd16x2.o(.ARM.exidx.text.lcd_i2c_init), (8 bytes).
    Removing lcd16x2.o(.text.lcd_i2c_send), (58 bytes).
    Removing lcd16x2.o(.ARM.exidx.text.lcd_i2c_send), (8 bytes).
    Removing lcd16x2.o(.text.lcd_i2c_msg), (104 bytes).
    Removing lcd16x2.o(.ARM.exidx.text.lcd_i2c_msg), (8 bytes).
    Removing lcd16x2.o(.text.lcd_blank_1), (32 bytes).
    Removing lcd16x2.o(.ARM.exidx.text.lcd_blank_1), (8 bytes).
    Removing lcd16x2.o(.text.lcd_blank_2), (32 bytes).
    Removing lcd16x2.o(.ARM.exidx.text.lcd_blank_2), (8 bytes).
    Removing lcd16x2.o(.text.lcd_blank_12), (28 bytes).
    Removing lcd16x2.o(.ARM.exidx.text.lcd_blank_12), (8 bytes).
    Removing lcd16x2.o(.rodata.str1.1), (17 bytes).
    Removing pcf8574.o(.text), (0 bytes).
    Removing pcf8574.o(.text.PCF8574_add), (30 bytes).
    Removing pcf8574.o(.ARM.exidx.text.PCF8574_add), (8 bytes).
    Removing pcf8574.o(.text.PCF8574_tx_byte), (54 bytes).
    Removing pcf8574.o(.ARM.exidx.text.PCF8574_tx_byte), (8 bytes).
    Removing esp01.o(.text), (0 bytes).
    Removing system_stm32f10x.o(.text), (0 bytes).
    Removing system_stm32f10x.o(.ARM.exidx.text.SystemInit), (8 bytes).
    Removing system_stm32f10x.o(.ARM.exidx.text.SetSysClock), (8 bytes).
    Removing system_stm32f10x.o(.text.SystemCoreClockUpdate), (290 bytes).
    Removing system_stm32f10x.o(.ARM.exidx.text.SystemCoreClockUpdate), (8 bytes).
    Removing system_stm32f10x.o(.ARM.exidx.text.SetSysClockTo72), (8 bytes).
    Removing system_stm32f10x.o(.data.SystemCoreClock), (4 bytes).
    Removing system_stm32f10x.o(.rodata.AHBPrescTable), (16 bytes).

186 unused section(s) (total 11199 bytes) removed from the image.

==============================================================================

Image Symbol Table

    Local Symbols

    Symbol Name                              Value     Ov Type        Size  Object(Section)

    ../clib/angel/boardlib.s                 0x00000000   Number         0  boardinit1.o ABSOLUTE
    ../clib/angel/boardlib.s                 0x00000000   Number         0  boardinit2.o ABSOLUTE
    ../clib/angel/boardlib.s                 0x00000000   Number         0  boardinit3.o ABSOLUTE
    ../clib/angel/boardlib.s                 0x00000000   Number         0  boardshut.o ABSOLUTE
    ../clib/angel/handlers.s                 0x00000000   Number         0  __scatter_zi.o ABSOLUTE
    ../clib/angel/kernel.s                   0x00000000   Number         0  __rtentry.o ABSOLUTE
    ../clib/angel/kernel.s                   0x00000000   Number         0  __rtentry2.o ABSOLUTE
    ../clib/angel/kernel.s                   0x00000000   Number         0  __rtentry4.o ABSOLUTE
    ../clib/angel/kernel.s                   0x00000000   Number         0  rtexit.o ABSOLUTE
    ../clib/angel/kernel.s                   0x00000000   Number         0  rtexit2.o ABSOLUTE
    ../clib/angel/rt.s                       0x00000000   Number         0  rt_raise.o ABSOLUTE
    ../clib/angel/scatter.s                  0x00000000   Number         0  __scatter.o ABSOLUTE
    ../clib/angel/startup.s                  0x00000000   Number         0  __main.o ABSOLUTE
    ../clib/angel/sys.s                      0x00000000   Number         0  sys_stackheap_outer.o ABSOLUTE
    ../clib/angel/sys.s                      0x00000000   Number         0  libspace.o ABSOLUTE
    ../clib/angel/sys.s                      0x00000000   Number         0  use_no_semi.o ABSOLUTE
    ../clib/angel/sys.s                      0x00000000   Number         0  indicate_semi.o ABSOLUTE
    ../clib/angel/sysapp.c                   0x00000000   Number         0  sys_exit.o ABSOLUTE
    ../clib/angel/sysapp.c                   0x00000000   Number         0  sys_exit_hlt.o ABSOLUTE
    ../clib/angel/sysapp.c                   0x00000000   Number         0  sys_command.o ABSOLUTE
    ../clib/angel/sysapp.c                   0x00000000   Number         0  sys_command_hlt.o ABSOLUTE
    ../clib/angel/sysapp.c                   0x00000000   Number         0  sys_wrch.o ABSOLUTE
    ../clib/angel/sysapp.c                   0x00000000   Number         0  sys_wrch_hlt.o ABSOLUTE
    ../clib/armsys.c                         0x00000000   Number         0  argv_veneer.o ABSOLUTE
    ../clib/armsys.c                         0x00000000   Number         0  argv_veneer.o ABSOLUTE
    ../clib/armsys.c                         0x00000000   Number         0  _get_argv_nomalloc.o ABSOLUTE
    ../clib/armsys.c                         0x00000000   Number         0  no_argv.o ABSOLUTE
    ../clib/heapalloc.c                      0x00000000   Number         0  hrguard.o ABSOLUTE
    ../clib/heapaux.c                        0x00000000   Number         0  heapauxi.o ABSOLUTE
    ../clib/libinit.s                        0x00000000   Number         0  libinit.o ABSOLUTE
    ../clib/libinit.s                        0x00000000   Number         0  libinit2.o ABSOLUTE
    ../clib/libinit.s                        0x00000000   Number         0  libshutdown.o ABSOLUTE
    ../clib/libinit.s                        0x00000000   Number         0  libshutdown2.o ABSOLUTE
    ../clib/signal.c                         0x00000000   Number         0  defsig_rtmem_outer.o ABSOLUTE
    ../clib/signal.c                         0x00000000   Number         0  defsig_rtmem_formal.o ABSOLUTE
    ../clib/signal.c                         0x00000000   Number         0  defsig_exit.o ABSOLUTE
    ../clib/signal.c                         0x00000000   Number         0  defsig_rtmem_inner.o ABSOLUTE
    ../clib/signal.c                         0x00000000   Number         0  __raise.o ABSOLUTE
    ../clib/signal.c                         0x00000000   Number         0  defsig_general.o ABSOLUTE
    ../clib/signal.c                         0x00000000   Number         0  defsig_abrt_inner.o ABSOLUTE
    ../clib/signal.c                         0x00000000   Number         0  defsig_fpe_inner.o ABSOLUTE
    ../clib/signal.c                         0x00000000   Number         0  defsig_rtred_inner.o ABSOLUTE
    ../clib/signal.c                         0x00000000   Number         0  defsig_stak_inner.o ABSOLUTE
    ../clib/signal.c                         0x00000000   Number         0  defsig_pvfn_inner.o ABSOLUTE
    ../clib/signal.c                         0x00000000   Number         0  defsig_cppl_inner.o ABSOLUTE
    ../clib/signal.c                         0x00000000   Number         0  defsig_segv_inner.o ABSOLUTE
    ../clib/signal.c                         0x00000000   Number         0  defsig_other.o ABSOLUTE
    ../clib/signal.s                         0x00000000   Number         0  defsig.o ABSOLUTE
    ../clib/stdlib.c                         0x00000000   Number         0  exit.o ABSOLUTE
    ../fplib/daddsub.s                       0x00000000   Number         0  daddsub_clz.o ABSOLUTE
    ../fplib/dcmp.s                          0x00000000   Number         0  dcmp.o ABSOLUTE
    ../fplib/dcmpi.s                         0x00000000   Number         0  dcmpi.o ABSOLUTE
    ../fplib/ddiv.s                          0x00000000   Number         0  ddiv.o ABSOLUTE
    ../fplib/deqf.s                          0x00000000   Number         0  deqf.o ABSOLUTE
    ../fplib/dfixu.s                         0x00000000   Number         0  dfixu.o ABSOLUTE
    ../fplib/dflt.s                          0x00000000   Number         0  dflt_clz.o ABSOLUTE
    ../fplib/dgeqf.s                         0x00000000   Number         0  dgeqf.o ABSOLUTE
    ../fplib/dleqf.s                         0x00000000   Number         0  dleqf.o ABSOLUTE
    ../fplib/dmul.s                          0x00000000   Number         0  dmul.o ABSOLUTE
    ../fplib/dnaninf.s                       0x00000000   Number         0  dnaninf.o ABSOLUTE
    ../fplib/dretinf.s                       0x00000000   Number         0  dretinf.o ABSOLUTE
    ../fplib/fpinit.s                        0x00000000   Number         0  fpinit.o ABSOLUTE
    ../fplib/fpinit_empty.s                  0x00000000   Number         0  fpinit_empty.o ABSOLUTE
    ../fplib/usenofp.s                       0x00000000   Number         0  usenofp.o ABSOLUTE
    Esp01.c                                  0x00000000   Number         0  esp01.o ABSOLUTE
    PCF8574.c                                0x00000000   Number         0  pcf8574.o ABSOLUTE
    RTE/Device/STM32F103C8/startup_stm32f10x_md.s 0x00000000   Number         0  startup_stm32f10x_md.o ABSOLUTE
    SPI_drive.c                              0x00000000   Number         0  spi_drive.o ABSOLUTE
    adc_drive.c                              0x00000000   Number         0  adc_drive.o ABSOLUTE
    dc.s                                     0x00000000   Number         0  dc.o ABSOLUTE
    gp_drive.c                               0x00000000   Number         0  gp_drive.o ABSOLUTE
    i2c_drive.c                              0x00000000   Number         0  i2c_drive.o ABSOLUTE
    lcd16x2.c                                0x00000000   Number         0  lcd16x2.o ABSOLUTE
    main.c                                   0x00000000   Number         0  main.o ABSOLUTE
    system_stm32f10x.c                       0x00000000   Number         0  system_stm32f10x.o ABSOLUTE
    systick_time.c                           0x00000000   Number         0  systick_time.o ABSOLUTE
    timer_drive.c                            0x00000000   Number         0  timer_drive.o ABSOLUTE
    uart_drive.c                             0x00000000   Number         0  uart_drive.o ABSOLUTE
    RESET                                    0x08000000   Section      236  startup_stm32f10x_md.o(RESET)
    !!!main                                  0x080000ec   Section        8  __main.o(!!!main)
    !!!scatter                               0x080000f4   Section       92  __scatter.o(!!!scatter)
    !!handler_null                           0x08000150   Section        2  __scatter.o(!!handler_null)
    !!handler_zi                             0x08000154   Section       28  __scatter_zi.o(!!handler_zi)
    .ARM.Collect$$libinit$$00000000          0x08000170   Section        2  libinit.o(.ARM.Collect$$libinit$$00000000)
    .ARM.Collect$$libinit$$00000002          0x08000172   Section        0  libinit2.o(.ARM.Collect$$libinit$$00000002)
    .ARM.Collect$$libinit$$00000004          0x08000172   Section        0  libinit2.o(.ARM.Collect$$libinit$$00000004)
    .ARM.Collect$$libinit$$00000006          0x08000172   Section        0  libinit2.o(.ARM.Collect$$libinit$$00000006)
    .ARM.Collect$$libinit$$0000000C          0x08000172   Section        0  libinit2.o(.ARM.Collect$$libinit$$0000000C)
    .ARM.Collect$$libinit$$0000000E          0x08000172   Section        0  libinit2.o(.ARM.Collect$$libinit$$0000000E)
    .ARM.Collect$$libinit$$00000010          0x08000172   Section        0  libinit2.o(.ARM.Collect$$libinit$$00000010)
    .ARM.Collect$$libinit$$00000013          0x08000172   Section        0  libinit2.o(.ARM.Collect$$libinit$$00000013)
    .ARM.Collect$$libinit$$00000015          0x08000172   Section        0  libinit2.o(.ARM.Collect$$libinit$$00000015)
    .ARM.Collect$$libinit$$00000017          0x08000172   Section        0  libinit2.o(.ARM.Collect$$libinit$$00000017)
    .ARM.Collect$$libinit$$00000019          0x08000172   Section        0  libinit2.o(.ARM.Collect$$libinit$$00000019)
    .ARM.Collect$$libinit$$0000001B          0x08000172   Section        0  libinit2.o(.ARM.Collect$$libinit$$0000001B)
    .ARM.Collect$$libinit$$0000001D          0x08000172   Section        0  libinit2.o(.ARM.Collect$$libinit$$0000001D)
    .ARM.Collect$$libinit$$0000001F          0x08000172   Section        0  libinit2.o(.ARM.Collect$$libinit$$0000001F)
    .ARM.Collect$$libinit$$00000021          0x08000172   Section        0  libinit2.o(.ARM.Collect$$libinit$$00000021)
    .ARM.Collect$$libinit$$00000023          0x08000172   Section        0  libinit2.o(.ARM.Collect$$libinit$$00000023)
    .ARM.Collect$$libinit$$00000025          0x08000172   Section        0  libinit2.o(.ARM.Collect$$libinit$$00000025)
    .ARM.Collect$$libinit$$00000027          0x08000172   Section        0  libinit2.o(.ARM.Collect$$libinit$$00000027)
    .ARM.Collect$$libinit$$0000002E          0x08000172   Section        0  libinit2.o(.ARM.Collect$$libinit$$0000002E)
    .ARM.Collect$$libinit$$00000030          0x08000172   Section        0  libinit2.o(.ARM.Collect$$libinit$$00000030)
    .ARM.Collect$$libinit$$00000032          0x08000172   Section        0  libinit2.o(.ARM.Collect$$libinit$$00000032)
    .ARM.Collect$$libinit$$00000034          0x08000172   Section        0  libinit2.o(.ARM.Collect$$libinit$$00000034)
    .ARM.Collect$$libinit$$00000035          0x08000172   Section        2  libinit2.o(.ARM.Collect$$libinit$$00000035)
    .ARM.Collect$$libshutdown$$00000000      0x08000174   Section        2  libshutdown.o(.ARM.Collect$$libshutdown$$00000000)
    .ARM.Collect$$libshutdown$$00000002      0x08000176   Section        0  libshutdown2.o(.ARM.Collect$$libshutdown$$00000002)
    .ARM.Collect$$libshutdown$$00000004      0x08000176   Section        0  libshutdown2.o(.ARM.Collect$$libshutdown$$00000004)
    .ARM.Collect$$libshutdown$$00000007      0x08000176   Section        0  libshutdown2.o(.ARM.Collect$$libshutdown$$00000007)
    .ARM.Collect$$libshutdown$$0000000A      0x08000176   Section        0  libshutdown2.o(.ARM.Collect$$libshutdown$$0000000A)
    .ARM.Collect$$libshutdown$$0000000C      0x08000176   Section        0  libshutdown2.o(.ARM.Collect$$libshutdown$$0000000C)
    .ARM.Collect$$libshutdown$$0000000F      0x08000176   Section        0  libshutdown2.o(.ARM.Collect$$libshutdown$$0000000F)
    .ARM.Collect$$libshutdown$$00000010      0x08000176   Section        2  libshutdown2.o(.ARM.Collect$$libshutdown$$00000010)
    .ARM.Collect$$rtentry$$00000000          0x08000178   Section        0  __rtentry.o(.ARM.Collect$$rtentry$$00000000)
    .ARM.Collect$$rtentry$$00000002          0x08000178   Section        0  __rtentry2.o(.ARM.Collect$$rtentry$$00000002)
    .ARM.Collect$$rtentry$$00000004          0x08000178   Section        6  __rtentry4.o(.ARM.Collect$$rtentry$$00000004)
    .ARM.Collect$$rtentry$$00000009          0x0800017e   Section        0  __rtentry2.o(.ARM.Collect$$rtentry$$00000009)
    .ARM.Collect$$rtentry$$0000000A          0x0800017e   Section        4  __rtentry2.o(.ARM.Collect$$rtentry$$0000000A)
    .ARM.Collect$$rtentry$$0000000C          0x08000182   Section        0  __rtentry2.o(.ARM.Collect$$rtentry$$0000000C)
    .ARM.Collect$$rtentry$$0000000D          0x08000182   Section        8  __rtentry2.o(.ARM.Collect$$rtentry$$0000000D)
    .ARM.Collect$$rtexit$$00000000           0x0800018a   Section        2  rtexit.o(.ARM.Collect$$rtexit$$00000000)
    .ARM.Collect$$rtexit$$00000002           0x0800018c   Section        0  rtexit2.o(.ARM.Collect$$rtexit$$00000002)
    .ARM.Collect$$rtexit$$00000003           0x0800018c   Section        4  rtexit2.o(.ARM.Collect$$rtexit$$00000003)
    .ARM.Collect$$rtexit$$00000004           0x08000190   Section        6  rtexit2.o(.ARM.Collect$$rtexit$$00000004)
    .text                                    0x08000198   Section       64  startup_stm32f10x_md.o(.text)
    .text                                    0x080001d8   Section        0  heapauxi.o(.text)
    .text                                    0x080001de   Section       74  sys_stackheap_outer.o(.text)
    .text                                    0x08000228   Section        0  exit.o(.text)
    .text                                    0x0800023c   Section        8  libspace.o(.text)
    .text                                    0x08000244   Section        0  sys_exit.o(.text)
    .text                                    0x08000250   Section        2  use_no_semi.o(.text)
    .text                                    0x08000252   Section        0  indicate_semi.o(.text)
    [Anonymous Symbol]                       0x08000254   Section        0  systick_time.o(.text.DelayMillis)
    [Anonymous Symbol]                       0x0800028c   Section        0  systick_time.o(.text.DelayMs)
    SetSysClock                              0x080002ad   Thumb Code     8  system_stm32f10x.o(.text.SetSysClock)
    [Anonymous Symbol]                       0x080002ac   Section        0  system_stm32f10x.o(.text.SetSysClock)
    SetSysClockTo72                          0x080002b5   Thumb Code   290  system_stm32f10x.o(.text.SetSysClockTo72)
    [Anonymous Symbol]                       0x080002b4   Section        0  system_stm32f10x.o(.text.SetSysClockTo72)
    [Anonymous Symbol]                       0x080003d8   Section        0  system_stm32f10x.o(.text.SystemInit)
    [Anonymous Symbol]                       0x08000440   Section        0  gp_drive.o(.text.W_GP)
    [Anonymous Symbol]                       0x080004e0   Section        0  gp_drive.o(.text.init_GP)
    [Anonymous Symbol]                       0x080005e4   Section        0  main.o(.text.main)
    [Anonymous Symbol]                       0x08000634   Section        0  spi_drive.o(.text.spi_init)
    [Anonymous Symbol]                       0x08000778   Section        0  spi_drive.o(.text.spi_msg)
    [Anonymous Symbol]                       0x08000840   Section        0  spi_drive.o(.text.spi_tx)
    [Anonymous Symbol]                       0x080008dc   Section        0  systick_time.o(.text.systick_init)
    .L.str                                   0x08000906   Data           5  main.o(.rodata.str1.1)
    [Anonymous Symbol]                       0x08000906   Section        0  main.o(.rodata.str1.1)
    .bss                                     0x20000000   Section       96  libspace.o(.bss)
    Heap_Mem                                 0x20000060   Data         512  startup_stm32f10x_md.o(HEAP)
    HEAP                                     0x20000060   Section      512  startup_stm32f10x_md.o(HEAP)
    Stack_Mem                                0x20000260   Data        1024  startup_stm32f10x_md.o(STACK)
    STACK                                    0x20000260   Section     1024  startup_stm32f10x_md.o(STACK)
    __initial_sp                             0x20000660   Data           0  startup_stm32f10x_md.o(STACK)

    Global Symbols

    Symbol Name                              Value     Ov Type        Size  Object(Section)

    BuildAttributes$$THM_ISAv4$P$D$K$B$S$PE$A:L22UL41UL21$X:L11$S22US41US21$IEEE1$IW$~IW$USESV6$~STKCKD$USESV7$~SHL$OSPACE$ROPI$EBA8$UX$STANDARDLIB$REQ8$PRES8$EABIv2 0x00000000   Number         0  anon$$obj.o ABSOLUTE
    __fp_init_empty                          0x00000000   Number         0  fpinit_empty.o ABSOLUTE
    __ARM_exceptions_init                     - Undefined Weak Reference
    __alloca_initialize                       - Undefined Weak Reference
    __arm_preinit_                            - Undefined Weak Reference
    __arm_relocate_pie_                       - Undefined Weak Reference
    __cpp_initialize__aeabi_                  - Undefined Weak Reference
    __cxa_finalize                            - Undefined Weak Reference
    __rt_locale                               - Undefined Weak Reference
    __sigvec_lookup                           - Undefined Weak Reference
    _atexit_init                              - Undefined Weak Reference
    _call_atexit_fns                          - Undefined Weak Reference
    _clock_init                               - Undefined Weak Reference
    _fp_trap_init                             - Undefined Weak Reference
    _fp_trap_shutdown                         - Undefined Weak Reference
    _get_lc_collate                           - Undefined Weak Reference
    _get_lc_ctype                             - Undefined Weak Reference
    _get_lc_monetary                          - Undefined Weak Reference
    _get_lc_numeric                           - Undefined Weak Reference
    _get_lc_time                              - Undefined Weak Reference
    _getenv_init                              - Undefined Weak Reference
    _handle_redirection                       - Undefined Weak Reference
    _init_alloc                               - Undefined Weak Reference
    _init_user_alloc                          - Undefined Weak Reference
    _initio                                   - Undefined Weak Reference
    _rand_init                                - Undefined Weak Reference
    _signal_finish                            - Undefined Weak Reference
    _signal_init                              - Undefined Weak Reference
    _terminate_alloc                          - Undefined Weak Reference
    _terminate_user_alloc                     - Undefined Weak Reference
    _terminateio                              - Undefined Weak Reference
    __Vectors_Size                           0x000000ec   Number         0  startup_stm32f10x_md.o ABSOLUTE
    __Vectors                                0x08000000   Data           4  startup_stm32f10x_md.o(RESET)
    __Vectors_End                            0x080000ec   Data           0  startup_stm32f10x_md.o(RESET)
    __main                                   0x080000ed   Thumb Code     8  __main.o(!!!main)
    __scatterload                            0x080000f5   Thumb Code     0  __scatter.o(!!!scatter)
    __scatterload_rt2                        0x080000f5   Thumb Code    84  __scatter.o(!!!scatter)
    __scatterload_rt2_thumb_only             0x080000f5   Thumb Code     0  __scatter.o(!!!scatter)
    __scatterload_loop                       0x080000ff   Thumb Code     0  __scatter.o(!!!scatter)
    __scatterload_null                       0x08000151   Thumb Code     2  __scatter.o(!!handler_null)
    __scatterload_zeroinit                   0x08000155   Thumb Code    28  __scatter_zi.o(!!handler_zi)
    __rt_lib_init                            0x08000171   Thumb Code     0  libinit.o(.ARM.Collect$$libinit$$00000000)
    __rt_lib_init_alloca_1                   0x08000173   Thumb Code     0  libinit2.o(.ARM.Collect$$libinit$$00000030)
    __rt_lib_init_argv_1                     0x08000173   Thumb Code     0  libinit2.o(.ARM.Collect$$libinit$$0000002E)
    __rt_lib_init_atexit_1                   0x08000173   Thumb Code     0  libinit2.o(.ARM.Collect$$libinit$$0000001D)
    __rt_lib_init_clock_1                    0x08000173   Thumb Code     0  libinit2.o(.ARM.Collect$$libinit$$00000023)
    __rt_lib_init_cpp_1                      0x08000173   Thumb Code     0  libinit2.o(.ARM.Collect$$libinit$$00000034)
    __rt_lib_init_exceptions_1               0x08000173   Thumb Code     0  libinit2.o(.ARM.Collect$$libinit$$00000032)
    __rt_lib_init_fp_1                       0x08000173   Thumb Code     0  libinit2.o(.ARM.Collect$$libinit$$00000002)
    __rt_lib_init_fp_trap_1                  0x08000173   Thumb Code     0  libinit2.o(.ARM.Collect$$libinit$$00000021)
    __rt_lib_init_getenv_1                   0x08000173   Thumb Code     0  libinit2.o(.ARM.Collect$$libinit$$00000025)
    __rt_lib_init_heap_1                     0x08000173   Thumb Code     0  libinit2.o(.ARM.Collect$$libinit$$0000000C)
    __rt_lib_init_lc_collate_1               0x08000173   Thumb Code     0  libinit2.o(.ARM.Collect$$libinit$$00000013)
    __rt_lib_init_lc_ctype_1                 0x08000173   Thumb Code     0  libinit2.o(.ARM.Collect$$libinit$$00000015)
    __rt_lib_init_lc_monetary_1              0x08000173   Thumb Code     0  libinit2.o(.ARM.Collect$$libinit$$00000017)
    __rt_lib_init_lc_numeric_1               0x08000173   Thumb Code     0  libinit2.o(.ARM.Collect$$libinit$$00000019)
    __rt_lib_init_lc_time_1                  0x08000173   Thumb Code     0  libinit2.o(.ARM.Collect$$libinit$$0000001B)
    __rt_lib_init_preinit_1                  0x08000173   Thumb Code     0  libinit2.o(.ARM.Collect$$libinit$$00000006)
    __rt_lib_init_rand_1                     0x08000173   Thumb Code     0  libinit2.o(.ARM.Collect$$libinit$$00000010)
    __rt_lib_init_relocate_pie_1             0x08000173   Thumb Code     0  libinit2.o(.ARM.Collect$$libinit$$00000004)
    __rt_lib_init_return                     0x08000173   Thumb Code     0  libinit2.o(.ARM.Collect$$libinit$$00000035)
    __rt_lib_init_signal_1                   0x08000173   Thumb Code     0  libinit2.o(.ARM.Collect$$libinit$$0000001F)
    __rt_lib_init_stdio_1                    0x08000173   Thumb Code     0  libinit2.o(.ARM.Collect$$libinit$$00000027)
    __rt_lib_init_user_alloc_1               0x08000173   Thumb Code     0  libinit2.o(.ARM.Collect$$libinit$$0000000E)
    __rt_lib_shutdown                        0x08000175   Thumb Code     0  libshutdown.o(.ARM.Collect$$libshutdown$$00000000)
    __rt_lib_shutdown_cpp_1                  0x08000177   Thumb Code     0  libshutdown2.o(.ARM.Collect$$libshutdown$$00000002)
    __rt_lib_shutdown_fp_trap_1              0x08000177   Thumb Code     0  libshutdown2.o(.ARM.Collect$$libshutdown$$00000007)
    __rt_lib_shutdown_heap_1                 0x08000177   Thumb Code     0  libshutdown2.o(.ARM.Collect$$libshutdown$$0000000F)
    __rt_lib_shutdown_return                 0x08000177   Thumb Code     0  libshutdown2.o(.ARM.Collect$$libshutdown$$00000010)
    __rt_lib_shutdown_signal_1               0x08000177   Thumb Code     0  libshutdown2.o(.ARM.Collect$$libshutdown$$0000000A)
    __rt_lib_shutdown_stdio_1                0x08000177   Thumb Code     0  libshutdown2.o(.ARM.Collect$$libshutdown$$00000004)
    __rt_lib_shutdown_user_alloc_1           0x08000177   Thumb Code     0  libshutdown2.o(.ARM.Collect$$libshutdown$$0000000C)
    __rt_entry                               0x08000179   Thumb Code     0  __rtentry.o(.ARM.Collect$$rtentry$$00000000)
    __rt_entry_presh_1                       0x08000179   Thumb Code     0  __rtentry2.o(.ARM.Collect$$rtentry$$00000002)
    __rt_entry_sh                            0x08000179   Thumb Code     0  __rtentry4.o(.ARM.Collect$$rtentry$$00000004)
    __rt_entry_li                            0x0800017f   Thumb Code     0  __rtentry2.o(.ARM.Collect$$rtentry$$0000000A)
    __rt_entry_postsh_1                      0x0800017f   Thumb Code     0  __rtentry2.o(.ARM.Collect$$rtentry$$00000009)
    __rt_entry_main                          0x08000183   Thumb Code     0  __rtentry2.o(.ARM.Collect$$rtentry$$0000000D)
    __rt_entry_postli_1                      0x08000183   Thumb Code     0  __rtentry2.o(.ARM.Collect$$rtentry$$0000000C)
    __rt_exit                                0x0800018b   Thumb Code     0  rtexit.o(.ARM.Collect$$rtexit$$00000000)
    __rt_exit_ls                             0x0800018d   Thumb Code     0  rtexit2.o(.ARM.Collect$$rtexit$$00000003)
    __rt_exit_prels_1                        0x0800018d   Thumb Code     0  rtexit2.o(.ARM.Collect$$rtexit$$00000002)
    __rt_exit_exit                           0x08000191   Thumb Code     0  rtexit2.o(.ARM.Collect$$rtexit$$00000004)
    Reset_Handler                            0x08000199   Thumb Code     8  startup_stm32f10x_md.o(.text)
    NMI_Handler                              0x080001a1   Thumb Code     2  startup_stm32f10x_md.o(.text)
    HardFault_Handler                        0x080001a3   Thumb Code     2  startup_stm32f10x_md.o(.text)
    MemManage_Handler                        0x080001a5   Thumb Code     2  startup_stm32f10x_md.o(.text)
    BusFault_Handler                         0x080001a7   Thumb Code     2  startup_stm32f10x_md.o(.text)
    UsageFault_Handler                       0x080001a9   Thumb Code     2  startup_stm32f10x_md.o(.text)
    SVC_Handler                              0x080001ab   Thumb Code     2  startup_stm32f10x_md.o(.text)
    DebugMon_Handler                         0x080001ad   Thumb Code     2  startup_stm32f10x_md.o(.text)
    PendSV_Handler                           0x080001af   Thumb Code     2  startup_stm32f10x_md.o(.text)
    SysTick_Handler                          0x080001b1   Thumb Code     2  startup_stm32f10x_md.o(.text)
    ADC1_2_IRQHandler                        0x080001b3   Thumb Code     0  startup_stm32f10x_md.o(.text)
    CAN1_RX1_IRQHandler                      0x080001b3   Thumb Code     0  startup_stm32f10x_md.o(.text)
    CAN1_SCE_IRQHandler                      0x080001b3   Thumb Code     0  startup_stm32f10x_md.o(.text)
    DMA1_Channel1_IRQHandler                 0x080001b3   Thumb Code     0  startup_stm32f10x_md.o(.text)
    DMA1_Channel2_IRQHandler                 0x080001b3   Thumb Code     0  startup_stm32f10x_md.o(.text)
    DMA1_Channel3_IRQHandler                 0x080001b3   Thumb Code     0  startup_stm32f10x_md.o(.text)
    DMA1_Channel4_IRQHandler                 0x080001b3   Thumb Code     0  startup_stm32f10x_md.o(.text)
    DMA1_Channel5_IRQHandler                 0x080001b3   Thumb Code     0  startup_stm32f10x_md.o(.text)
    DMA1_Channel6_IRQHandler                 0x080001b3   Thumb Code     0  startup_stm32f10x_md.o(.text)
    DMA1_Channel7_IRQHandler                 0x080001b3   Thumb Code     0  startup_stm32f10x_md.o(.text)
    EXTI0_IRQHandler                         0x080001b3   Thumb Code     0  startup_stm32f10x_md.o(.text)
    EXTI15_10_IRQHandler                     0x080001b3   Thumb Code     0  startup_stm32f10x_md.o(.text)
    EXTI1_IRQHandler                         0x080001b3   Thumb Code     0  startup_stm32f10x_md.o(.text)
    EXTI2_IRQHandler                         0x080001b3   Thumb Code     0  startup_stm32f10x_md.o(.text)
    EXTI3_IRQHandler                         0x080001b3   Thumb Code     0  startup_stm32f10x_md.o(.text)
    EXTI4_IRQHandler                         0x080001b3   Thumb Code     0  startup_stm32f10x_md.o(.text)
    EXTI9_5_IRQHandler                       0x080001b3   Thumb Code     0  startup_stm32f10x_md.o(.text)
    FLASH_IRQHandler                         0x080001b3   Thumb Code     0  startup_stm32f10x_md.o(.text)
    I2C1_ER_IRQHandler                       0x080001b3   Thumb Code     0  startup_stm32f10x_md.o(.text)
    I2C1_EV_IRQHandler                       0x080001b3   Thumb Code     0  startup_stm32f10x_md.o(.text)
    I2C2_ER_IRQHandler                       0x080001b3   Thumb Code     0  startup_stm32f10x_md.o(.text)
    I2C2_EV_IRQHandler                       0x080001b3   Thumb Code     0  startup_stm32f10x_md.o(.text)
    PVD_IRQHandler                           0x080001b3   Thumb Code     0  startup_stm32f10x_md.o(.text)
    RCC_IRQHandler                           0x080001b3   Thumb Code     0  startup_stm32f10x_md.o(.text)
    RTCAlarm_IRQHandler                      0x080001b3   Thumb Code     0  startup_stm32f10x_md.o(.text)
    RTC_IRQHandler                           0x080001b3   Thumb Code     0  startup_stm32f10x_md.o(.text)
    SPI1_IRQHandler                          0x080001b3   Thumb Code     0  startup_stm32f10x_md.o(.text)
    SPI2_IRQHandler                          0x080001b3   Thumb Code     0  startup_stm32f10x_md.o(.text)
    TAMPER_IRQHandler                        0x080001b3   Thumb Code     0  startup_stm32f10x_md.o(.text)
    TIM1_BRK_IRQHandler                      0x080001b3   Thumb Code     0  startup_stm32f10x_md.o(.text)
    TIM1_CC_IRQHandler                       0x080001b3   Thumb Code     0  startup_stm32f10x_md.o(.text)
    TIM1_TRG_COM_IRQHandler                  0x080001b3   Thumb Code     0  startup_stm32f10x_md.o(.text)
    TIM1_UP_IRQHandler                       0x080001b3   Thumb Code     0  startup_stm32f10x_md.o(.text)
    TIM2_IRQHandler                          0x080001b3   Thumb Code     0  startup_stm32f10x_md.o(.text)
    TIM3_IRQHandler                          0x080001b3   Thumb Code     0  startup_stm32f10x_md.o(.text)
    TIM4_IRQHandler                          0x080001b3   Thumb Code     0  startup_stm32f10x_md.o(.text)
    USART1_IRQHandler                        0x080001b3   Thumb Code     0  startup_stm32f10x_md.o(.text)
    USART2_IRQHandler                        0x080001b3   Thumb Code     0  startup_stm32f10x_md.o(.text)
    USART3_IRQHandler                        0x080001b3   Thumb Code     0  startup_stm32f10x_md.o(.text)
    USBWakeUp_IRQHandler                     0x080001b3   Thumb Code     0  startup_stm32f10x_md.o(.text)
    USB_HP_CAN1_TX_IRQHandler                0x080001b3   Thumb Code     0  startup_stm32f10x_md.o(.text)
    USB_LP_CAN1_RX0_IRQHandler               0x080001b3   Thumb Code     0  startup_stm32f10x_md.o(.text)
    WWDG_IRQHandler                          0x080001b3   Thumb Code     0  startup_stm32f10x_md.o(.text)
    __user_initial_stackheap                 0x080001b5   Thumb Code     0  startup_stm32f10x_md.o(.text)
    __use_two_region_memory                  0x080001d9   Thumb Code     2  heapauxi.o(.text)
    __rt_heap_escrow$2region                 0x080001db   Thumb Code     2  heapauxi.o(.text)
    __rt_heap_expand$2region                 0x080001dd   Thumb Code     2  heapauxi.o(.text)
    __user_setup_stackheap                   0x080001df   Thumb Code    74  sys_stackheap_outer.o(.text)
    exit                                     0x08000229   Thumb Code    18  exit.o(.text)
    __user_libspace                          0x0800023d   Thumb Code     8  libspace.o(.text)
    __user_perproc_libspace                  0x0800023d   Thumb Code     0  libspace.o(.text)
    __user_perthread_libspace                0x0800023d   Thumb Code     0  libspace.o(.text)
    _sys_exit                                0x08000245   Thumb Code     8  sys_exit.o(.text)
    __I$use$semihosting                      0x08000251   Thumb Code     0  use_no_semi.o(.text)
    __use_no_semihosting_swi                 0x08000251   Thumb Code     2  use_no_semi.o(.text)
    __semihosting_library_function           0x08000253   Thumb Code     0  indicate_semi.o(.text)
    DelayMillis                              0x08000255   Thumb Code    54  systick_time.o(.text.DelayMillis)
    DelayMs                                  0x0800028d   Thumb Code    32  systick_time.o(.text.DelayMs)
    SystemInit                               0x080003d9   Thumb Code   102  system_stm32f10x.o(.text.SystemInit)
    W_GP                                     0x08000441   Thumb Code   160  gp_drive.o(.text.W_GP)
    init_GP                                  0x080004e1   Thumb Code   258  gp_drive.o(.text.init_GP)
    main                                     0x080005e5   Thumb Code    80  main.o(.text.main)
    spi_init                                 0x08000635   Thumb Code   324  spi_drive.o(.text.spi_init)
    spi_msg                                  0x08000779   Thumb Code   200  spi_drive.o(.text.spi_msg)
    spi_tx                                   0x08000841   Thumb Code   154  spi_drive.o(.text.spi_tx)
    systick_init                             0x080008dd   Thumb Code    42  systick_time.o(.text.systick_init)
    Region$$Table$$Base                      0x0800090c   Number         0  anon$$obj.o(Region$$Table)
    Region$$Table$$Limit                     0x0800091c   Number         0  anon$$obj.o(Region$$Table)
    __libspace_start                         0x20000000   Data          96  libspace.o(.bss)
    __temporary_stack_top$libspace           0x20000060   Data           0  libspace.o(.bss)



==============================================================================

Memory Map of the image

  Image Entry point : 0x08000199

  Load Region LR_1 (Base: 0x08000000, Size: 0x0000091c, Max: 0xffffffff, ABSOLUTE)

    Execution Region ER_RO (Exec base: 0x08000000, Load base: 0x08000000, Size: 0x0000091c, Max: 0xffffffff, ABSOLUTE)

    Exec Addr    Load Addr    Size         Type   Attr      Idx    E Section Name        Object

    0x08000000   0x08000000   0x000000ec   Data   RO          250    RESET               startup_stm32f10x_md.o
    0x080000ec   0x080000ec   0x00000008   Code   RO          278  * !!!main             c_w.l(__main.o)
    0x080000f4   0x080000f4   0x0000005c   Code   RO          480    !!!scatter          c_w.l(__scatter.o)
    0x08000150   0x08000150   0x00000002   Code   RO          481    !!handler_null      c_w.l(__scatter.o)
    0x08000152   0x08000152   0x00000002   PAD
    0x08000154   0x08000154   0x0000001c   Code   RO          484    !!handler_zi        c_w.l(__scatter_zi.o)
    0x08000170   0x08000170   0x00000002   Code   RO          342    .ARM.Collect$$libinit$$00000000  c_w.l(libinit.o)
    0x08000172   0x08000172   0x00000000   Code   RO          349    .ARM.Collect$$libinit$$00000002  c_w.l(libinit2.o)
    0x08000172   0x08000172   0x00000000   Code   RO          351    .ARM.Collect$$libinit$$00000004  c_w.l(libinit2.o)
    0x08000172   0x08000172   0x00000000   Code   RO          353    .ARM.Collect$$libinit$$00000006  c_w.l(libinit2.o)
    0x08000172   0x08000172   0x00000000   Code   RO          356    .ARM.Collect$$libinit$$0000000C  c_w.l(libinit2.o)
    0x08000172   0x08000172   0x00000000   Code   RO          358    .ARM.Collect$$libinit$$0000000E  c_w.l(libinit2.o)
    0x08000172   0x08000172   0x00000000   Code   RO          360    .ARM.Collect$$libinit$$00000010  c_w.l(libinit2.o)
    0x08000172   0x08000172   0x00000000   Code   RO          363    .ARM.Collect$$libinit$$00000013  c_w.l(libinit2.o)
    0x08000172   0x08000172   0x00000000   Code   RO          365    .ARM.Collect$$libinit$$00000015  c_w.l(libinit2.o)
    0x08000172   0x08000172   0x00000000   Code   RO          367    .ARM.Collect$$libinit$$00000017  c_w.l(libinit2.o)
    0x08000172   0x08000172   0x00000000   Code   RO          369    .ARM.Collect$$libinit$$00000019  c_w.l(libinit2.o)
    0x08000172   0x08000172   0x00000000   Code   RO          371    .ARM.Collect$$libinit$$0000001B  c_w.l(libinit2.o)
    0x08000172   0x08000172   0x00000000   Code   RO          373    .ARM.Collect$$libinit$$0000001D  c_w.l(libinit2.o)
    0x08000172   0x08000172   0x00000000   Code   RO          375    .ARM.Collect$$libinit$$0000001F  c_w.l(libinit2.o)
    0x08000172   0x08000172   0x00000000   Code   RO          377    .ARM.Collect$$libinit$$00000021  c_w.l(libinit2.o)
    0x08000172   0x08000172   0x00000000   Code   RO          379    .ARM.Collect$$libinit$$00000023  c_w.l(libinit2.o)
    0x08000172   0x08000172   0x00000000   Code   RO          381    .ARM.Collect$$libinit$$00000025  c_w.l(libinit2.o)
    0x08000172   0x08000172   0x00000000   Code   RO          383    .ARM.Collect$$libinit$$00000027  c_w.l(libinit2.o)
    0x08000172   0x08000172   0x00000000   Code   RO          387    .ARM.Collect$$libinit$$0000002E  c_w.l(libinit2.o)
    0x08000172   0x08000172   0x00000000   Code   RO          389    .ARM.Collect$$libinit$$00000030  c_w.l(libinit2.o)
    0x08000172   0x08000172   0x00000000   Code   RO          391    .ARM.Collect$$libinit$$00000032  c_w.l(libinit2.o)
    0x08000172   0x08000172   0x00000000   Code   RO          393    .ARM.Collect$$libinit$$00000034  c_w.l(libinit2.o)
    0x08000172   0x08000172   0x00000002   Code   RO          394    .ARM.Collect$$libinit$$00000035  c_w.l(libinit2.o)
    0x08000174   0x08000174   0x00000002   Code   RO          416    .ARM.Collect$$libshutdown$$00000000  c_w.l(libshutdown.o)
    0x08000176   0x08000176   0x00000000   Code   RO          431    .ARM.Collect$$libshutdown$$00000002  c_w.l(libshutdown2.o)
    0x08000176   0x08000176   0x00000000   Code   RO          433    .ARM.Collect$$libshutdown$$00000004  c_w.l(libshutdown2.o)
    0x08000176   0x08000176   0x00000000   Code   RO          436    .ARM.Collect$$libshutdown$$00000007  c_w.l(libshutdown2.o)
    0x08000176   0x08000176   0x00000000   Code   RO          439    .ARM.Collect$$libshutdown$$0000000A  c_w.l(libshutdown2.o)
    0x08000176   0x08000176   0x00000000   Code   RO          441    .ARM.Collect$$libshutdown$$0000000C  c_w.l(libshutdown2.o)
    0x08000176   0x08000176   0x00000000   Code   RO          444    .ARM.Collect$$libshutdown$$0000000F  c_w.l(libshutdown2.o)
    0x08000176   0x08000176   0x00000002   Code   RO          445    .ARM.Collect$$libshutdown$$00000010  c_w.l(libshutdown2.o)
    0x08000178   0x08000178   0x00000000   Code   RO          304    .ARM.Collect$$rtentry$$00000000  c_w.l(__rtentry.o)
    0x08000178   0x08000178   0x00000000   Code   RO          317    .ARM.Collect$$rtentry$$00000002  c_w.l(__rtentry2.o)
    0x08000178   0x08000178   0x00000006   Code   RO          329    .ARM.Collect$$rtentry$$00000004  c_w.l(__rtentry4.o)
    0x0800017e   0x0800017e   0x00000000   Code   RO          319    .ARM.Collect$$rtentry$$00000009  c_w.l(__rtentry2.o)
    0x0800017e   0x0800017e   0x00000004   Code   RO          320    .ARM.Collect$$rtentry$$0000000A  c_w.l(__rtentry2.o)
    0x08000182   0x08000182   0x00000000   Code   RO          322    .ARM.Collect$$rtentry$$0000000C  c_w.l(__rtentry2.o)
    0x08000182   0x08000182   0x00000008   Code   RO          323    .ARM.Collect$$rtentry$$0000000D  c_w.l(__rtentry2.o)
    0x0800018a   0x0800018a   0x00000002   Code   RO          346    .ARM.Collect$$rtexit$$00000000  c_w.l(rtexit.o)
    0x0800018c   0x0800018c   0x00000000   Code   RO          396    .ARM.Collect$$rtexit$$00000002  c_w.l(rtexit2.o)
    0x0800018c   0x0800018c   0x00000004   Code   RO          397    .ARM.Collect$$rtexit$$00000003  c_w.l(rtexit2.o)
    0x08000190   0x08000190   0x00000006   Code   RO          398    .ARM.Collect$$rtexit$$00000004  c_w.l(rtexit2.o)
    0x08000196   0x08000196   0x00000002   PAD
    0x08000198   0x08000198   0x00000040   Code   RO          251  * .text               startup_stm32f10x_md.o
    0x080001d8   0x080001d8   0x00000006   Code   RO          276    .text               c_w.l(heapauxi.o)
    0x080001de   0x080001de   0x0000004a   Code   RO          333    .text               c_w.l(sys_stackheap_outer.o)
    0x08000228   0x08000228   0x00000012   Code   RO          335    .text               c_w.l(exit.o)
    0x0800023a   0x0800023a   0x00000002   PAD
    0x0800023c   0x0800023c   0x00000008   Code   RO          343    .text               c_w.l(libspace.o)
    0x08000244   0x08000244   0x0000000c   Code   RO          406    .text               c_w.l(sys_exit.o)
    0x08000250   0x08000250   0x00000002   Code   RO          421    .text               c_w.l(use_no_semi.o)
    0x08000252   0x08000252   0x00000000   Code   RO          423    .text               c_w.l(indicate_semi.o)
    0x08000252   0x08000252   0x00000002   PAD
    0x08000254   0x08000254   0x00000036   Code   RO          180    .text.DelayMillis   systick_time.o
    0x0800028a   0x0800028a   0x00000002   PAD
    0x0800028c   0x0800028c   0x00000020   Code   RO          182    .text.DelayMs       systick_time.o
    0x080002ac   0x080002ac   0x00000008   Code   RO          260    .text.SetSysClock   system_stm32f10x.o
    0x080002b4   0x080002b4   0x00000122   Code   RO          264    .text.SetSysClockTo72  system_stm32f10x.o
    0x080003d6   0x080003d6   0x00000002   PAD
    0x080003d8   0x080003d8   0x00000066   Code   RO          258    .text.SystemInit    system_stm32f10x.o
    0x0800043e   0x0800043e   0x00000002   PAD
    0x08000440   0x08000440   0x000000a0   Code   RO           16    .text.W_GP          gp_drive.o
    0x080004e0   0x080004e0   0x00000102   Code   RO           12    .text.init_GP       gp_drive.o
    0x080005e2   0x080005e2   0x00000002   PAD
    0x080005e4   0x080005e4   0x00000050   Code   RO            2    .text.main          main.o
    0x08000634   0x08000634   0x00000144   Code   RO           60    .text.spi_init      spi_drive.o
    0x08000778   0x08000778   0x000000c8   Code   RO           64    .text.spi_msg       spi_drive.o
    0x08000840   0x08000840   0x0000009a   Code   RO           62    .text.spi_tx        spi_drive.o
    0x080008da   0x080008da   0x00000002   PAD
    0x080008dc   0x080008dc   0x0000002a   Code   RO          174    .text.systick_init  systick_time.o
    0x08000906   0x08000906   0x00000005   Data   RO            4    .rodata.str1.1      main.o
    0x0800090b   0x0800090b   0x00000001   PAD
    0x0800090c   0x0800090c   0x00000010   Data   RO          479    Region$$Table       anon$$obj.o


    Execution Region ER_RW (Exec base: 0x20000000, Load base: 0x0800091c, Size: 0x00000000, Max: 0xffffffff, ABSOLUTE)

    **** No section assigned to this execution region ****


    Execution Region ER_ZI (Exec base: 0x20000000, Load base: 0x0800091c, Size: 0x00000660, Max: 0xffffffff, ABSOLUTE)

    Exec Addr    Load Addr    Size         Type   Attr      Idx    E Section Name        Object

    0x20000000        -       0x00000060   Zero   RW          344    .bss                c_w.l(libspace.o)
    0x20000060        -       0x00000200   Zero   RW          249    HEAP                startup_stm32f10x_md.o
    0x20000260        -       0x00000400   Zero   RW          248    STACK               startup_stm32f10x_md.o


==============================================================================

Image component sizes


      Code (inc. data)   RO Data    RW Data    ZI Data      Debug   Object Name

       418          0          0          0          0       2526   gp_drive.o
        80          0          5          0          0        491   main.o
       678          0          0          0          0       2515   spi_drive.o
        64         26        236          0       1536        844   startup_stm32f10x_md.o
       400          0          0          0          0       2996   system_stm32f10x.o
       128          0          0          0          0       1894   systick_time.o

    ----------------------------------------------------------------------
      1778         26        258          0       1536      11266   Object Totals
         0          0         16          0          0          0   (incl. Generated)
        10          0          1          0          0          0   (incl. Padding)

    ----------------------------------------------------------------------

      Code (inc. data)   RO Data    RW Data    ZI Data      Debug   Library Member Name

         8          0          0          0          0         68   __main.o
         0          0          0          0          0          0   __rtentry.o
        12          0          0          0          0          0   __rtentry2.o
         6          0          0          0          0          0   __rtentry4.o
        94          8          0          0          0          0   __scatter.o
        28          0          0          0          0          0   __scatter_zi.o
        18          0          0          0          0         80   exit.o
         6          0          0          0          0        152   heapauxi.o
         0          0          0          0          0          0   indicate_semi.o
         2          0          0          0          0          0   libinit.o
         2          0          0          0          0          0   libinit2.o
         2          0          0          0          0          0   libshutdown.o
         2          0          0          0          0          0   libshutdown2.o
         8          4          0          0         96         68   libspace.o
         2          0          0          0          0          0   rtexit.o
        10          0          0          0          0          0   rtexit2.o
        12          4          0          0          0         68   sys_exit.o
        74          0          0          0          0         80   sys_stackheap_outer.o
         2          0          0          0          0         68   use_no_semi.o

    ----------------------------------------------------------------------
       296         16          0          0         96        584   Library Totals
         8          0          0          0          0          0   (incl. Padding)

    ----------------------------------------------------------------------

      Code (inc. data)   RO Data    RW Data    ZI Data      Debug   Library Name

       288         16          0          0         96        584   c_w.l

    ----------------------------------------------------------------------
       296         16          0          0         96        584   Library Totals

    ----------------------------------------------------------------------

==============================================================================


      Code (inc. data)   RO Data    RW Data    ZI Data      Debug   

      2074         42        258          0       1632      11662   Grand Totals
      2074         42        258          0       1632      11662   ELF Image Totals
      2074         42        258          0          0          0   ROM Totals

==============================================================================

    Total RO  Size (Code + RO Data)                 2332 (   2.28kB)
    Total RW  Size (RW Data + ZI Data)              1632 (   1.59kB)
    Total ROM Size (Code + RO Data + RW Data)       2332 (   2.28kB)

==============================================================================

