Component: Arm Compiler for Embedded 6.22 Tool: armlink [5ee90200]

==============================================================================

Section Cross References

    main.o(.text.main) refers to stm32f103xx_uart_driver.o(.text.USART_Init) for USART_Init
    main.o(.text.main) refers to stm32f103xx_uart_driver.o(.text.USART_PeripheralControl) for USART_PeripheralControl
    main.o(.text.main) refers to cortexmx_systick_timer.o(.text.SysTick_Init) for SysTick_Init
    main.o(.text.main) refers to cortexmx_systick_timer.o(.text.SysTick_StartCount) for SysTick_StartCount
    main.o(.text.main) refers to main.o(.data.mes) for mes
    main.o(.text.main) refers to strlen.o(.text) for strlen
    main.o(.text.main) refers to stm32f103xx_uart_driver.o(.text.USART_SendData) for USART_SendData
    main.o(.text.main) refers to cortexmx_systick_timer.o(.text.SysTick_Delayms) for SysTick_Delayms
    main.o(.ARM.exidx.text.main) refers to main.o(.text.main) for [Anonymous Symbol]
    cortexmx.o(.ARM.exidx.text.Switch_SpToPSP) refers to cortexmx.o(.text.Switch_SpToPSP) for [Anonymous Symbol]
    cortexmx_nvic.o(.ARM.exidx.text.NVIC_IRQConfig) refers to cortexmx_nvic.o(.text.NVIC_IRQConfig) for [Anonymous Symbol]
    cortexmx_nvic.o(.ARM.exidx.text.NVIC_IRQPriorityConfig) refers to cortexmx_nvic.o(.text.NVIC_IRQPriorityConfig) for [Anonymous Symbol]
    cortexmx_nvic.o(.ARM.exidx.text.NVIC_IRQGetPriority) refers to cortexmx_nvic.o(.text.NVIC_IRQGetPriority) for [Anonymous Symbol]
    cortexmx_rtos.o(.ARM.exidx.text.PendSV_Handler) refers to cortexmx_rtos.o(.text.PendSV_Handler) for [Anonymous Symbol]
    cortexmx_rtos.o(.ARM.exidx.text.HardFault_Handler) refers to cortexmx_rtos.o(.text.HardFault_Handler) for [Anonymous Symbol]
    cortexmx_rtos.o(.ARM.exidx.text.MemManage_Handler) refers to cortexmx_rtos.o(.text.MemManage_Handler) for [Anonymous Symbol]
    cortexmx_rtos.o(.ARM.exidx.text.BusFault_Handler) refers to cortexmx_rtos.o(.text.BusFault_Handler) for [Anonymous Symbol]
    cortexmx_rtos.o(.ARM.exidx.text.UsageFault_Handler) refers to cortexmx_rtos.o(.text.UsageFault_Handler) for [Anonymous Symbol]
    cortexmx_systick_timer.o(.text.SysTick_Init) refers to cortexmx_systick_timer.o(.data.pSTK) for pSTK
    cortexmx_systick_timer.o(.text.SysTick_Init) refers to cortexmx_systick_timer.o(.data.CoreClock) for CoreClock
    cortexmx_systick_timer.o(.text.SysTick_Init) refers to cortexmx_systick_timer.o(.text.SysTick_LoadValue) for SysTick_LoadValue
    cortexmx_systick_timer.o(.ARM.exidx.text.SysTick_Init) refers to cortexmx_systick_timer.o(.text.SysTick_Init) for [Anonymous Symbol]
    cortexmx_systick_timer.o(.text.SysTick_LoadValue) refers to cortexmx_systick_timer.o(.data.pSTK) for pSTK
    cortexmx_systick_timer.o(.ARM.exidx.text.SysTick_LoadValue) refers to cortexmx_systick_timer.o(.text.SysTick_LoadValue) for [Anonymous Symbol]
    cortexmx_systick_timer.o(.text.SysTick_DeInit) refers to cortexmx_systick_timer.o(.data.pSTK) for pSTK
    cortexmx_systick_timer.o(.ARM.exidx.text.SysTick_DeInit) refers to cortexmx_systick_timer.o(.text.SysTick_DeInit) for [Anonymous Symbol]
    cortexmx_systick_timer.o(.text.SysTick_StartCount) refers to cortexmx_systick_timer.o(.data.pSTK) for pSTK
    cortexmx_systick_timer.o(.ARM.exidx.text.SysTick_StartCount) refers to cortexmx_systick_timer.o(.text.SysTick_StartCount) for [Anonymous Symbol]
    cortexmx_systick_timer.o(.text.SysTick_Delayms) refers to cortexmx_systick_timer.o(.text.Delayms) for Delayms
    cortexmx_systick_timer.o(.ARM.exidx.text.SysTick_Delayms) refers to cortexmx_systick_timer.o(.text.SysTick_Delayms) for [Anonymous Symbol]
    cortexmx_systick_timer.o(.text.Delayms) refers to cortexmx_systick_timer.o(.data.CoreClock) for CoreClock
    cortexmx_systick_timer.o(.text.Delayms) refers to cortexmx_systick_timer.o(.text.SysTick_LoadValue) for SysTick_LoadValue
    cortexmx_systick_timer.o(.text.Delayms) refers to cortexmx_systick_timer.o(.text.SysTick_StartCount) for SysTick_StartCount
    cortexmx_systick_timer.o(.text.Delayms) refers to cortexmx_systick_timer.o(.data.pSTK) for pSTK
    cortexmx_systick_timer.o(.ARM.exidx.text.Delayms) refers to cortexmx_systick_timer.o(.text.Delayms) for [Anonymous Symbol]
    cortexmx_systick_timer.o(.text.SysTick_Delayus) refers to cortexmx_systick_timer.o(.text.Delayus) for Delayus
    cortexmx_systick_timer.o(.ARM.exidx.text.SysTick_Delayus) refers to cortexmx_systick_timer.o(.text.SysTick_Delayus) for [Anonymous Symbol]
    cortexmx_systick_timer.o(.text.Delayus) refers to cortexmx_systick_timer.o(.data.CoreClock) for CoreClock
    cortexmx_systick_timer.o(.text.Delayus) refers to cortexmx_systick_timer.o(.text.SysTick_LoadValue) for SysTick_LoadValue
    cortexmx_systick_timer.o(.text.Delayus) refers to cortexmx_systick_timer.o(.text.SysTick_StartCount) for SysTick_StartCount
    cortexmx_systick_timer.o(.text.Delayus) refers to cortexmx_systick_timer.o(.data.pSTK) for pSTK
[...]
    stm32f103xx_flash_driver.o(.ARM.exidx.text.Flash_Erase) refers to stm32f103xx_flash_driver.o(.text.Flash_Erase) for [Anonymous Symbol]
    startup_stm32f10x_md.o(STACK) refers (Special) to heapauxi.o(.text) for __use_two_region_memory
    startup_stm32f10x_md.o(HEAP) refers (Special) to heapauxi.o(.text) for __use_two_region_memory
    startup_stm32f10x_md.o(RESET) refers (Special) to heapauxi.o(.text) for __use_two_region_memory
    startup_stm32f10x_md.o(RESET) refers to startup_stm32f10x_md.o(STACK) for __initial_sp
    startup_stm32f10x_md.o(RESET) refers to startup_stm32f10x_md.o(.text) for Reset_Handler
    startup_stm32f10x_md.o(RESET) refers to cortexmx_rtos.o(.text.HardFault_Handler) for HardFault_Handler
    startup_stm32f10x_md.o(RESET) refers to cortexmx_rtos.o(.text.MemManage_Handler) for MemManage_Handler
    startup_stm32f10x_md.o(RESET) refers to cortexmx_rtos.o(.text.BusFault_Handler) for BusFault_Handler
    startup_stm32f10x_md.o(RESET) refers to cortexmx_rtos.o(.text.UsageFault_Handler) for UsageFault_Handler
    startup_stm32f10x_md.o(RESET) refers to cortexmx_rtos.o(.text.PendSV_Handler) for PendSV_Handler
    startup_stm32f10x_md.o(.text) refers (Special) to heapauxi.o(.text) for __use_two_region_memory
    startup_stm32f10x_md.o(.text) refers to system_stm32f10x.o(.text.SystemInit) for SystemInit
    startup_stm32f10x_md.o(.text) refers to __main.o(!!!main) for __main
    startup_stm32f10x_md.o(.text) refers to startup_stm32f10x_md.o(HEAP) for Heap_Mem
    startup_stm32f10x_md.o(.text) refers to startup_stm32f10x_md.o(STACK) for Stack_Mem
    system_stm32f10x.o(.text.SystemInit) refers to system_stm32f10x.o(.text.SetSysClock) for SetSysClock
    system_stm32f10x.o(.ARM.exidx.text.SystemInit) refers to system_stm32f10x.o(.text.SystemInit) for [Anonymous Symbol]
    system_stm32f10x.o(.text.SetSysClock) refers to system_stm32f10x.o(.text.SetSysClockTo72) for SetSysClockTo72
    system_stm32f10x.o(.ARM.exidx.text.SetSysClock) refers to system_stm32f10x.o(.text.SetSysClock) for [Anonymous Symbol]
    system_stm32f10x.o(.text.SystemCoreClockUpdate) refers to system_stm32f10x.o(.data.SystemCoreClock) for SystemCoreClock
    system_stm32f10x.o(.text.SystemCoreClockUpdate) refers to system_stm32f10x.o(.rodata.AHBPrescTable) for AHBPrescTable
    system_stm32f10x.o(.ARM.exidx.text.SystemCoreClockUpdate) refers to system_stm32f10x.o(.text.SystemCoreClockUpdate) for [Anonymous Symbol]
    system_stm32f10x.o(.ARM.exidx.text.SetSysClockTo72) refers to system_stm32f10x.o(.text.SetSysClockTo72) for [Anonymous Symbol]
    __main.o(!!!main) refers to __rtentry.o(.ARM.Collect$$rtentry$$00000000) for __rt_entry
    daddsub_clz.o(x$fpl$dadd) refers (Special) to usenofp.o(x$fpl$usenofp) for __I$use$fp
    daddsub_clz.o(x$fpl$dadd) refers to daddsub_clz.o(x$fpl$dsub) for _dsub1
    daddsub_clz.o(x$fpl$dadd) refers to dretinf.o(x$fpl$dretinf) for __fpl_dretinf
    daddsub_clz.o(x$fpl$dadd) refers to dnaninf.o(x$fpl$dnaninf) for __fpl_dnaninf
    daddsub_clz.o(x$fpl$drsb) refers (Special) to usenofp.o(x$fpl$usenofp) for __I$use$fp
    daddsub_clz.o(x$fpl$drsb) refers to daddsub_clz.o(x$fpl$dadd) for _dadd1
    daddsub_clz.o(x$fpl$drsb) refers to daddsub_clz.o(x$fpl$dsub) for _dsub1
    daddsub_clz.o(x$fpl$dsub) refers (Special) to usenofp.o(x$fpl$usenofp) for __I$use$fp
    daddsub_clz.o(x$fpl$dsub) refers to daddsub_clz.o(x$fpl$dadd) for _dadd1
    daddsub_clz.o(x$fpl$dsub) refers to dnaninf.o(x$fpl$dnaninf) for __fpl_dnaninf
    dcmp.o(x$fpl$fcmp) refers (Special) to usenofp.o(x$fpl$usenofp) for __I$use$fp
    dcmp.o(x$fpl$fcmp) refers to deqf.o(x$fpl$deqf) for _dcmpeq
    dcmp.o(x$fpl$fcmp) refers to dgeqf.o(x$fpl$dgeqf) for _dcmpge
    dcmp.o(x$fpl$fcmp) refers to dleqf.o(x$fpl$dleqf) for _dcmple
    ddiv.o(x$fpl$drdiv) refers (Special) to usenofp.o(x$fpl$usenofp) for __I$use$fp
    ddiv.o(x$fpl$drdiv) refers to ddiv.o(x$fpl$ddiv) for ddiv_entry
    ddiv.o(x$fpl$ddiv) refers (Special) to usenofp.o(x$fpl$usenofp) for __I$use$fp
    ddiv.o(x$fpl$ddiv) refers to dretinf.o(x$fpl$dretinf) for __fpl_dretinf
    ddiv.o(x$fpl$ddiv) refers to dnaninf.o(x$fpl$dnaninf) for __fpl_dnaninf
    dfixu.o(x$fpl$dfixu) refers (Special) to usenofp.o(x$fpl$usenofp) for __I$use$fp
    dfixu.o(x$fpl$dfixu) refers to dnaninf.o(x$fpl$dnaninf) for __fpl_dnaninf
    dfixu.o(x$fpl$dfixur) refers (Special) to usenofp.o(x$fpl$usenofp) for __I$use$fp
    dfixu.o(x$fpl$dfixur) refers to dnaninf.o(x$fpl$dnaninf) for __fpl_dnaninf
    dflt_clz.o(x$fpl$dfltu) refers (Special) to usenofp.o(x$fpl$usenofp) for __I$use$fp
    dflt_clz.o(x$fpl$dflt) refers (Special) to usenofp.o(x$fpl$usenofp) for __I$use$fp
    dflt_clz.o(x$fpl$dfltn) refers (Special) to usenofp.o(x$fpl$usenofp) for __I$use$fp
    dmul.o(x$fpl$dmul) refers (Special) to usenofp.o(x$fpl$usenofp) for __I$use$fp
    dmul.o(x$fpl$dmul) refers to dretinf.o(x$fpl$dretinf) for __fpl_dretinf
    dmul.o(x$fpl$dmul) refers to dnaninf.o(x$fpl$dnaninf) for __fpl_dnaninf
    __rtentry.o(.ARM.Collect$$rtentry$$00000000) refers (Special) to __rtentry2.o(.ARM.Collect$$rtentry$$0000000A) for __rt_entry_li
    __rtentry.o(.ARM.Collect$$rtentry$$00000000) refers (Special) to __rtentry2.o(.ARM.Collect$$rtentry$$0000000D) for __rt_entry_main
    __rtentry.o(.ARM.Collect$$rtentry$$00000000) refers (Special) to __rtentry2.o(.ARM.Collect$$rtentry$$0000000C) for __rt_entry_postli_1
    __rtentry.o(.ARM.Collect$$rtentry$$00000000) refers (Special) to __rtentry2.o(.ARM.Collect$$rtentry$$00000009) for __rt_entry_postsh_1
    __rtentry.o(.ARM.Collect$$rtentry$$00000000) refers (Special) to __rtentry2.o(.ARM.Collect$$rtentry$$00000002) for __rt_entry_presh_1
    __rtentry.o(.ARM.Collect$$rtentry$$00000000) refers (Special) to __rtentry4.o(.ARM.Collect$$rtentry$$00000004) for __rt_entry_sh
    deqf.o(x$fpl$deqf) refers (Special) to usenofp.o(x$fpl$usenofp) for __I$use$fp
    deqf.o(x$fpl$deqf) refers to dnaninf.o(x$fpl$dnaninf) for __fpl_dnaninf
    deqf.o(x$fpl$deqf) refers to dcmpi.o(x$fpl$dcmpinf) for __fpl_dcmp_Inf
    dgeqf.o(x$fpl$dgeqf) refers (Special) to usenofp.o(x$fpl$usenofp) for __I$use$fp
    dgeqf.o(x$fpl$dgeqf) refers to dnaninf.o(x$fpl$dnaninf) for __fpl_dnaninf
    dgeqf.o(x$fpl$dgeqf) refers to dcmpi.o(x$fpl$dcmpinf) for __fpl_dcmp_Inf
    dleqf.o(x$fpl$dleqf) refers (Special) to usenofp.o(x$fpl$usenofp) for __I$use$fp
    dleqf.o(x$fpl$dleqf) refers to dnaninf.o(x$fpl$dnaninf) for __fpl_dnaninf
    dleqf.o(x$fpl$dleqf) refers to dcmpi.o(x$fpl$dcmpinf) for __fpl_dcmp_Inf
    dnaninf.o(x$fpl$dnaninf) refers (Special) to usenofp.o(x$fpl$usenofp) for __I$use$fp
    dretinf.o(x$fpl$dretinf) refers (Special) to usenofp.o(x$fpl$usenofp) for __I$use$fp
    __rtentry2.o(.ARM.Collect$$rtentry$$00000008) refers to boardinit2.o(.text) for _platform_post_stackheap_init
    __rtentry2.o(.ARM.Collect$$rtentry$$0000000A) refers to libinit.o(.ARM.Collect$$libinit$$00000000) for __rt_lib_init
    __rtentry2.o(.ARM.Collect$$rtentry$$0000000B) refers to boardinit3.o(.text) for _platform_post_lib_init
    __rtentry2.o(.ARM.Collect$$rtentry$$0000000D) refers to main.o(.text.main) for main
    __rtentry2.o(.ARM.Collect$$rtentry$$0000000D) refers to exit.o(.text) for exit
    __rtentry2.o(.ARM.exidx) refers to __rtentry2.o(.ARM.Collect$$rtentry$$00000001) for .ARM.Collect$$rtentry$$00000001
    __rtentry2.o(.ARM.exidx) refers to __rtentry2.o(.ARM.Collect$$rtentry$$00000008) for .ARM.Collect$$rtentry$$00000008
    __rtentry2.o(.ARM.exidx) refers to __rtentry2.o(.ARM.Collect$$rtentry$$0000000A) for .ARM.Collect$$rtentry$$0000000A
    __rtentry2.o(.ARM.exidx) refers to __rtentry2.o(.ARM.Collect$$rtentry$$0000000B) for .ARM.Collect$$rtentry$$0000000B
    __rtentry2.o(.ARM.exidx) refers to __rtentry2.o(.ARM.Collect$$rtentry$$0000000D) for .ARM.Collect$$rtentry$$0000000D
    __rtentry4.o(.ARM.Collect$$rtentry$$00000004) refers to sys_stackheap_outer.o(.text) for __user_setup_stackheap
    __rtentry4.o(.ARM.exidx) refers to __rtentry4.o(.ARM.Collect$$rtentry$$00000004) for .ARM.Collect$$rtentry$$00000004
    dcmpi.o(x$fpl$dcmpinf) refers (Special) to usenofp.o(x$fpl$usenofp) for __I$use$fp
    sys_stackheap_outer.o(.text) refers to libspace.o(.text) for __user_perproc_libspace
    sys_stackheap_outer.o(.text) refers to startup_stm32f10x_md.o(.text) for __user_initial_stackheap
    exit.o(.text) refers to rtexit.o(.ARM.Collect$$rtexit$$00000000) for __rt_exit
    libinit.o(.ARM.Collect$$libinit$$00000000) refers (Special) to libinit2.o(.ARM.Collect$$libinit$$00000030) for __rt_lib_init_alloca_1
    libinit.o(.ARM.Collect$$libinit$$00000000) refers (Special) to libinit2.o(.ARM.Collect$$libinit$$0000002E) for __rt_lib_init_argv_1
    libinit.o(.ARM.Collect$$libinit$$00000000) refers (Special) to libinit2.o(.ARM.Collect$$libinit$$0000001D) for __rt_lib_init_atexit_1
    libinit.o(.ARM.Collect$$libinit$$00000000) refers (Special) to libinit2.o(.ARM.Collect$$libinit$$00000023) for __rt_lib_init_clock_1
    libinit.o(.ARM.Collect$$libinit$$00000000) refers (Special) to libinit2.o(.ARM.Collect$$libinit$$00000034) for __rt_lib_init_cpp_1
    libinit.o(.ARM.Collect$$libinit$$00000000) refers (Special) to libinit2.o(.ARM.Collect$$libinit$$00000032) for __rt_lib_init_exceptions_1
    libinit.o(.ARM.Collect$$libinit$$00000000) refers (Special) to libinit2.o(.ARM.Collect$$libinit$$00000002) for __rt_lib_init_fp_1
    libinit.o(.ARM.Collect$$libinit$$00000000) refers (Special) to libinit2.o(.ARM.Collect$$libinit$$00000021) for __rt_lib_init_fp_trap_1
    libinit.o(.ARM.Collect$$libinit$$00000000) refers (Special) to libinit2.o(.ARM.Collect$$libinit$$00000025) for __rt_lib_init_getenv_1
    libinit.o(.ARM.Collect$$libinit$$00000000) refers (Special) to libinit2.o(.ARM.Collect$$libinit$$0000000C) for __rt_lib_init_heap_1
    libinit.o(.ARM.Collect$$libinit$$00000000) refers (Special) to libinit2.o(.ARM.Collect$$libinit$$00000013) for __rt_lib_init_lc_collate_1
    libinit.o(.ARM.Collect$$libinit$$00000000) refers (Special) to libinit2.o(.ARM.Collect$$libinit$$00000015) for __rt_lib_init_lc_ctype_1
    libinit.o(.ARM.Collect$$libinit$$00000000) refers (Special) to libinit2.o(.ARM.Collect$$libinit$$00000017) for __rt_lib_init_lc_monetary_1
    libinit.o(.ARM.Collect$$libinit$$00000000) refers (Special) to libinit2.o(.ARM.Collect$$libinit$$00000019) for __rt_lib_init_lc_numeric_1
    libinit.o(.ARM.Collect$$libinit$$00000000) refers (Special) to libinit2.o(.ARM.Collect$$libinit$$0000001B) for __rt_lib_init_lc_time_1
    libinit.o(.ARM.Collect$$libinit$$00000000) refers (Special) to libinit2.o(.ARM.Collect$$libinit$$00000006) for __rt_lib_init_preinit_1
    libinit.o(.ARM.Collect$$libinit$$00000000) refers (Special) to libinit2.o(.ARM.Collect$$libinit$$00000010) for __rt_lib_init_rand_1
    libinit.o(.ARM.Collect$$libinit$$00000000) refers (Special) to libinit2.o(.ARM.Collect$$libinit$$00000004) for __rt_lib_init_relocate_pie_1
    libinit.o(.ARM.Collect$$libinit$$00000000) refers (Special) to libinit2.o(.ARM.Collect$$libinit$$00000035) for __rt_lib_init_return
    libinit.o(.ARM.Collect$$libinit$$00000000) refers (Special) to libinit2.o(.ARM.Collect$$libinit$$0000001F) for __rt_lib_init_signal_1
    libinit.o(.ARM.Collect$$libinit$$00000000) refers (Special) to libinit2.o(.ARM.Collect$$libinit$$00000027) for __rt_lib_init_stdio_1
    libinit.o(.ARM.Collect$$libinit$$00000000) refers (Special) to libinit2.o(.ARM.Collect$$libinit$$0000000E) for __rt_lib_init_user_alloc_1
    libspace.o(.text) refers to libspace.o(.bss) for __libspace_start
    rtexit.o(.ARM.Collect$$rtexit$$00000000) refers (Special) to rtexit2.o(.ARM.Collect$$rtexit$$00000004) for __rt_exit_exit
    rtexit.o(.ARM.Collect$$rtexit$$00000000) refers (Special) to rtexit2.o(.ARM.Collect$$rtexit$$00000003) for __rt_exit_ls
    rtexit.o(.ARM.Collect$$rtexit$$00000000) refers (Special) to rtexit2.o(.ARM.Collect$$rtexit$$00000002) for __rt_exit_prels_1
    rtexit.o(.ARM.exidx) refers (Special) to rtexit2.o(.ARM.Collect$$rtexit$$00000004) for __rt_exit_exit
    rtexit.o(.ARM.exidx) refers (Special) to rtexit2.o(.ARM.Collect$$rtexit$$00000003) for __rt_exit_ls
    rtexit.o(.ARM.exidx) refers (Special) to rtexit2.o(.ARM.Collect$$rtexit$$00000002) for __rt_exit_prels_1
    rtexit.o(.ARM.exidx) refers to rtexit.o(.ARM.Collect$$rtexit$$00000000) for .ARM.Collect$$rtexit$$00000000
    libinit2.o(.ARM.Collect$$libinit$$00000012) refers to libinit2.o(.ARM.Collect$$libinit$$00000011) for .ARM.Collect$$libinit$$00000011
    libinit2.o(.ARM.Collect$$libinit$$00000014) refers to libinit2.o(.ARM.Collect$$libinit$$00000011) for .ARM.Collect$$libinit$$00000011
    libinit2.o(.ARM.Collect$$libinit$$00000016) refers to libinit2.o(.ARM.Collect$$libinit$$00000011) for .ARM.Collect$$libinit$$00000011
    libinit2.o(.ARM.Collect$$libinit$$00000018) refers to libinit2.o(.ARM.Collect$$libinit$$00000011) for .ARM.Collect$$libinit$$00000011
    libinit2.o(.ARM.Collect$$libinit$$0000001A) refers to libinit2.o(.ARM.Collect$$libinit$$00000011) for .ARM.Collect$$libinit$$00000011
    libinit2.o(.ARM.Collect$$libinit$$00000028) refers to argv_veneer.o(.emb_text) for __ARM_argv_veneer
    libinit2.o(.ARM.Collect$$libinit$$00000029) refers to argv_veneer.o(.emb_text) for __ARM_argv_veneer
    rtexit2.o(.ARM.Collect$$rtexit$$00000003) refers to libshutdown.o(.ARM.Collect$$libshutdown$$00000000) for __rt_lib_shutdown
    rtexit2.o(.ARM.Collect$$rtexit$$00000004) refers to sys_exit.o(.text) for _sys_exit
    rtexit2.o(.ARM.exidx) refers to rtexit2.o(.ARM.Collect$$rtexit$$00000001) for .ARM.Collect$$rtexit$$00000001
    rtexit2.o(.ARM.exidx) refers to rtexit2.o(.ARM.Collect$$rtexit$$00000003) for .ARM.Collect$$rtexit$$00000003
    rtexit2.o(.ARM.exidx) refers to rtexit2.o(.ARM.Collect$$rtexit$$00000004) for .ARM.Collect$$rtexit$$00000004
    argv_veneer.o(.emb_text) refers to no_argv.o(.text) for __ARM_get_argv
    sys_exit.o(.text) refers (Special) to use_no_semi.o(.text) for __I$use$semihosting
    sys_exit.o(.text) refers (Special) to indicate_semi.o(.text) for __semihosting_library_function
    sys_exit_hlt.o(.text) refers (Special) to use_no_semi.o(.text) for __I$use$semihosting
    sys_exit_hlt.o(.text) refers (Special) to indicate_semi.o(.text) for __semihosting_library_function
    _get_argv_nomalloc.o(.text) refers (Special) to hrguard.o(.text) for __heap_region$guard
    _get_argv_nomalloc.o(.text) refers to defsig_rtmem_outer.o(.text) for __rt_SIGRTMEM
    _get_argv_nomalloc.o(.text) refers to sys_command.o(.text) for _sys_command_string
    libshutdown.o(.ARM.Collect$$libshutdown$$00000000) refers (Special) to libshutdown2.o(.ARM.Collect$$libshutdown$$00000002) for __rt_lib_shutdown_cpp_1
    libshutdown.o(.ARM.Collect$$libshutdown$$00000000) refers (Special) to libshutdown2.o(.ARM.Collect$$libshutdown$$00000007) for __rt_lib_shutdown_fp_trap_1
    libshutdown.o(.ARM.Collect$$libshutdown$$00000000) refers (Special) to libshutdown2.o(.ARM.Collect$$libshutdown$$0000000F) for __rt_lib_shutdown_heap_1
    libshutdown.o(.ARM.Collect$$libshutdown$$00000000) refers (Special) to libshutdown2.o(.ARM.Collect$$libshutdown$$00000010) for __rt_lib_shutdown_return
    libshutdown.o(.ARM.Collect$$libshutdown$$00000000) refers (Special) to libshutdown2.o(.ARM.Collect$$libshutdown$$0000000A) for __rt_lib_shutdown_signal_1
    libshutdown.o(.ARM.Collect$$libshutdown$$00000000) refers (Special) to libshutdown2.o(.ARM.Collect$$libshutdown$$00000004) for __rt_lib_shutdown_stdio_1
    libshutdown.o(.ARM.Collect$$libshutdown$$00000000) refers (Special) to libshutdown2.o(.ARM.Collect$$libshutdown$$0000000C) for __rt_lib_shutdown_user_alloc_1
    sys_command.o(.text) refers (Special) to use_no_semi.o(.text) for __I$use$semihosting
    sys_command.o(.text) refers (Special) to indicate_semi.o(.text) for __semihosting_library_function
    sys_command_hlt.o(.text) refers (Special) to use_no_semi.o(.text) for __I$use$semihosting
    sys_command_hlt.o(.text) refers (Special) to indicate_semi.o(.text) for __semihosting_library_function
    defsig_rtmem_outer.o(.text) refers to defsig_rtmem_inner.o(.text) for __rt_SIGRTMEM_inner
    defsig_rtmem_outer.o(.text) refers to defsig_exit.o(.text) for __sig_exit
    defsig_rtmem_formal.o(.text) refers to rt_raise.o(.text) for __rt_raise
    rt_raise.o(.text) refers to __raise.o(.text) for __raise
    rt_raise.o(.text) refers to sys_exit.o(.text) for _sys_exit
    defsig_exit.o(.text) refers to sys_exit.o(.text) for _sys_exit
    defsig_rtmem_inner.o(.text) refers to defsig_general.o(.text) for __default_signal_display
    __raise.o(.text) refers to defsig.o(CL$$defsig) for __default_signal_handler
    defsig_general.o(.text) refers to sys_wrch.o(.text) for _ttywrch
    sys_wrch.o(.text) refers (Special) to use_no_semi.o(.text) for __I$use$semihosting
    sys_wrch.o(.text) refers (Special) to indicate_semi.o(.text) for __semihosting_library_function
    sys_wrch_hlt.o(.text) refers (Special) to use_no_semi.o(.text) for __I$use$semihosting
    sys_wrch_hlt.o(.text) refers (Special) to indicate_semi.o(.text) for __semihosting_library_function
    defsig.o(CL$$defsig) refers to defsig_rtmem_inner.o(.text) for __rt_SIGRTMEM_inner
    defsig_abrt_inner.o(.text) refers to defsig_general.o(.text) for __default_signal_display
    defsig_fpe_inner.o(.text) refers to defsig_general.o(.text) for __default_signal_display
    defsig_rtred_inner.o(.text) refers to defsig_general.o(.text) for __default_signal_display
    defsig_stak_inner.o(.text) refers to defsig_general.o(.text) for __default_signal_display
    defsig_pvfn_inner.o(.text) refers to defsig_general.o(.text) for __default_signal_display
    defsig_cppl_inner.o(.text) refers to defsig_general.o(.text) for __default_signal_display
    defsig_segv_inner.o(.text) refers to defsig_general.o(.text) for __default_signal_display
    defsig_other.o(.text) refers to defsig_general.o(.text) for __default_signal_display


==============================================================================

Removing Unused input sections from the image.

    Removing main.o(.text), (0 bytes).
    Removing main.o(.ARM.exidx.text.main), (8 bytes).
    Removing main.o(.ARM.use_no_argv), (4 bytes).
    Removing cortexmx.o(.text), (0 bytes).
    Removing cortexmx.o(.text.Switch_SpToPSP), (0 bytes).
    Removing cortexmx.o(.ARM.exidx.text.Switch_SpToPSP), (8 bytes).
    Removing cortexmx_nvic.o(.text), (0 bytes).
    Removing cortexmx_nvic.o(.text.NVIC_IRQConfig), (102 bytes).
    Removing cortexmx_nvic.o(.ARM.exidx.text.NVIC_IRQConfig), (8 bytes).
    Removing cortexmx_nvic.o(.text.NVIC_IRQPriorityConfig), (108 bytes).
    Removing cortexmx_nvic.o(.ARM.exidx.text.NVIC_IRQPriorityConfig), (8 bytes).
    Removing cortexmx_nvic.o(.text.NVIC_IRQGetPriority), (72 bytes).
    Removing cortexmx_nvic.o(.ARM.exidx.text.NVIC_IRQGetPriority), (8 bytes).
    Removing cortexmx_rtos.o(.text), (0 bytes).
    Removing cortexmx_rtos.o(.ARM.exidx.text.PendSV_Handler), (8 bytes).
    Removing cortexmx_rtos.o(.ARM.exidx.text.HardFault_Handler), (8 bytes).
    Removing cortexmx_rtos.o(.ARM.exidx.text.MemManage_Handler), (8 bytes).
    Removing cortexmx_rtos.o(.ARM.exidx.text.BusFault_Handler), (8 bytes).
    Removing cortexmx_rtos.o(.ARM.exidx.text.UsageFault_Handler), (8 bytes).
    Removing cortexmx_systick_timer.o(.text), (0 bytes).
    Removing cortexmx_systick_timer.o(.ARM.exidx.text.SysTick_Init), (8 bytes).
    Removing cortexmx_systick_timer.o(.ARM.exidx.text.SysTick_LoadValue), (8 bytes).
    Removing cortexmx_systick_timer.o(.text.SysTick_DeInit), (20 bytes).
    Removing cortexmx_systick_timer.o(.ARM.exidx.text.SysTick_DeInit), (8 bytes).
    Removing cortexmx_systick_timer.o(.ARM.exidx.text.SysTick_StartCount), (8 bytes).
    Removing cortexmx_systick_timer.o(.ARM.exidx.text.SysTick_Delayms), (8 bytes).
    Removing cortexmx_systick_timer.o(.ARM.exidx.text.Delayms), (8 bytes).
    Removing cortexmx_systick_timer.o(.text.SysTick_Delayus), (30 bytes).
    Removing cortexmx_systick_timer.o(.ARM.exidx.text.SysTick_Delayus), (8 bytes).
    Removing cortexmx_systick_timer.o(.text.Delayus), (60 bytes).
    Removing cortexmx_systick_timer.o(.ARM.exidx.text.Delayus), (8 bytes).
    Removing stm32f103xx_rcc_driver.o(.text), (0 bytes).
    Removing stm32f103xx_rcc_driver.o(.ARM.exidx.text.RCC_AFIOControl), (8 bytes).
    Removing stm32f103xx_rcc_driver.o(.ARM.exidx.text.RCC_GetPCLK1Value), (8 bytes).
    Removing stm32f103xx_rcc_driver.o(.ARM.exidx.text.RCC_GetPLLOutputClock), (8 bytes).
    Removing stm32f103xx_rcc_driver.o(.ARM.exidx.text.RCC_GetPCLK2Value), (8 bytes).
    Removing stm32f103xx_gpio_driver.o(.text), (0 bytes).
    Removing stm32f103xx_gpio_driver.o(.ARM.exidx.text.GPIO_PeriClockControl), (8 bytes).
    Removing stm32f103xx_gpio_driver.o(.ARM.exidx.text.GPIO_Init), (8 bytes).
    Removing stm32f103xx_gpio_driver.o(.text.GPIO_DigitalInput), (38 bytes).
    Removing stm32f103xx_gpio_driver.o(.ARM.exidx.text.GPIO_DigitalInput), (8 bytes).
    Removing stm32f103xx_gpio_driver.o(.text.GPIO_DigitalOutput), (38 bytes).
    Removing stm32f103xx_gpio_driver.o(.ARM.exidx.text.GPIO_DigitalOutput), (8 bytes).
    Removing stm32f103xx_gpio_driver.o(.text.GPIO_DeInit), (150 bytes).
    Removing stm32f103xx_gpio_driver.o(.ARM.exidx.text.GPIO_DeInit), (8 bytes).
    Removing stm32f103xx_gpio_driver.o(.text.GPIO_ReadFromInputPin), (34 bytes).
    Removing stm32f103xx_gpio_driver.o(.ARM.exidx.text.GPIO_ReadFromInputPin), (8 bytes).
    Removing stm32f103xx_gpio_driver.o(.text.GPIO_ReadFromInputPort), (20 bytes).
    Removing stm32f103xx_gpio_driver.o(.ARM.exidx.text.GPIO_ReadFromInputPort), (8 bytes).
    Removing stm32f103xx_gpio_driver.o(.text.GPIO_WriteToOutputPin), (66 bytes).
    Removing stm32f103xx_gpio_driver.o(.ARM.exidx.text.GPIO_WriteToOutputPin), (8 bytes).
    Removing stm32f103xx_gpio_driver.o(.text.GPIO_WriteToOutputPort), (24 bytes).
    Removing stm32f103xx_gpio_driver.o(.ARM.exidx.text.GPIO_WriteToOutputPort), (8 bytes).
    Removing stm32f103xx_gpio_driver.o(.text.GPIO_ToggleOutputPin), (30 bytes).
    Removing stm32f103xx_gpio_driver.o(.ARM.exidx.text.GPIO_ToggleOutputPin), (8 bytes).
    Removing stm32f103xx_gpio_driver.o(.text.GPIO_SetPin), (26 bytes).
    Removing stm32f103xx_gpio_driver.o(.ARM.exidx.text.GPIO_SetPin), (8 bytes).
    Removing stm32f103xx_gpio_driver.o(.text.GPIO_ResetPin), (26 bytes).
    Removing stm32f103xx_gpio_driver.o(.ARM.exidx.text.GPIO_ResetPin), (8 bytes).
    Removing stm32f103xx_gpio_driver.o(.text.GPIO_IRQConfig), (44 bytes).
    Removing stm32f103xx_gpio_driver.o(.ARM.exidx.text.GPIO_IRQConfig), (8 bytes).
    Removing stm32f103xx_gpio_driver.o(.text.GPIO_IRQHandler), (34 bytes).
    Removing stm32f103xx_gpio_driver.o(.ARM.exidx.text.GPIO_IRQHandler), (8 bytes).
    Removing stm32f103xx_i2c_driver.o(.text), (0 bytes).
    Removing stm32f103xx_uart_driver.o(.text), (0 bytes).
    Removing stm32f103xx_uart_driver.o(.ARM.exidx.text.USART_PeriClockControl), (8 bytes).
    Removing stm32f103xx_uart_driver.o(.ARM.exidx.text.USART_Init), (8 bytes).
    Removing stm32f103xx_uart_driver.o(.ARM.exidx.text.USART_PinConfig), (8 bytes).
    Removing stm32f103xx_uart_driver.o(.ARM.exidx.text.USART_SetBaudRate), (8 bytes).
    Removing stm32f103xx_uart_driver.o(.text.USART_DeInit), (8 bytes).
    Removing stm32f103xx_uart_driver.o(.ARM.exidx.text.USART_DeInit), (8 bytes).
    Removing stm32f103xx_uart_driver.o(.ARM.exidx.text.USART_GetFlagStatus), (8 bytes).
    Removing stm32f103xx_uart_driver.o(.ARM.exidx.text.USART_PeripheralControl), (8 bytes).
    Removing stm32f103xx_uart_driver.o(.text.USART_ClearFlag), (24 bytes).
    Removing stm32f103xx_uart_driver.o(.ARM.exidx.text.USART_ClearFlag), (8 bytes).
    Removing stm32f103xx_uart_driver.o(.ARM.exidx.text.USART_SendData), (8 bytes).
    Removing stm32f103xx_uart_driver.o(.text.USART_ReceiveData), (168 bytes).
    Removing stm32f103xx_uart_driver.o(.ARM.exidx.text.USART_ReceiveData), (8 bytes).
    Removing stm32f103xx_uart_driver.o(.text.USART_SendDataIT), (70 bytes).
    Removing stm32f103xx_uart_driver.o(.ARM.exidx.text.USART_SendDataIT), (8 bytes).
    Removing stm32f103xx_uart_driver.o(.text.USART_ReceiveDataIT), (66 bytes).
    Removing stm32f103xx_uart_driver.o(.ARM.exidx.text.USART_ReceiveDataIT), (8 bytes).
    Removing stm32f103xx_uart_driver.o(.text.USART_IRQInterruptConfig), (44 bytes).
    Removing stm32f103xx_uart_driver.o(.ARM.exidx.text.USART_IRQInterruptConfig), (8 bytes).
    Removing stm32f103xx_uart_driver.o(.text.USART_IRQHandling), (826 bytes).
    Removing stm32f103xx_uart_driver.o(.ARM.exidx.text.USART_IRQHandling), (8 bytes).
    Removing stm32f103xx_uart_driver.o(.text.USART_ApplicationEventCallback), (12 bytes).
    Removing stm32f103xx_uart_driver.o(.ARM.exidx.text.USART_ApplicationEventCallback), (8 bytes).
    Removing stm32f103xx_spi_driver.o(.text), (0 bytes).
    Removing stm32f103xx_spi_driver.o(.text.SPI_Init), (176 bytes).
    Removing stm32f103xx_spi_driver.o(.ARM.exidx.text.SPI_Init), (8 bytes).
    Removing stm32f103xx_spi_driver.o(.text.SPI_PeriClockControl), (242 bytes).
    Removing stm32f103xx_spi_driver.o(.ARM.exidx.text.SPI_PeriClockControl), (8 bytes).
    Removing stm32f103xx_spi_driver.o(.text.SPI_PinConfig), (316 bytes).
    Removing stm32f103xx_spi_driver.o(.ARM.exidx.text.SPI_PinConfig), (8 bytes).
    Removing stm32f103xx_spi_driver.o(.text.SPI_Deinit), (8 bytes).
    Removing stm32f103xx_spi_driver.o(.ARM.exidx.text.SPI_Deinit), (8 bytes).
    Removing stm32f103xx_spi_driver.o(.text.SPI_SendData), (98 bytes).
    Removing stm32f103xx_spi_driver.o(.ARM.exidx.text.SPI_SendData), (8 bytes).
    Removing stm32f103xx_spi_driver.o(.text.SPI_GetFlag), (44 bytes).
    Removing stm32f103xx_spi_driver.o(.ARM.exidx.text.SPI_GetFlag), (8 bytes).
    Removing stm32f103xx_spi_driver.o(.text.SPI_ReceiveData), (98 bytes).
    Removing stm32f103xx_spi_driver.o(.ARM.exidx.text.SPI_ReceiveData), (8 bytes).
    Removing stm32f103xx_spi_driver.o(.text.SPI_SendDataIT), (68 bytes).
    Removing stm32f103xx_spi_driver.o(.ARM.exidx.text.SPI_SendDataIT), (8 bytes).
    Removing stm32f103xx_spi_driver.o(.text.SPI_ReceiveDataIT), (68 bytes).
    Removing stm32f103xx_spi_driver.o(.ARM.exidx.text.SPI_ReceiveDataIT), (8 bytes).
    Removing stm32f103xx_spi_driver.o(.text.SPI_IRQInterruptConfig), (44 bytes).
    Removing stm32f103xx_spi_driver.o(.ARM.exidx.text.SPI_IRQInterruptConfig), (8 bytes).
    Removing stm32f103xx_spi_driver.o(.text.SPI_IRQHandling), (174 bytes).
    Removing stm32f103xx_spi_driver.o(.ARM.exidx.text.SPI_IRQHandling), (8 bytes).
    Removing stm32f103xx_spi_driver.o(.text.SPI_RXEIRQ_Handle), (116 bytes).
    Removing stm32f103xx_spi_driver.o(.ARM.exidx.text.SPI_RXEIRQ_Handle), (8 bytes).
    Removing stm32f103xx_spi_driver.o(.text.SPI_TXEIRQ_Handle), (112 bytes).
    Removing stm32f103xx_spi_driver.o(.ARM.exidx.text.SPI_TXEIRQ_Handle), (8 bytes).
    Removing stm32f103xx_spi_driver.o(.text.SPI_OVR_Handle), (38 bytes).
    Removing stm32f103xx_spi_driver.o(.ARM.exidx.text.SPI_OVR_Handle), (8 bytes).
    Removing stm32f103xx_spi_driver.o(.text.SPI_MODF_Handle), (86 bytes).
    Removing stm32f103xx_spi_driver.o(.ARM.exidx.text.SPI_MODF_Handle), (8 bytes).
    Removing stm32f103xx_spi_driver.o(.text.SPI_PeriControl), (46 bytes).
    Removing stm32f103xx_spi_driver.o(.ARM.exidx.text.SPI_PeriControl), (8 bytes).
    Removing stm32f103xx_spi_driver.o(.text.SPI_SSI), (46 bytes).
    Removing stm32f103xx_spi_driver.o(.ARM.exidx.text.SPI_SSI), (8 bytes).
    Removing stm32f103xx_spi_driver.o(.text.SPI_SSOE), (46 bytes).
    Removing stm32f103xx_spi_driver.o(.ARM.exidx.text.SPI_SSOE), (8 bytes).
    Removing stm32f103xx_spi_driver.o(.text.SPI_CloseTransmission), (34 bytes).
    Removing stm32f103xx_spi_driver.o(.ARM.exidx.text.SPI_CloseTransmission), (8 bytes).
    Removing stm32f103xx_spi_driver.o(.text.SPI_CloseReceiption), (36 bytes).
    Removing stm32f103xx_spi_driver.o(.ARM.exidx.text.SPI_CloseReceiption), (8 bytes).
    Removing stm32f103xx_spi_driver.o(.text.SPI_ApplicationEventCallback), (12 bytes).
    Removing stm32f103xx_spi_driver.o(.ARM.exidx.text.SPI_ApplicationEventCallback), (8 bytes).
    Removing stm32f103xx_spi_driver.o(.text.SPI_ClearOVRFlag), (20 bytes).
    Removing stm32f103xx_spi_driver.o(.ARM.exidx.text.SPI_ClearOVRFlag), (8 bytes).
    Removing stm32f103xx_adc_driver.o(.text), (0 bytes).
    Removing stm32f103xx_adc_driver.o(.text.ADC_PinConfig), (166 bytes).
    Removing stm32f103xx_adc_driver.o(.ARM.exidx.text.ADC_PinConfig), (8 bytes).
    Removing stm32f103xx_adc_driver.o(.text.ADC_PeriClockControl), (170 bytes).
    Removing stm32f103xx_adc_driver.o(.ARM.exidx.text.ADC_PeriClockControl), (8 bytes).
    Removing stm32f103xx_adc_driver.o(.text.ADC_Init), (8 bytes).
    Removing stm32f103xx_adc_driver.o(.ARM.exidx.text.ADC_Init), (8 bytes).
    Removing stm32f103xx_adc_driver.o(.text.ADC_PeripheralControl), (80 bytes).
    Removing stm32f103xx_adc_driver.o(.ARM.exidx.text.ADC_PeripheralControl), (8 bytes).
    Removing stm32f103xx_adc_driver.o(.text.ADC_IRQConfig), (16 bytes).
    Removing stm32f103xx_adc_driver.o(.ARM.exidx.text.ADC_IRQConfig), (8 bytes).
    Removing stm32f103xx_adc_driver.o(.text.ADC_IRQHandle), (8 bytes).
    Removing stm32f103xx_adc_driver.o(.ARM.exidx.text.ADC_IRQHandle), (8 bytes).
    Removing stm32f103xx_timer_driver.o(.text), (0 bytes).
    Removing stm32f103xx_flash_driver.o(.text), (0 bytes).
    Removing stm32f103xx_flash_driver.o(.text.Flash_Lock), (18 bytes).
    Removing stm32f103xx_flash_driver.o(.ARM.exidx.text.Flash_Lock), (8 bytes).
    Removing stm32f103xx_flash_driver.o(.text.Flash_Unlock), (30 bytes).
    Removing stm32f103xx_flash_driver.o(.ARM.exidx.text.Flash_Unlock), (8 bytes).
    Removing stm32f103xx_flash_driver.o(.text.Flash_Read), (48 bytes).
    Removing stm32f103xx_flash_driver.o(.ARM.exidx.text.Flash_Read), (8 bytes).
    Removing stm32f103xx_flash_driver.o(.text.Flash_Write), (206 bytes).
    Removing stm32f103xx_flash_driver.o(.ARM.exidx.text.Flash_Write), (8 bytes).
    Removing stm32f103xx_flash_driver.o(.text.Flash_Erase), (182 bytes).
    Removing stm32f103xx_flash_driver.o(.ARM.exidx.text.Flash_Erase), (8 bytes).
    Removing stm32f103xx_dma_driver.o(.text), (0 bytes).
    Removing stm32f103xx_can_driver.o(.text), (0 bytes).
    Removing system_stm32f10x.o(.text), (0 bytes).
    Removing system_stm32f10x.o(.ARM.exidx.text.SystemInit), (8 bytes).
    Removing system_stm32f10x.o(.ARM.exidx.text.SetSysClock), (8 bytes).
    Removing system_stm32f10x.o(.text.SystemCoreClockUpdate), (290 bytes).
    Removing system_stm32f10x.o(.ARM.exidx.text.SystemCoreClockUpdate), (8 bytes).
    Removing system_stm32f10x.o(.ARM.exidx.text.SetSysClockTo72), (8 bytes).
    Removing system_stm32f10x.o(.data.SystemCoreClock), (4 bytes).
    Removing system_stm32f10x.o(.rodata.AHBPrescTable), (16 bytes).

168 unused section(s) (total 6018 bytes) removed from the image.

==============================================================================

Image Symbol Table

    Local Symbols

    Symbol Name                              Value     Ov Type        Size  Object(Section)

    ../clib/angel/boardlib.s                 0x00000000   Number         0  boardinit1.o ABSOLUTE
    ../clib/angel/boardlib.s                 0x00000000   Number         0  boardinit2.o ABSOLUTE
    ../clib/angel/boardlib.s                 0x00000000   Number         0  boardinit3.o ABSOLUTE
    ../clib/angel/boardlib.s                 0x00000000   Number         0  boardshut.o ABSOLUTE
    ../clib/angel/handlers.s                 0x00000000   Number         0  __scatter_copy.o ABSOLUTE
    ../clib/angel/handlers.s                 0x00000000   Number         0  __scatter_zi.o ABSOLUTE
    ../clib/angel/kernel.s                   0x00000000   Number         0  __rtentry.o ABSOLUTE
    ../clib/angel/kernel.s                   0x00000000   Number         0  __rtentry2.o ABSOLUTE
    ../clib/angel/kernel.s                   0x00000000   Number         0  __rtentry4.o ABSOLUTE
    ../clib/angel/kernel.s                   0x00000000   Number         0  rtexit.o ABSOLUTE
    ../clib/angel/kernel.s                   0x00000000   Number         0  rtexit2.o ABSOLUTE
    ../clib/angel/rt.s                       0x00000000   Number         0  rt_raise.o ABSOLUTE
    ../clib/angel/scatter.s                  0x00000000   Number         0  __scatter.o ABSOLUTE
    ../clib/angel/startup.s                  0x00000000   Number         0  __main.o ABSOLUTE
    ../clib/angel/sys.s                      0x00000000   Number         0  sys_stackheap_outer.o ABSOLUTE
    ../clib/angel/sys.s                      0x00000000   Number         0  libspace.o ABSOLUTE
    ../clib/angel/sys.s                      0x00000000   Number         0  use_no_semi.o ABSOLUTE
    ../clib/angel/sys.s                      0x00000000   Number         0  indicate_semi.o ABSOLUTE
    ../clib/angel/sysapp.c                   0x00000000   Number         0  sys_exit.o ABSOLUTE
    ../clib/angel/sysapp.c                   0x00000000   Number         0  sys_exit_hlt.o ABSOLUTE
    ../clib/angel/sysapp.c                   0x00000000   Number         0  sys_command.o ABSOLUTE
    ../clib/angel/sysapp.c                   0x00000000   Number         0  sys_command_hlt.o ABSOLUTE
    ../clib/angel/sysapp.c                   0x00000000   Number         0  sys_wrch.o ABSOLUTE
    ../clib/angel/sysapp.c                   0x00000000   Number         0  sys_wrch_hlt.o ABSOLUTE
    ../clib/armsys.c                         0x00000000   Number         0  argv_veneer.o ABSOLUTE
    ../clib/armsys.c                         0x00000000   Number         0  argv_veneer.o ABSOLUTE
    ../clib/armsys.c                         0x00000000   Number         0  _get_argv_nomalloc.o ABSOLUTE
    ../clib/armsys.c                         0x00000000   Number         0  no_argv.o ABSOLUTE
    ../clib/heapalloc.c                      0x00000000   Number         0  hrguard.o ABSOLUTE
    ../clib/heapaux.c                        0x00000000   Number         0  heapauxi.o ABSOLUTE
    ../clib/libinit.s                        0x00000000   Number         0  libinit.o ABSOLUTE
    ../clib/libinit.s                        0x00000000   Number         0  libinit2.o ABSOLUTE
    ../clib/libinit.s                        0x00000000   Number         0  libshutdown.o ABSOLUTE
    ../clib/libinit.s                        0x00000000   Number         0  libshutdown2.o ABSOLUTE
    ../clib/signal.c                         0x00000000   Number         0  defsig_rtmem_outer.o ABSOLUTE
    ../clib/signal.c                         0x00000000   Number         0  defsig_rtmem_formal.o ABSOLUTE
    ../clib/signal.c                         0x00000000   Number         0  defsig_exit.o ABSOLUTE
    ../clib/signal.c                         0x00000000   Number         0  defsig_rtmem_inner.o ABSOLUTE
    ../clib/signal.c                         0x00000000   Number         0  __raise.o ABSOLUTE
    ../clib/signal.c                         0x00000000   Number         0  defsig_general.o ABSOLUTE
    ../clib/signal.c                         0x00000000   Number         0  defsig_abrt_inner.o ABSOLUTE
    ../clib/signal.c                         0x00000000   Number         0  defsig_fpe_inner.o ABSOLUTE
    ../clib/signal.c                         0x00000000   Number         0  defsig_rtred_inner.o ABSOLUTE
    ../clib/signal.c                         0x00000000   Number         0  defsig_stak_inner.o ABSOLUTE
    ../clib/signal.c                         0x00000000   Number         0  defsig_pvfn_inner.o ABSOLUTE
    ../clib/signal.c                         0x00000000   Number         0  defsig_cppl_inner.o ABSOLUTE
    ../clib/signal.c                         0x00000000   Number         0  defsig_segv_inner.o ABSOLUTE
    ../clib/signal.c                         0x00000000   Number         0  defsig_other.o ABSOLUTE
    ../clib/signal.s                         0x00000000   Number         0  defsig.o ABSOLUTE
    ../clib/stdlib.c                         0x00000000   Number         0  exit.o ABSOLUTE
    ../clib/string.c                         0x00000000   Number         0  strlen.o ABSOLUTE
    ../fplib/daddsub.s                       0x00000000   Number         0  daddsub_clz.o ABSOLUTE
    ../fplib/dcmp.s                          0x00000000   Number         0  dcmp.o ABSOLUTE
    ../fplib/dcmpi.s                         0x00000000   Number         0  dcmpi.o ABSOLUTE
    ../fplib/ddiv.s                          0x00000000   Number         0  ddiv.o ABSOLUTE
    ../fplib/deqf.s                          0x00000000   Number         0  deqf.o ABSOLUTE
    ../fplib/dfixu.s                         0x00000000   Number         0  dfixu.o ABSOLUTE
    ../fplib/dflt.s                          0x00000000   Number         0  dflt_clz.o ABSOLUTE
    ../fplib/dgeqf.s                         0x00000000   Number         0  dgeqf.o ABSOLUTE
    ../fplib/dleqf.s                         0x00000000   Number         0  dleqf.o ABSOLUTE
    ../fplib/dmul.s                          0x00000000   Number         0  dmul.o ABSOLUTE
    ../fplib/dnaninf.s                       0x00000000   Number         0  dnaninf.o ABSOLUTE
    ../fplib/dretinf.s                       0x00000000   Number         0  dretinf.o ABSOLUTE
    ../fplib/fpinit.s                        0x00000000   Number         0  fpinit.o ABSOLUTE
    ../fplib/fpinit_empty.s                  0x00000000   Number         0  fpinit_empty.o ABSOLUTE
    ../fplib/usenofp.s                       0x00000000   Number         0  usenofp.o ABSOLUTE
    CortexMx.c                               0x00000000   Number         0  cortexmx.o ABSOLUTE
    CortexMx_NVIC.c                          0x00000000   Number         0  cortexmx_nvic.o ABSOLUTE
    CortexMx_RTOS.c                          0x00000000   Number         0  cortexmx_rtos.o ABSOLUTE
    CortexMx_SysTick_Timer.c                 0x00000000   Number         0  cortexmx_systick_timer.o ABSOLUTE
    RTE/Device/STM32F103C8/startup_stm32f10x_md.s 0x00000000   Number         0  startup_stm32f10x_md.o ABSOLUTE
    dc.s                                     0x00000000   Number         0  dc.o ABSOLUTE
    main.c                                   0x00000000   Number         0  main.o ABSOLUTE
    stm32f103xx_adc_driver.c                 0x00000000   Number         0  stm32f103xx_adc_driver.o ABSOLUTE
    stm32f103xx_can_driver.c                 0x00000000   Number         0  stm32f103xx_can_driver.o ABSOLUTE
    stm32f103xx_dma_driver.c                 0x00000000   Number         0  stm32f103xx_dma_driver.o ABSOLUTE
    stm32f103xx_flash_driver.c               0x00000000   Number         0  stm32f103xx_flash_driver.o ABSOLUTE
    stm32f103xx_gpio_driver.c                0x00000000   Number         0  stm32f103xx_gpio_driver.o ABSOLUTE
    stm32f103xx_i2c_driver.c                 0x00000000   Number         0  stm32f103xx_i2c_driver.o ABSOLUTE
    stm32f103xx_rcc_driver.c                 0x00000000   Number         0  stm32f103xx_rcc_driver.o ABSOLUTE
    stm32f103xx_spi_driver.c                 0x00000000   Number         0  stm32f103xx_spi_driver.o ABSOLUTE
    stm32f103xx_timer_driver.c               0x00000000   Number         0  stm32f103xx_timer_driver.o ABSOLUTE
    stm32f103xx_uart_driver.c                0x00000000   Number         0  stm32f103xx_uart_driver.o ABSOLUTE
    system_stm32f10x.c                       0x00000000   Number         0  system_stm32f10x.o ABSOLUTE
    RESET                                    0x08000000   Section      236  startup_stm32f10x_md.o(RESET)
    !!!main                                  0x080000ec   Section        8  __main.o(!!!main)
    !!!scatter                               0x080000f4   Section       92  __scatter.o(!!!scatter)
    !!handler_copy                           0x08000150   Section       26  __scatter_copy.o(!!handler_copy)
    !!handler_null                           0x0800016c   Section        2  __scatter.o(!!handler_null)
    !!handler_zi                             0x08000170   Section       28  __scatter_zi.o(!!handler_zi)
    .ARM.Collect$$libinit$$00000000          0x0800018c   Section        2  libinit.o(.ARM.Collect$$libinit$$00000000)
    .ARM.Collect$$libinit$$00000002          0x0800018e   Section        0  libinit2.o(.ARM.Collect$$libinit$$00000002)
    .ARM.Collect$$libinit$$00000004          0x0800018e   Section        0  libinit2.o(.ARM.Collect$$libinit$$00000004)
    .ARM.Collect$$libinit$$00000006          0x0800018e   Section        0  libinit2.o(.ARM.Collect$$libinit$$00000006)
    .ARM.Collect$$libinit$$0000000C          0x0800018e   Section        0  libinit2.o(.ARM.Collect$$libinit$$0000000C)
    .ARM.Collect$$libinit$$0000000E          0x0800018e   Section        0  libinit2.o(.ARM.Collect$$libinit$$0000000E)
    .ARM.Collect$$libinit$$00000010          0x0800018e   Section        0  libinit2.o(.ARM.Collect$$libinit$$00000010)
    .ARM.Collect$$libinit$$00000013          0x0800018e   Section        0  libinit2.o(.ARM.Collect$$libinit$$00000013)
    .ARM.Collect$$libinit$$00000015          0x0800018e   Section        0  libinit2.o(.ARM.Collect$$libinit$$00000015)
    .ARM.Collect$$libinit$$00000017          0x0800018e   Section        0  libinit2.o(.ARM.Collect$$libinit$$00000017)
    .ARM.Collect$$libinit$$00000019          0x0800018e   Section        0  libinit2.o(.ARM.Collect$$libinit$$00000019)
    .ARM.Collect$$libinit$$0000001B          0x0800018e   Section        0  libinit2.o(.ARM.Collect$$libinit$$0000001B)
    .ARM.Collect$$libinit$$0000001D          0x0800018e   Section        0  libinit2.o(.ARM.Collect$$libinit$$0000001D)
    .ARM.Collect$$libinit$$0000001F          0x0800018e   Section        0  libinit2.o(.ARM.Collect$$libinit$$0000001F)
    .ARM.Collect$$libinit$$00000021          0x0800018e   Section        0  libinit2.o(.ARM.Collect$$libinit$$00000021)
    .ARM.Collect$$libinit$$00000023          0x0800018e   Section        0  libinit2.o(.ARM.Collect$$libinit$$00000023)
    .ARM.Collect$$libinit$$00000025          0x0800018e   Section        0  libinit2.o(.ARM.Collect$$libinit$$00000025)
    .ARM.Collect$$libinit$$00000027          0x0800018e   Section        0  libinit2.o(.ARM.Collect$$libinit$$00000027)
    .ARM.Collect$$libinit$$0000002E          0x0800018e   Section        0  libinit2.o(.ARM.Collect$$libinit$$0000002E)
    .ARM.Collect$$libinit$$00000030          0x0800018e   Section        0  libinit2.o(.ARM.Collect$$libinit$$00000030)
    .ARM.Collect$$libinit$$00000032          0x0800018e   Section        0  libinit2.o(.ARM.Collect$$libinit$$00000032)
    .ARM.Collect$$libinit$$00000034          0x0800018e   Section        0  libinit2.o(.ARM.Collect$$libinit$$00000034)
    .ARM.Collect$$libinit$$00000035          0x0800018e   Section        2  libinit2.o(.ARM.Collect$$libinit$$00000035)
    .ARM.Collect$$libshutdown$$00000000      0x08000190   Section        2  libshutdown.o(.ARM.Collect$$libshutdown$$00000000)
    .ARM.Collect$$libshutdown$$00000002      0x08000192   Section        0  libshutdown2.o(.ARM.Collect$$libshutdown$$00000002)
    .ARM.Collect$$libshutdown$$00000004      0x08000192   Section        0  libshutdown2.o(.ARM.Collect$$libshutdown$$00000004)
    .ARM.Collect$$libshutdown$$00000007      0x08000192   Section        0  libshutdown2.o(.ARM.Collect$$libshutdown$$00000007)
    .ARM.Collect$$libshutdown$$0000000A      0x08000192   Section        0  libshutdown2.o(.ARM.Collect$$libshutdown$$0000000A)
    .ARM.Collect$$libshutdown$$0000000C      0x08000192   Section        0  libshutdown2.o(.ARM.Collect$$libshutdown$$0000000C)
    .ARM.Collect$$libshutdown$$0000000F      0x08000192   Section        0  libshutdown2.o(.ARM.Collect$$libshutdown$$0000000F)
    .ARM.Collect$$libshutdown$$00000010      0x08000192   Section        2  libshutdown2.o(.ARM.Collect$$libshutdown$$00000010)
    .ARM.Collect$$rtentry$$00000000          0x08000194   Section        0  __rtentry.o(.ARM.Collect$$rtentry$$00000000)
    .ARM.Collect$$rtentry$$00000002          0x08000194   Section        0  __rtentry2.o(.ARM.Collect$$rtentry$$00000002)
    .ARM.Collect$$rtentry$$00000004          0x08000194   Section        6  __rtentry4.o(.ARM.Collect$$rtentry$$00000004)
    .ARM.Collect$$rtentry$$00000009          0x0800019a   Section        0  __rtentry2.o(.ARM.Collect$$rtentry$$00000009)
    .ARM.Collect$$rtentry$$0000000A          0x0800019a   Section        4  __rtentry2.o(.ARM.Collect$$rtentry$$0000000A)
    .ARM.Collect$$rtentry$$0000000C          0x0800019e   Section        0  __rtentry2.o(.ARM.Collect$$rtentry$$0000000C)
    .ARM.Collect$$rtentry$$0000000D          0x0800019e   Section        8  __rtentry2.o(.ARM.Collect$$rtentry$$0000000D)
    .ARM.Collect$$rtexit$$00000000           0x080001a6   Section        2  rtexit.o(.ARM.Collect$$rtexit$$00000000)
    .ARM.Collect$$rtexit$$00000002           0x080001a8   Section        0  rtexit2.o(.ARM.Collect$$rtexit$$00000002)
    .ARM.Collect$$rtexit$$00000003           0x080001a8   Section        4  rtexit2.o(.ARM.Collect$$rtexit$$00000003)
    .ARM.Collect$$rtexit$$00000004           0x080001ac   Section        6  rtexit2.o(.ARM.Collect$$rtexit$$00000004)
    .text                                    0x080001b4   Section       64  startup_stm32f10x_md.o(.text)
    .text                                    0x080001f4   Section        0  strlen.o(.text)
    .text                                    0x08000232   Section        0  heapauxi.o(.text)
    .text                                    0x08000238   Section       74  sys_stackheap_outer.o(.text)
    .text                                    0x08000282   Section        0  exit.o(.text)
    .text                                    0x08000294   Section        8  libspace.o(.text)
    .text                                    0x0800029c   Section        0  sys_exit.o(.text)
    .text                                    0x080002a8   Section        2  use_no_semi.o(.text)
    .text                                    0x080002aa   Section        0  indicate_semi.o(.text)
    [Anonymous Symbol]                       0x080002ac   Section        0  cortexmx_rtos.o(.text.BusFault_Handler)
    Delayms                                  0x080002b1   Thumb Code    60  cortexmx_systick_timer.o(.text.Delayms)
    [Anonymous Symbol]                       0x080002b0   Section        0  cortexmx_systick_timer.o(.text.Delayms)
    [Anonymous Symbol]                       0x080002ec   Section        0  stm32f103xx_gpio_driver.o(.text.GPIO_Init)
    [Anonymous Symbol]                       0x080004bc   Section        0  stm32f103xx_gpio_driver.o(.text.GPIO_PeriClockControl)
    [Anonymous Symbol]                       0x080005b0   Section        0  cortexmx_rtos.o(.text.HardFault_Handler)
    [Anonymous Symbol]                       0x080005b4   Section        0  cortexmx_rtos.o(.text.MemManage_Handler)
    [Anonymous Symbol]                       0x080005b8   Section        0  cortexmx_rtos.o(.text.PendSV_Handler)
    [Anonymous Symbol]                       0x080005bc   Section        0  stm32f103xx_rcc_driver.o(.text.RCC_AFIOControl)
    [Anonymous Symbol]                       0x080005f4   Section        0  stm32f103xx_rcc_driver.o(.text.RCC_GetPCLK1Value)
    [Anonymous Symbol]                       0x080006bc   Section        0  stm32f103xx_rcc_driver.o(.text.RCC_GetPCLK2Value)
    [Anonymous Symbol]                       0x0800077c   Section        0  stm32f103xx_rcc_driver.o(.text.RCC_GetPLLOutputClock)
    SetSysClock                              0x08000839   Thumb Code     8  system_stm32f10x.o(.text.SetSysClock)
    [Anonymous Symbol]                       0x08000838   Section        0  system_stm32f10x.o(.text.SetSysClock)
    SetSysClockTo72                          0x08000841   Thumb Code   290  system_stm32f10x.o(.text.SetSysClockTo72)
    [Anonymous Symbol]                       0x08000840   Section        0  system_stm32f10x.o(.text.SetSysClockTo72)
    [Anonymous Symbol]                       0x08000964   Section        0  cortexmx_systick_timer.o(.text.SysTick_Delayms)
    [Anonymous Symbol]                       0x08000984   Section        0  cortexmx_systick_timer.o(.text.SysTick_Init)
    SysTick_LoadValue                        0x080009f1   Thumb Code    28  cortexmx_systick_timer.o(.text.SysTick_LoadValue)
    [Anonymous Symbol]                       0x080009f0   Section        0  cortexmx_systick_timer.o(.text.SysTick_LoadValue)
    [Anonymous Symbol]                       0x08000a0c   Section        0  cortexmx_systick_timer.o(.text.SysTick_StartCount)
    [Anonymous Symbol]                       0x08000a20   Section        0  system_stm32f10x.o(.text.SystemInit)
    [Anonymous Symbol]                       0x08000a88   Section        0  stm32f103xx_uart_driver.o(.text.USART_GetFlagStatus)
    [Anonymous Symbol]                       0x08000ab4   Section        0  stm32f103xx_uart_driver.o(.text.USART_Init)
    [Anonymous Symbol]                       0x08000c20   Section        0  stm32f103xx_uart_driver.o(.text.USART_PeriClockControl)
    [Anonymous Symbol]                       0x08000d1c   Section        0  stm32f103xx_uart_driver.o(.text.USART_PeripheralControl)
    [Anonymous Symbol]                       0x08000d4c   Section        0  stm32f103xx_uart_driver.o(.text.USART_PinConfig)
    [Anonymous Symbol]                       0x08000f14   Section        0  stm32f103xx_uart_driver.o(.text.USART_SendData)
    [Anonymous Symbol]                       0x08000fb0   Section        0  stm32f103xx_uart_driver.o(.text.USART_SetBaudRate)
    [Anonymous Symbol]                       0x080010bc   Section        0  cortexmx_rtos.o(.text.UsageFault_Handler)
    [Anonymous Symbol]                       0x080010c0   Section        0  main.o(.text.main)
    x$fpl$dadd                               0x08001138   Section      336  daddsub_clz.o(x$fpl$dadd)
    _dadd1                                   0x08001149   Thumb Code     0  daddsub_clz.o(x$fpl$dadd)
    x$fpl$dcmpinf                            0x08001288   Section       24  dcmpi.o(x$fpl$dcmpinf)
    x$fpl$ddiv                               0x080012a0   Section      696  ddiv.o(x$fpl$ddiv)
    ddiv_entry                               0x080012a7   Thumb Code     0  ddiv.o(x$fpl$ddiv)
    x$fpl$deqf                               0x08001558   Section      120  deqf.o(x$fpl$deqf)
    x$fpl$dfixu                              0x080015d0   Section       90  dfixu.o(x$fpl$dfixu)
    x$fpl$dfltu                              0x0800162a   Section       38  dflt_clz.o(x$fpl$dfltu)
    x$fpl$dgeqf                              0x08001650   Section      120  dgeqf.o(x$fpl$dgeqf)
    x$fpl$dleqf                              0x080016c8   Section      120  dleqf.o(x$fpl$dleqf)
    x$fpl$dmul                               0x08001740   Section      340  dmul.o(x$fpl$dmul)
    x$fpl$dnaninf                            0x08001894   Section      156  dnaninf.o(x$fpl$dnaninf)
    x$fpl$dretinf                            0x08001930   Section       12  dretinf.o(x$fpl$dretinf)
    x$fpl$dsub                               0x0800193c   Section      476  daddsub_clz.o(x$fpl$dsub)
    _dsub1                                   0x0800194d   Thumb Code     0  daddsub_clz.o(x$fpl$dsub)
    x$fpl$fcmp                               0x08001b18   Section       84  dcmp.o(x$fpl$fcmp)
    x$fpl$usenofp                            0x08001b6c   Section        0  usenofp.o(x$fpl$usenofp)
    CoreClock                                0x20000014   Data           4  cortexmx_systick_timer.o(.data.CoreClock)
    [Anonymous Symbol]                       0x20000014   Section        0  cortexmx_systick_timer.o(.data.CoreClock)
    pSTK                                     0x20000034   Data           4  cortexmx_systick_timer.o(.data.pSTK)
    [Anonymous Symbol]                       0x20000034   Section        0  cortexmx_systick_timer.o(.data.pSTK)
    .bss                                     0x20000038   Section       96  libspace.o(.bss)
    Heap_Mem                                 0x20000098   Data         512  startup_stm32f10x_md.o(HEAP)
    HEAP                                     0x20000098   Section      512  startup_stm32f10x_md.o(HEAP)
    Stack_Mem                                0x20000298   Data        1024  startup_stm32f10x_md.o(STACK)
    STACK                                    0x20000298   Section     1024  startup_stm32f10x_md.o(STACK)
    __initial_sp                             0x20000698   Data           0  startup_stm32f10x_md.o(STACK)

    Global Symbols

    Symbol Name                              Value     Ov Type        Size  Object(Section)

    BuildAttributes$$THM_ISAv4$P$D$K$B$S$PE$A:L22UL41UL21$X:L11$S22US41US21$IEEE1$IW$~IW$USESV6$~STKCKD$USESV7$~SHL$OSPACE$ROPI$EBA8$UX$STANDARDLIB$REQ8$PRES8$EABIv2 0x00000000   Number         0  anon$$obj.o ABSOLUTE
    __fp_init_empty                          0x00000000   Number         0  fpinit_empty.o ABSOLUTE
    __ARM_exceptions_init                     - Undefined Weak Reference
    __alloca_initialize                       - Undefined Weak Reference
    __arm_preinit_                            - Undefined Weak Reference
    __arm_relocate_pie_                       - Undefined Weak Reference
    __cpp_initialize__aeabi_                  - Undefined Weak Reference
    __cxa_finalize                            - Undefined Weak Reference
    __rt_locale                               - Undefined Weak Reference
    __sigvec_lookup                           - Undefined Weak Reference
    _atexit_init                              - Undefined Weak Reference
    _call_atexit_fns                          - Undefined Weak Reference
    _clock_init                               - Undefined Weak Reference
    _fp_trap_init                             - Undefined Weak Reference
    _fp_trap_shutdown                         - Undefined Weak Reference
    _get_lc_collate                           - Undefined Weak Reference
    _get_lc_ctype                             - Undefined Weak Reference
    _get_lc_monetary                          - Undefined Weak Reference
    _get_lc_numeric                           - Undefined Weak Reference
    _get_lc_time                              - Undefined Weak Reference
    _getenv_init                              - Undefined Weak Reference
    _handle_redirection                       - Undefined Weak Reference
    _init_alloc                               - Undefined Weak Reference
    _init_user_alloc                          - Undefined Weak Reference
    _initio                                   - Undefined Weak Reference
    _rand_init                                - Undefined Weak Reference
    _signal_finish                            - Undefined Weak Reference
    _signal_init                              - Undefined Weak Reference
    _terminate_alloc                          - Undefined Weak Reference
    _terminate_user_alloc                     - Undefined Weak Reference
    _terminateio                              - Undefined Weak Reference
    __Vectors_Size                           0x000000ec   Number         0  startup_stm32f10x_md.o ABSOLUTE
    __Vectors                                0x08000000   Data           4  startup_stm32f10x_md.o(RESET)
    __Vectors_End                            0x080000ec   Data           0  startup_stm32f10x_md.o(RESET)
    __main                                   0x080000ed   Thumb Code     8  __main.o(!!!main)
    __scatterload                            0x080000f5   Thumb Code     0  __scatter.o(!!!scatter)
    __scatterload_rt2                        0x080000f5   Thumb Code    84  __scatter.o(!!!scatter)
    __scatterload_rt2_thumb_only             0x080000f5   Thumb Code     0  __scatter.o(!!!scatter)
    __scatterload_loop                       0x080000ff   Thumb Code     0  __scatter.o(!!!scatter)
    __scatterload_copy                       0x08000151   Thumb Code    26  __scatter_copy.o(!!handler_copy)
    __scatterload_null                       0x0800016d   Thumb Code     2  __scatter.o(!!handler_null)
    __scatterload_zeroinit                   0x08000171   Thumb Code    28  __scatter_zi.o(!!handler_zi)
    __rt_lib_init                            0x0800018d   Thumb Code     0  libinit.o(.ARM.Collect$$libinit$$00000000)
    __rt_lib_init_alloca_1                   0x0800018f   Thumb Code     0  libinit2.o(.ARM.Collect$$libinit$$00000030)
    __rt_lib_init_argv_1                     0x0800018f   Thumb Code     0  libinit2.o(.ARM.Collect$$libinit$$0000002E)
    __rt_lib_init_atexit_1                   0x0800018f   Thumb Code     0  libinit2.o(.ARM.Collect$$libinit$$0000001D)
    __rt_lib_init_clock_1                    0x0800018f   Thumb Code     0  libinit2.o(.ARM.Collect$$libinit$$00000023)
    __rt_lib_init_cpp_1                      0x0800018f   Thumb Code     0  libinit2.o(.ARM.Collect$$libinit$$00000034)
    __rt_lib_init_exceptions_1               0x0800018f   Thumb Code     0  libinit2.o(.ARM.Collect$$libinit$$00000032)
    __rt_lib_init_fp_1                       0x0800018f   Thumb Code     0  libinit2.o(.ARM.Collect$$libinit$$00000002)
    __rt_lib_init_fp_trap_1                  0x0800018f   Thumb Code     0  libinit2.o(.ARM.Collect$$libinit$$00000021)
    __rt_lib_init_getenv_1                   0x0800018f   Thumb Code     0  libinit2.o(.ARM.Collect$$libinit$$00000025)
    __rt_lib_init_heap_1                     0x0800018f   Thumb Code     0  libinit2.o(.ARM.Collect$$libinit$$0000000C)
    __rt_lib_init_lc_collate_1               0x0800018f   Thumb Code     0  libinit2.o(.ARM.Collect$$libinit$$00000013)
    __rt_lib_init_lc_ctype_1                 0x0800018f   Thumb Code     0  libinit2.o(.ARM.Collect$$libinit$$00000015)
    __rt_lib_init_lc_monetary_1              0x0800018f   Thumb Code     0  libinit2.o(.ARM.Collect$$libinit$$00000017)
    __rt_lib_init_lc_numeric_1               0x0800018f   Thumb Code     0  libinit2.o(.ARM.Collect$$libinit$$00000019)
    __rt_lib_init_lc_time_1                  0x0800018f   Thumb Code     0  libinit2.o(.ARM.Collect$$libinit$$0000001B)
    __rt_lib_init_preinit_1                  0x0800018f   Thumb Code     0  libinit2.o(.ARM.Collect$$libinit$$00000006)
    __rt_lib_init_rand_1                     0x0800018f   Thumb Code     0  libinit2.o(.ARM.Collect$$libinit$$00000010)
    __rt_lib_init_relocate_pie_1             0x0800018f   Thumb Code     0  libinit2.o(.ARM.Collect$$libinit$$00000004)
    __rt_lib_init_return                     0x0800018f   Thumb Code     0  libinit2.o(.ARM.Collect$$libinit$$00000035)
    __rt_lib_init_signal_1                   0x0800018f   Thumb Code     0  libinit2.o(.ARM.Collect$$libinit$$0000001F)
    __rt_lib_init_stdio_1                    0x0800018f   Thumb Code     0  libinit2.o(.ARM.Collect$$libinit$$00000027)
    __rt_lib_init_user_alloc_1               0x0800018f   Thumb Code     0  libinit2.o(.ARM.Collect$$libinit$$0000000E)
    __rt_lib_shutdown                        0x08000191   Thumb Code     0  libshutdown.o(.ARM.Collect$$libshutdown$$00000000)
    __rt_lib_shutdown_cpp_1                  0x08000193   Thumb Code     0  libshutdown2.o(.ARM.Collect$$libshutdown$$00000002)
    __rt_lib_shutdown_fp_trap_1              0x08000193   Thumb Code     0  libshutdown2.o(.ARM.Collect$$libshutdown$$00000007)
    __rt_lib_shutdown_heap_1                 0x08000193   Thumb Code     0  libshutdown2.o(.ARM.Collect$$libshutdown$$0000000F)
    __rt_lib_shutdown_return                 0x08000193   Thumb Code     0  libshutdown2.o(.ARM.Collect$$libshutdown$$00000010)
    __rt_lib_shutdown_signal_1               0x08000193   Thumb Code     0  libshutdown2.o(.ARM.Collect$$libshutdown$$0000000A)
    __rt_lib_shutdown_stdio_1                0x08000193   Thumb Code     0  libshutdown2.o(.ARM.Collect$$libshutdown$$00000004)
    __rt_lib_shutdown_user_alloc_1           0x08000193   Thumb Code     0  libshutdown2.o(.ARM.Collect$$libshutdown$$0000000C)
    __rt_entry                               0x08000195   Thumb Code     0  __rtentry.o(.ARM.Collect$$rtentry$$00000000)
    __rt_entry_presh_1                       0x08000195   Thumb Code     0  __rtentry2.o(.ARM.Collect$$rtentry$$00000002)
    __rt_entry_sh                            0x08000195   Thumb Code     0  __rtentry4.o(.ARM.Collect$$rtentry$$00000004)
    __rt_entry_li                            0x0800019b   Thumb Code     0  __rtentry2.o(.ARM.Collect$$rtentry$$0000000A)
    __rt_entry_postsh_1                      0x0800019b   Thumb Code     0  __rtentry2.o(.ARM.Collect$$rtentry$$00000009)
    __rt_entry_main                          0x0800019f   Thumb Code     0  __rtentry2.o(.ARM.Collect$$rtentry$$0000000D)
    __rt_entry_postli_1                      0x0800019f   Thumb Code     0  __rtentry2.o(.ARM.Collect$$rtentry$$0000000C)
    __rt_exit                                0x080001a7   Thumb Code     0  rtexit.o(.ARM.Collect$$rtexit$$00000000)
    __rt_exit_ls                             0x080001a9   Thumb Code     0  rtexit2.o(.ARM.Collect$$rtexit$$00000003)
    __rt_exit_prels_1                        0x080001a9   Thumb Code     0  rtexit2.o(.ARM.Collect$$rtexit$$00000002)
    __rt_exit_exit                           0x080001ad   Thumb Code     0  rtexit2.o(.ARM.Collect$$rtexit$$00000004)
    Reset_Handler                            0x080001b5   Thumb Code     8  startup_stm32f10x_md.o(.text)
    NMI_Handler                              0x080001bd   Thumb Code     2  startup_stm32f10x_md.o(.text)
    SVC_Handler                              0x080001c7   Thumb Code     2  startup_stm32f10x_md.o(.text)
    DebugMon_Handler                         0x080001c9   Thumb Code     2  startup_stm32f10x_md.o(.text)
    SysTick_Handler                          0x080001cd   Thumb Code     2  startup_stm32f10x_md.o(.text)
    ADC1_2_IRQHandler                        0x080001cf   Thumb Code     0  startup_stm32f10x_md.o(.text)
    CAN1_RX1_IRQHandler                      0x080001cf   Thumb Code     0  startup_stm32f10x_md.o(.text)
    CAN1_SCE_IRQHandler                      0x080001cf   Thumb Code     0  startup_stm32f10x_md.o(.text)
    DMA1_Channel1_IRQHandler                 0x080001cf   Thumb Code     0  startup_stm32f10x_md.o(.text)
    DMA1_Channel2_IRQHandler                 0x080001cf   Thumb Code     0  startup_stm32f10x_md.o(.text)
    DMA1_Channel3_IRQHandler                 0x080001cf   Thumb Code     0  startup_stm32f10x_md.o(.text)
    DMA1_Channel4_IRQHandler                 0x080001cf   Thumb Code     0  startup_stm32f10x_md.o(.text)
    DMA1_Channel5_IRQHandler                 0x080001cf   Thumb Code     0  startup_stm32f10x_md.o(.text)
    DMA1_Channel6_IRQHandler                 0x080001cf   Thumb Code     0  startup_stm32f10x_md.o(.text)
    DMA1_Channel7_IRQHandler                 0x080001cf   Thumb Code     0  startup_stm32f10x_md.o(.text)
    EXTI0_IRQHandler                         0x080001cf   Thumb Code     0  startup_stm32f10x_md.o(.text)
    EXTI15_10_IRQHandler                     0x080001cf   Thumb Code     0  startup_stm32f10x_md.o(.text)
    EXTI1_IRQHandler                         0x080001cf   Thumb Code     0  startup_stm32f10x_md.o(.text)
    EXTI2_IRQHandler                         0x080001cf   Thumb Code     0  startup_stm32f10x_md.o(.text)
    EXTI3_IRQHandler                         0x080001cf   Thumb Code     0  startup_stm32f10x_md.o(.text)
    EXTI4_IRQHandler                         0x080001cf   Thumb Code     0  startup_stm32f10x_md.o(.text)
    EXTI9_5_IRQHandler                       0x080001cf   Thumb Code     0  startup_stm32f10x_md.o(.text)
    FLASH_IRQHandler                         0x080001cf   Thumb Code     0  startup_stm32f10x_md.o(.text)
    I2C1_ER_IRQHandler                       0x080001cf   Thumb Code     0  startup_stm32f10x_md.o(.text)
    I2C1_EV_IRQHandler                       0x080001cf   Thumb Code     0  startup_stm32f10x_md.o(.text)
    I2C2_ER_IRQHandler                       0x080001cf   Thumb Code     0  startup_stm32f10x_md.o(.text)
    I2C2_EV_IRQHandler                       0x080001cf   Thumb Code     0  startup_stm32f10x_md.o(.text)
    PVD_IRQHandler                           0x080001cf   Thumb Code     0  startup_stm32f10x_md.o(.text)
    RCC_IRQHandler                           0x080001cf   Thumb Code     0  startup_stm32f10x_md.o(.text)
    RTCAlarm_IRQHandler                      0x080001cf   Thumb Code     0  startup_stm32f10x_md.o(.text)
    RTC_IRQHandler                           0x080001cf   Thumb Code     0  startup_stm32f10x_md.o(.text)
    SPI1_IRQHandler                          0x080001cf   Thumb Code     0  startup_stm32f10x_md.o(.text)
    SPI2_IRQHandler                          0x080001cf   Thumb Code     0  startup_stm32f10x_md.o(.text)
    TAMPER_IRQHandler                        0x080001cf   Thumb Code     0  startup_stm32f10x_md.o(.text)
    TIM1_BRK_IRQHandler                      0x080001cf   Thumb Code     0  startup_stm32f10x_md.o(.text)
    TIM1_CC_IRQHandler                       0x080001cf   Thumb Code     0  startup_stm32f10x_md.o(.text)
    TIM1_TRG_COM_IRQHandler                  0x080001cf   Thumb Code     0  startup_stm32f10x_md.o(.text)
    TIM1_UP_IRQHandler                       0x080001cf   Thumb Code     0  startup_stm32f10x_md.o(.text)
    TIM2_IRQHandler                          0x080001cf   Thumb Code     0  startup_stm32f10x_md.o(.text)
    TIM3_IRQHandler                          0x080001cf   Thumb Code     0  startup_stm32f10x_md.o(.text)
    TIM4_IRQHandler                          0x080001cf   Thumb Code     0  startup_stm32f10x_md.o(.text)
    USART1_IRQHandler                        0x080001cf   Thumb Code     0  startup_stm32f10x_md.o(.text)
    USART2_IRQHandler                        0x080001cf   Thumb Code     0  startup_stm32f10x_md.o(.text)
    USART3_IRQHandler                        0x080001cf   Thumb Code     0  startup_stm32f10x_md.o(.text)
    USBWakeUp_IRQHandler                     0x080001cf   Thumb Code     0  startup_stm32f10x_md.o(.text)
    USB_HP_CAN1_TX_IRQHandler                0x080001cf   Thumb Code     0  startup_stm32f10x_md.o(.text)
    USB_LP_CAN1_RX0_IRQHandler               0x080001cf   Thumb Code     0  startup_stm32f10x_md.o(.text)
    WWDG_IRQHandler                          0x080001cf   Thumb Code     0  startup_stm32f10x_md.o(.text)
    __user_initial_stackheap                 0x080001d1   Thumb Code     0  startup_stm32f10x_md.o(.text)
    strlen                                   0x080001f5   Thumb Code    62  strlen.o(.text)
    __use_two_region_memory                  0x08000233   Thumb Code     2  heapauxi.o(.text)
    __rt_heap_escrow$2region                 0x08000235   Thumb Code     2  heapauxi.o(.text)
    __rt_heap_expand$2region                 0x08000237   Thumb Code     2  heapauxi.o(.text)
    __user_setup_stackheap                   0x08000239   Thumb Code    74  sys_stackheap_outer.o(.text)
    exit                                     0x08000283   Thumb Code    18  exit.o(.text)
    __user_libspace                          0x08000295   Thumb Code     8  libspace.o(.text)
    __user_perproc_libspace                  0x08000295   Thumb Code     0  libspace.o(.text)
    __user_perthread_libspace                0x08000295   Thumb Code     0  libspace.o(.text)
    _sys_exit                                0x0800029d   Thumb Code     8  sys_exit.o(.text)
    __I$use$semihosting                      0x080002a9   Thumb Code     0  use_no_semi.o(.text)
    __use_no_semihosting_swi                 0x080002a9   Thumb Code     2  use_no_semi.o(.text)
    __semihosting_library_function           0x080002ab   Thumb Code     0  indicate_semi.o(.text)
    BusFault_Handler                         0x080002ad   Thumb Code     2  cortexmx_rtos.o(.text.BusFault_Handler)
    GPIO_Init                                0x080002ed   Thumb Code   462  stm32f103xx_gpio_driver.o(.text.GPIO_Init)
    GPIO_PeriClockControl                    0x080004bd   Thumb Code   242  stm32f103xx_gpio_driver.o(.text.GPIO_PeriClockControl)
    HardFault_Handler                        0x080005b1   Thumb Code     2  cortexmx_rtos.o(.text.HardFault_Handler)
    MemManage_Handler                        0x080005b5   Thumb Code     2  cortexmx_rtos.o(.text.MemManage_Handler)
    PendSV_Handler                           0x080005b9   Thumb Code     2  cortexmx_rtos.o(.text.PendSV_Handler)
    RCC_AFIOControl                          0x080005bd   Thumb Code    56  stm32f103xx_rcc_driver.o(.text.RCC_AFIOControl)
    RCC_GetPCLK1Value                        0x080005f5   Thumb Code   200  stm32f103xx_rcc_driver.o(.text.RCC_GetPCLK1Value)
    RCC_GetPCLK2Value                        0x080006bd   Thumb Code   192  stm32f103xx_rcc_driver.o(.text.RCC_GetPCLK2Value)
    RCC_GetPLLOutputClock                    0x0800077d   Thumb Code   188  stm32f103xx_rcc_driver.o(.text.RCC_GetPLLOutputClock)
    SysTick_Delayms                          0x08000965   Thumb Code    30  cortexmx_systick_timer.o(.text.SysTick_Delayms)
    SysTick_Init                             0x08000985   Thumb Code   106  cortexmx_systick_timer.o(.text.SysTick_Init)
    SysTick_StartCount                       0x08000a0d   Thumb Code    20  cortexmx_systick_timer.o(.text.SysTick_StartCount)
    SystemInit                               0x08000a21   Thumb Code   102  system_stm32f10x.o(.text.SystemInit)
    USART_GetFlagStatus                      0x08000a89   Thumb Code    42  stm32f103xx_uart_driver.o(.text.USART_GetFlagStatus)
    USART_Init                               0x08000ab5   Thumb Code   364  stm32f103xx_uart_driver.o(.text.USART_Init)
    USART_PeriClockControl                   0x08000c21   Thumb Code   250  stm32f103xx_uart_driver.o(.text.USART_PeriClockControl)
    USART_PeripheralControl                  0x08000d1d   Thumb Code    46  stm32f103xx_uart_driver.o(.text.USART_PeripheralControl)
    USART_PinConfig                          0x08000d4d   Thumb Code   454  stm32f103xx_uart_driver.o(.text.USART_PinConfig)
    USART_SendData                           0x08000f15   Thumb Code   154  stm32f103xx_uart_driver.o(.text.USART_SendData)
    USART_SetBaudRate                        0x08000fb1   Thumb Code   266  stm32f103xx_uart_driver.o(.text.USART_SetBaudRate)
    UsageFault_Handler                       0x080010bd   Thumb Code     2  cortexmx_rtos.o(.text.UsageFault_Handler)
    main                                     0x080010c1   Thumb Code   120  main.o(.text.main)
    __aeabi_dadd                             0x08001139   Thumb Code     0  daddsub_clz.o(x$fpl$dadd)
    _dadd                                    0x08001139   Thumb Code   332  daddsub_clz.o(x$fpl$dadd)
    __fpl_dcmp_Inf                           0x08001289   Thumb Code    24  dcmpi.o(x$fpl$dcmpinf)
    __aeabi_ddiv                             0x080012a1   Thumb Code     0  ddiv.o(x$fpl$ddiv)
    _ddiv                                    0x080012a1   Thumb Code   560  ddiv.o(x$fpl$ddiv)
    __aeabi_cdcmpeq                          0x08001559   Thumb Code     0  deqf.o(x$fpl$deqf)
    _dcmpeq                                  0x08001559   Thumb Code   120  deqf.o(x$fpl$deqf)
    __aeabi_d2uiz                            0x080015d1   Thumb Code     0  dfixu.o(x$fpl$dfixu)
    _dfixu                                   0x080015d1   Thumb Code    90  dfixu.o(x$fpl$dfixu)
    __aeabi_ui2d                             0x0800162b   Thumb Code     0  dflt_clz.o(x$fpl$dfltu)
    _dfltu                                   0x0800162b   Thumb Code    38  dflt_clz.o(x$fpl$dfltu)
    __aeabi_cdcmpge                          0x08001651   Thumb Code     0  dgeqf.o(x$fpl$dgeqf)
    _dcmpge                                  0x08001651   Thumb Code   120  dgeqf.o(x$fpl$dgeqf)
    __aeabi_cdcmple                          0x080016c9   Thumb Code     0  dleqf.o(x$fpl$dleqf)
    _dcmple                                  0x080016c9   Thumb Code   120  dleqf.o(x$fpl$dleqf)
    __fpl_dcmple_InfNaN                      0x0800172b   Thumb Code     0  dleqf.o(x$fpl$dleqf)
    __aeabi_dmul                             0x08001741   Thumb Code     0  dmul.o(x$fpl$dmul)
    _dmul                                    0x08001741   Thumb Code   332  dmul.o(x$fpl$dmul)
    __fpl_dnaninf                            0x08001895   Thumb Code   156  dnaninf.o(x$fpl$dnaninf)
    __fpl_dretinf                            0x08001931   Thumb Code    12  dretinf.o(x$fpl$dretinf)
    __aeabi_dsub                             0x0800193d   Thumb Code     0  daddsub_clz.o(x$fpl$dsub)
    _dsub                                    0x0800193d   Thumb Code   472  daddsub_clz.o(x$fpl$dsub)
    __aeabi_dcmpeq                           0x08001b19   Thumb Code     0  dcmp.o(x$fpl$fcmp)
    _deq                                     0x08001b19   Thumb Code    14  dcmp.o(x$fpl$fcmp)
    _dneq                                    0x08001b27   Thumb Code    14  dcmp.o(x$fpl$fcmp)
    __aeabi_dcmpgt                           0x08001b35   Thumb Code     0  dcmp.o(x$fpl$fcmp)
    _dgr                                     0x08001b35   Thumb Code    14  dcmp.o(x$fpl$fcmp)
    __aeabi_dcmpge                           0x08001b43   Thumb Code     0  dcmp.o(x$fpl$fcmp)
    _dgeq                                    0x08001b43   Thumb Code    14  dcmp.o(x$fpl$fcmp)
    __aeabi_dcmple                           0x08001b51   Thumb Code     0  dcmp.o(x$fpl$fcmp)
    _dleq                                    0x08001b51   Thumb Code    14  dcmp.o(x$fpl$fcmp)
    __aeabi_dcmplt                           0x08001b5f   Thumb Code     0  dcmp.o(x$fpl$fcmp)
    _dls                                     0x08001b5f   Thumb Code    14  dcmp.o(x$fpl$fcmp)
    Region$$Table$$Base                      0x08001b6c   Number         0  anon$$obj.o(Region$$Table)
    __I$use$fp                               0x08001b6c   Number         0  usenofp.o(x$fpl$usenofp)
    Region$$Table$$Limit                     0x08001b8c   Number         0  anon$$obj.o(Region$$Table)
    AHB_PreScaler                            0x20000000   Data          16  stm32f103xx_rcc_driver.o(.data.AHB_PreScaler)
    APB1_PreScaler                           0x20000010   Data           4  stm32f103xx_rcc_driver.o(.data.APB1_PreScaler)
    PLLMUL                                   0x20000018   Data           6  stm32f103xx_rcc_driver.o(.data.PLLMUL)
    mes                                      0x2000001e   Data          20  main.o(.data.mes)
    __libspace_start                         0x20000038   Data          96  libspace.o(.bss)
    __temporary_stack_top$libspace           0x20000098   Data           0  libspace.o(.bss)



==============================================================================

Memory Map of the image

  Image Entry point : 0x080001b5

  Load Region LR_1 (Base: 0x08000000, Size: 0x00001bc4, Max: 0xffffffff, ABSOLUTE)

    Execution Region ER_RO (Exec base: 0x08000000, Load base: 0x08000000, Size: 0x00001b8c, Max: 0xffffffff, ABSOLUTE)

    Exec Addr    Load Addr    Size         Type   Attr      Idx    E Section Name        Object

    0x08000000   0x08000000   0x000000ec   Data   RO          257    RESET               startup_stm32f10x_md.o
    0x080000ec   0x080000ec   0x00000008   Code   RO          287  * !!!main             c_w.l(__main.o)
    0x080000f4   0x080000f4   0x0000005c   Code   RO          489    !!!scatter          c_w.l(__scatter.o)
    0x08000150   0x08000150   0x0000001a   Code   RO          493    !!handler_copy      c_w.l(__scatter_copy.o)
    0x0800016a   0x0800016a   0x00000002   PAD
    0x0800016c   0x0800016c   0x00000002   Code   RO          490    !!handler_null      c_w.l(__scatter.o)
    0x0800016e   0x0800016e   0x00000002   PAD
    0x08000170   0x08000170   0x0000001c   Code   RO          495    !!handler_zi        c_w.l(__scatter_zi.o)
    0x0800018c   0x0800018c   0x00000002   Code   RO          351    .ARM.Collect$$libinit$$00000000  c_w.l(libinit.o)
    0x0800018e   0x0800018e   0x00000000   Code   RO          358    .ARM.Collect$$libinit$$00000002  c_w.l(libinit2.o)
    0x0800018e   0x0800018e   0x00000000   Code   RO          360    .ARM.Collect$$libinit$$00000004  c_w.l(libinit2.o)
    0x0800018e   0x0800018e   0x00000000   Code   RO          362    .ARM.Collect$$libinit$$00000006  c_w.l(libinit2.o)
    0x0800018e   0x0800018e   0x00000000   Code   RO          365    .ARM.Collect$$libinit$$0000000C  c_w.l(libinit2.o)
    0x0800018e   0x0800018e   0x00000000   Code   RO          367    .ARM.Collect$$libinit$$0000000E  c_w.l(libinit2.o)
    0x0800018e   0x0800018e   0x00000000   Code   RO          369    .ARM.Collect$$libinit$$00000010  c_w.l(libinit2.o)
    0x0800018e   0x0800018e   0x00000000   Code   RO          372    .ARM.Collect$$libinit$$00000013  c_w.l(libinit2.o)
    0x0800018e   0x0800018e   0x00000000   Code   RO          374    .ARM.Collect$$libinit$$00000015  c_w.l(libinit2.o)
    0x0800018e   0x0800018e   0x00000000   Code   RO          376    .ARM.Collect$$libinit$$00000017  c_w.l(libinit2.o)
    0x0800018e   0x0800018e   0x00000000   Code   RO          378    .ARM.Collect$$libinit$$00000019  c_w.l(libinit2.o)
    0x0800018e   0x0800018e   0x00000000   Code   RO          380    .ARM.Collect$$libinit$$0000001B  c_w.l(libinit2.o)
    0x0800018e   0x0800018e   0x00000000   Code   RO          382    .ARM.Collect$$libinit$$0000001D  c_w.l(libinit2.o)
    0x0800018e   0x0800018e   0x00000000   Code   RO          384    .ARM.Collect$$libinit$$0000001F  c_w.l(libinit2.o)
    0x0800018e   0x0800018e   0x00000000   Code   RO          386    .ARM.Collect$$libinit$$00000021  c_w.l(libinit2.o)
    0x0800018e   0x0800018e   0x00000000   Code   RO          388    .ARM.Collect$$libinit$$00000023  c_w.l(libinit2.o)
    0x0800018e   0x0800018e   0x00000000   Code   RO          390    .ARM.Collect$$libinit$$00000025  c_w.l(libinit2.o)
    0x0800018e   0x0800018e   0x00000000   Code   RO          392    .ARM.Collect$$libinit$$00000027  c_w.l(libinit2.o)
    0x0800018e   0x0800018e   0x00000000   Code   RO          396    .ARM.Collect$$libinit$$0000002E  c_w.l(libinit2.o)
    0x0800018e   0x0800018e   0x00000000   Code   RO          398    .ARM.Collect$$libinit$$00000030  c_w.l(libinit2.o)
    0x0800018e   0x0800018e   0x00000000   Code   RO          400    .ARM.Collect$$libinit$$00000032  c_w.l(libinit2.o)
    0x0800018e   0x0800018e   0x00000000   Code   RO          402    .ARM.Collect$$libinit$$00000034  c_w.l(libinit2.o)
    0x0800018e   0x0800018e   0x00000002   Code   RO          403    .ARM.Collect$$libinit$$00000035  c_w.l(libinit2.o)
    0x08000190   0x08000190   0x00000002   Code   RO          425    .ARM.Collect$$libshutdown$$00000000  c_w.l(libshutdown.o)
    0x08000192   0x08000192   0x00000000   Code   RO          440    .ARM.Collect$$libshutdown$$00000002  c_w.l(libshutdown2.o)
    0x08000192   0x08000192   0x00000000   Code   RO          442    .ARM.Collect$$libshutdown$$00000004  c_w.l(libshutdown2.o)
    0x08000192   0x08000192   0x00000000   Code   RO          445    .ARM.Collect$$libshutdown$$00000007  c_w.l(libshutdown2.o)
    0x08000192   0x08000192   0x00000000   Code   RO          448    .ARM.Collect$$libshutdown$$0000000A  c_w.l(libshutdown2.o)
    0x08000192   0x08000192   0x00000000   Code   RO          450    .ARM.Collect$$libshutdown$$0000000C  c_w.l(libshutdown2.o)
    0x08000192   0x08000192   0x00000000   Code   RO          453    .ARM.Collect$$libshutdown$$0000000F  c_w.l(libshutdown2.o)
    0x08000192   0x08000192   0x00000002   Code   RO          454    .ARM.Collect$$libshutdown$$00000010  c_w.l(libshutdown2.o)
    0x08000194   0x08000194   0x00000000   Code   RO          313    .ARM.Collect$$rtentry$$00000000  c_w.l(__rtentry.o)
    0x08000194   0x08000194   0x00000000   Code   RO          326    .ARM.Collect$$rtentry$$00000002  c_w.l(__rtentry2.o)
    0x08000194   0x08000194   0x00000006   Code   RO          338    .ARM.Collect$$rtentry$$00000004  c_w.l(__rtentry4.o)
    0x0800019a   0x0800019a   0x00000000   Code   RO          328    .ARM.Collect$$rtentry$$00000009  c_w.l(__rtentry2.o)
    0x0800019a   0x0800019a   0x00000004   Code   RO          329    .ARM.Collect$$rtentry$$0000000A  c_w.l(__rtentry2.o)
    0x0800019e   0x0800019e   0x00000000   Code   RO          331    .ARM.Collect$$rtentry$$0000000C  c_w.l(__rtentry2.o)
    0x0800019e   0x0800019e   0x00000008   Code   RO          332    .ARM.Collect$$rtentry$$0000000D  c_w.l(__rtentry2.o)
    0x080001a6   0x080001a6   0x00000002   Code   RO          355    .ARM.Collect$$rtexit$$00000000  c_w.l(rtexit.o)
    0x080001a8   0x080001a8   0x00000000   Code   RO          405    .ARM.Collect$$rtexit$$00000002  c_w.l(rtexit2.o)
    0x080001a8   0x080001a8   0x00000004   Code   RO          406    .ARM.Collect$$rtexit$$00000003  c_w.l(rtexit2.o)
    0x080001ac   0x080001ac   0x00000006   Code   RO          407    .ARM.Collect$$rtexit$$00000004  c_w.l(rtexit2.o)
    0x080001b2   0x080001b2   0x00000002   PAD
    0x080001b4   0x080001b4   0x00000040   Code   RO          258  * .text               startup_stm32f10x_md.o
    0x080001f4   0x080001f4   0x0000003e   Code   RO          283    .text               c_w.l(strlen.o)
    0x08000232   0x08000232   0x00000006   Code   RO          285    .text               c_w.l(heapauxi.o)
    0x08000238   0x08000238   0x0000004a   Code   RO          342    .text               c_w.l(sys_stackheap_outer.o)
    0x08000282   0x08000282   0x00000012   Code   RO          344    .text               c_w.l(exit.o)
    0x08000294   0x08000294   0x00000008   Code   RO          352    .text               c_w.l(libspace.o)
    0x0800029c   0x0800029c   0x0000000c   Code   RO          415    .text               c_w.l(sys_exit.o)
    0x080002a8   0x080002a8   0x00000002   Code   RO          430    .text               c_w.l(use_no_semi.o)
    0x080002aa   0x080002aa   0x00000000   Code   RO          432    .text               c_w.l(indicate_semi.o)
    0x080002aa   0x080002aa   0x00000002   PAD
    0x080002ac   0x080002ac   0x00000002   Code   RO           39    .text.BusFault_Handler  cortexmx_rtos.o
    0x080002ae   0x080002ae   0x00000002   PAD
    0x080002b0   0x080002b0   0x0000003c   Code   RO           60    .text.Delayms       cortexmx_systick_timer.o
    0x080002ec   0x080002ec   0x000001ce   Code   RO           95    .text.GPIO_Init     stm32f103xx_gpio_driver.o
    0x080004ba   0x080004ba   0x00000002   PAD
    0x080004bc   0x080004bc   0x000000f2   Code   RO           93    .text.GPIO_PeriClockControl  stm32f103xx_gpio_driver.o
    0x080005ae   0x080005ae   0x00000002   PAD
    0x080005b0   0x080005b0   0x00000002   Code   RO           35    .text.HardFault_Handler  cortexmx_rtos.o
    0x080005b2   0x080005b2   0x00000002   PAD
    0x080005b4   0x080005b4   0x00000002   Code   RO           37    .text.MemManage_Handler  cortexmx_rtos.o
    0x080005b6   0x080005b6   0x00000002   PAD
    0x080005b8   0x080005b8   0x00000002   Code   RO           33    .text.PendSV_Handler  cortexmx_rtos.o
    0x080005ba   0x080005ba   0x00000002   PAD
    0x080005bc   0x080005bc   0x00000038   Code   RO           75    .text.RCC_AFIOControl  stm32f103xx_rcc_driver.o
    0x080005f4   0x080005f4   0x000000c8   Code   RO           77    .text.RCC_GetPCLK1Value  stm32f103xx_rcc_driver.o
    0x080006bc   0x080006bc   0x000000c0   Code   RO           81    .text.RCC_GetPCLK2Value  stm32f103xx_rcc_driver.o
    0x0800077c   0x0800077c   0x000000bc   Code   RO           79    .text.RCC_GetPLLOutputClock  stm32f103xx_rcc_driver.o
    0x08000838   0x08000838   0x00000008   Code   RO          267    .text.SetSysClock   system_stm32f10x.o
    0x08000840   0x08000840   0x00000122   Code   RO          271    .text.SetSysClockTo72  system_stm32f10x.o
    0x08000962   0x08000962   0x00000002   PAD
    0x08000964   0x08000964   0x0000001e   Code   RO           58    .text.SysTick_Delayms  cortexmx_systick_timer.o
    0x08000982   0x08000982   0x00000002   PAD
    0x08000984   0x08000984   0x0000006a   Code   RO           50    .text.SysTick_Init  cortexmx_systick_timer.o
    0x080009ee   0x080009ee   0x00000002   PAD
    0x080009f0   0x080009f0   0x0000001c   Code   RO           52    .text.SysTick_LoadValue  cortexmx_systick_timer.o
    0x08000a0c   0x08000a0c   0x00000014   Code   RO           56    .text.SysTick_StartCount  cortexmx_systick_timer.o
    0x08000a20   0x08000a20   0x00000066   Code   RO          265    .text.SystemInit    system_stm32f10x.o
    0x08000a86   0x08000a86   0x00000002   PAD
    0x08000a88   0x08000a88   0x0000002a   Code   RO          139    .text.USART_GetFlagStatus  stm32f103xx_uart_driver.o
    0x08000ab2   0x08000ab2   0x00000002   PAD
    0x08000ab4   0x08000ab4   0x0000016c   Code   RO          131    .text.USART_Init    stm32f103xx_uart_driver.o
    0x08000c20   0x08000c20   0x000000fa   Code   RO          129    .text.USART_PeriClockControl  stm32f103xx_uart_driver.o
    0x08000d1a   0x08000d1a   0x00000002   PAD
    0x08000d1c   0x08000d1c   0x0000002e   Code   RO          141    .text.USART_PeripheralControl  stm32f103xx_uart_driver.o
    0x08000d4a   0x08000d4a   0x00000002   PAD
    0x08000d4c   0x08000d4c   0x000001c6   Code   RO          133    .text.USART_PinConfig  stm32f103xx_uart_driver.o
    0x08000f12   0x08000f12   0x00000002   PAD
    0x08000f14   0x08000f14   0x0000009a   Code   RO          145    .text.USART_SendData  stm32f103xx_uart_driver.o
    0x08000fae   0x08000fae   0x00000002   PAD
    0x08000fb0   0x08000fb0   0x0000010a   Code   RO          135    .text.USART_SetBaudRate  stm32f103xx_uart_driver.o
    0x080010ba   0x080010ba   0x00000002   PAD
    0x080010bc   0x080010bc   0x00000002   Code   RO           41    .text.UsageFault_Handler  cortexmx_rtos.o
    0x080010be   0x080010be   0x00000002   PAD
    0x080010c0   0x080010c0   0x00000078   Code   RO            2    .text.main          main.o
    0x08001138   0x08001138   0x00000150   Code   RO          289    x$fpl$dadd          fz_ws.l(daddsub_clz.o)
    0x08001288   0x08001288   0x00000018   Code   RO          340    x$fpl$dcmpinf       fz_ws.l(dcmpi.o)
    0x080012a0   0x080012a0   0x000002b8   Code   RO          298    x$fpl$ddiv          fz_ws.l(ddiv.o)
    0x08001558   0x08001558   0x00000078   Code   RO          314    x$fpl$deqf          fz_ws.l(deqf.o)
    0x080015d0   0x080015d0   0x0000005a   Code   RO          301    x$fpl$dfixu         fz_ws.l(dfixu.o)
    0x0800162a   0x0800162a   0x00000026   Code   RO          305    x$fpl$dfltu         fz_ws.l(dflt_clz.o)
    0x08001650   0x08001650   0x00000078   Code   RO          316    x$fpl$dgeqf         fz_ws.l(dgeqf.o)
    0x080016c8   0x080016c8   0x00000078   Code   RO          318    x$fpl$dleqf         fz_ws.l(dleqf.o)
    0x08001740   0x08001740   0x00000154   Code   RO          311    x$fpl$dmul          fz_ws.l(dmul.o)
    0x08001894   0x08001894   0x0000009c   Code   RO          320    x$fpl$dnaninf       fz_ws.l(dnaninf.o)
    0x08001930   0x08001930   0x0000000c   Code   RO          322    x$fpl$dretinf       fz_ws.l(dretinf.o)
    0x0800193c   0x0800193c   0x000001dc   Code   RO          291    x$fpl$dsub          fz_ws.l(daddsub_clz.o)
    0x08001b18   0x08001b18   0x00000054   Code   RO          295    x$fpl$fcmp          fz_ws.l(dcmp.o)
    0x08001b6c   0x08001b6c   0x00000000   Code   RO          324    x$fpl$usenofp       fz_ws.l(usenofp.o)
    0x08001b6c   0x08001b6c   0x00000020   Data   RO          488    Region$$Table       anon$$obj.o


    Execution Region ER_RW (Exec base: 0x20000000, Load base: 0x08001b8c, Size: 0x00000038, Max: 0xffffffff, ABSOLUTE)

    Exec Addr    Load Addr    Size         Type   Attr      Idx    E Section Name        Object

    0x20000000   0x08001b8c   0x00000010   Data   RW           83    .data.AHB_PreScaler  stm32f103xx_rcc_driver.o
    0x20000010   0x08001b9c   0x00000004   Data   RW           84    .data.APB1_PreScaler  stm32f103xx_rcc_driver.o
    0x20000014   0x08001ba0   0x00000004   Data   RW           67    .data.CoreClock     cortexmx_systick_timer.o
    0x20000018   0x08001ba4   0x00000006   Data   RW           85    .data.PLLMUL        stm32f103xx_rcc_driver.o
    0x2000001e   0x08001baa   0x00000014   Data   RW            4    .data.mes           main.o
    0x20000032   0x08001bbe   0x00000002   PAD
    0x20000034   0x08001bc0   0x00000004   Data   RW           66    .data.pSTK          cortexmx_systick_timer.o


    Execution Region ER_ZI (Exec base: 0x20000038, Load base: 0x08001bc4, Size: 0x00000660, Max: 0xffffffff, ABSOLUTE)

    Exec Addr    Load Addr    Size         Type   Attr      Idx    E Section Name        Object

    0x20000038        -       0x00000060   Zero   RW          353    .bss                c_w.l(libspace.o)
    0x20000098        -       0x00000200   Zero   RW          256    HEAP                startup_stm32f10x_md.o
    0x20000298        -       0x00000400   Zero   RW          255    STACK               startup_stm32f10x_md.o


==============================================================================

Image component sizes


      Code (inc. data)   RO Data    RW Data    ZI Data      Debug   Object Name

        10          0          0          0          0        717   cortexmx_rtos.o
       244          0          0          8          0       1963   cortexmx_systick_timer.o
       120          0          0         20          0       1589   main.o
        64         26        236          0       1536        836   startup_stm32f10x_md.o
       704          0          0          0          0       4336   stm32f103xx_gpio_driver.o
       636          0          0         26          0       2301   stm32f103xx_rcc_driver.o
      1576          0          0          0          0       6678   stm32f103xx_uart_driver.o
       400          0          0          0          0       2985   system_stm32f10x.o

    ----------------------------------------------------------------------
      3788         26        268         56       1536      21405   Object Totals
         0          0         32          0          0          0   (incl. Generated)
        34          0          0          2          0          0   (incl. Padding)

    ----------------------------------------------------------------------

      Code (inc. data)   RO Data    RW Data    ZI Data      Debug   Library Member Name

         8          0          0          0          0         68   __main.o
         0          0          0          0          0          0   __rtentry.o
        12          0          0          0          0          0   __rtentry2.o
         6          0          0          0          0          0   __rtentry4.o
        94          8          0          0          0          0   __scatter.o
        26          0          0          0          0          0   __scatter_copy.o
        28          0          0          0          0          0   __scatter_zi.o
        18          0          0          0          0         80   exit.o
         6          0          0          0          0        152   heapauxi.o
         0          0          0          0          0          0   indicate_semi.o
         2          0          0          0          0          0   libinit.o
         2          0          0          0          0          0   libinit2.o
         2          0          0          0          0          0   libshutdown.o
         2          0          0          0          0          0   libshutdown2.o
         8          4          0          0         96         68   libspace.o
         2          0          0          0          0          0   rtexit.o
        10          0          0          0          0          0   rtexit2.o
        62          0          0          0          0         76   strlen.o
        12          4          0          0          0         68   sys_exit.o
        74          0          0          0          0         80   sys_stackheap_outer.o
         2          0          0          0          0         68   use_no_semi.o
       812         16          0          0          0        296   daddsub_clz.o
        84          0          0          0          0        196   dcmp.o
        24          0          0          0          0         68   dcmpi.o
       696        140          0          0          0        216   ddiv.o
       120          4          0          0          0         92   deqf.o
        90          4          0          0          0         92   dfixu.o
        38          0          0          0          0         68   dflt_clz.o
       120          4          0          0          0         92   dgeqf.o
       120          4          0          0          0         92   dleqf.o
       340         12          0          0          0        104   dmul.o
       156          4          0          0          0         92   dnaninf.o
        12          0          0          0          0         68   dretinf.o
         0          0          0          0          0          0   usenofp.o

    ----------------------------------------------------------------------
      2996        204          0          0         96       2136   Library Totals
         8          0          0          0          0          0   (incl. Padding)

    ----------------------------------------------------------------------

      Code (inc. data)   RO Data    RW Data    ZI Data      Debug   Library Name

       376         16          0          0         96        660   c_w.l
      2612        188          0          0          0       1476   fz_ws.l

    ----------------------------------------------------------------------
      2996        204          0          0         96       2136   Library Totals

    ----------------------------------------------------------------------

==============================================================================


      Code (inc. data)   RO Data    RW Data    ZI Data      Debug   

      6784        230        268         56       1632      22653   Grand Totals
      6784        230        268         56       1632      22653   ELF Image Totals
      6784        230        268         56          0          0   ROM Totals

==============================================================================

    Total RO  Size (Code + RO Data)                 7052 (   6.89kB)
    Total RW  Size (RW Data + ZI Data)              1688 (   1.65kB)
    Total ROM Size (Code + RO Data + RW Data)       7108 (   6.94kB)

==============================================================================

